Archive member included to satisfy reference by file (symbol)

d:/msys64/mingw64/bin/../lib/gcc/arm-none-eabi/12.2.0/../../../../arm-none-eabi/lib/thumb/v7-m/nofp\libc_nano.a(lib_a-atexit.o)
                              d:/msys64/mingw64/bin/../lib/gcc/arm-none-eabi/12.2.0/../../../../arm-none-eabi/lib/thumb/v7-m/nofp/crt0.o (atexit)
d:/msys64/mingw64/bin/../lib/gcc/arm-none-eabi/12.2.0/../../../../arm-none-eabi/lib/thumb/v7-m/nofp\libc_nano.a(lib_a-errno.o)
                              build/sysmem.o (__errno)
d:/msys64/mingw64/bin/../lib/gcc/arm-none-eabi/12.2.0/../../../../arm-none-eabi/lib/thumb/v7-m/nofp\libc_nano.a(lib_a-exit.o)
                              d:/msys64/mingw64/bin/../lib/gcc/arm-none-eabi/12.2.0/../../../../arm-none-eabi/lib/thumb/v7-m/nofp/crt0.o (exit)
d:/msys64/mingw64/bin/../lib/gcc/arm-none-eabi/12.2.0/../../../../arm-none-eabi/lib/thumb/v7-m/nofp\libc_nano.a(lib_a-fini.o)
                              d:/msys64/mingw64/bin/../lib/gcc/arm-none-eabi/12.2.0/../../../../arm-none-eabi/lib/thumb/v7-m/nofp/crt0.o (__libc_fini_array)
d:/msys64/mingw64/bin/../lib/gcc/arm-none-eabi/12.2.0/../../../../arm-none-eabi/lib/thumb/v7-m/nofp\libc_nano.a(lib_a-impure.o)
                              d:/msys64/mingw64/bin/../lib/gcc/arm-none-eabi/12.2.0/../../../../arm-none-eabi/lib/thumb/v7-m/nofp\libc_nano.a(lib_a-exit.o) (_global_impure_ptr)
d:/msys64/mingw64/bin/../lib/gcc/arm-none-eabi/12.2.0/../../../../arm-none-eabi/lib/thumb/v7-m/nofp\libc_nano.a(lib_a-init.o)
                              d:/msys64/mingw64/bin/../lib/gcc/arm-none-eabi/12.2.0/../../../../arm-none-eabi/lib/thumb/v7-m/nofp/crt0.o (__libc_init_array)
d:/msys64/mingw64/bin/../lib/gcc/arm-none-eabi/12.2.0/../../../../arm-none-eabi/lib/thumb/v7-m/nofp\libc_nano.a(lib_a-memcpy.o)
                              build/main.o (memcpy)
d:/msys64/mingw64/bin/../lib/gcc/arm-none-eabi/12.2.0/../../../../arm-none-eabi/lib/thumb/v7-m/nofp\libc_nano.a(lib_a-memset.o)
                              d:/msys64/mingw64/bin/../lib/gcc/arm-none-eabi/12.2.0/../../../../arm-none-eabi/lib/thumb/v7-m/nofp/crt0.o (memset)
d:/msys64/mingw64/bin/../lib/gcc/arm-none-eabi/12.2.0/../../../../arm-none-eabi/lib/thumb/v7-m/nofp\libc_nano.a(lib_a-__atexit.o)
                              d:/msys64/mingw64/bin/../lib/gcc/arm-none-eabi/12.2.0/../../../../arm-none-eabi/lib/thumb/v7-m/nofp\libc_nano.a(lib_a-atexit.o) (__register_exitproc)
d:/msys64/mingw64/bin/../lib/gcc/arm-none-eabi/12.2.0/../../../../arm-none-eabi/lib/thumb/v7-m/nofp\libc_nano.a(lib_a-__call_atexit.o)
                              d:/msys64/mingw64/bin/../lib/gcc/arm-none-eabi/12.2.0/../../../../arm-none-eabi/lib/thumb/v7-m/nofp\libc_nano.a(lib_a-__atexit.o) (__call_exitprocs)
d:/msys64/mingw64/bin/../lib/gcc/arm-none-eabi/12.2.0/../../../../arm-none-eabi/lib/thumb/v7-m/nofp\libc_nano.a(lib_a-lock.o)
                              d:/msys64/mingw64/bin/../lib/gcc/arm-none-eabi/12.2.0/../../../../arm-none-eabi/lib/thumb/v7-m/nofp\libc_nano.a(lib_a-__atexit.o) (__retarget_lock_acquire_recursive)
d:/msys64/mingw64/bin/../lib/gcc/arm-none-eabi/12.2.0/thumb/v7-m/nofp\libgcc.a(_arm_muldf3.o)
                              build/Battery.o (__aeabi_dmul)
d:/msys64/mingw64/bin/../lib/gcc/arm-none-eabi/12.2.0/thumb/v7-m/nofp\libgcc.a(_arm_mulsf3.o)
                              build/UI.o (__aeabi_fmul)
d:/msys64/mingw64/bin/../lib/gcc/arm-none-eabi/12.2.0/thumb/v7-m/nofp\libgcc.a(_arm_addsubdf3.o)
                              build/Battery.o (__aeabi_f2d)
d:/msys64/mingw64/bin/../lib/gcc/arm-none-eabi/12.2.0/thumb/v7-m/nofp\libgcc.a(_arm_cmpdf2.o)
                              build/Battery.o (__aeabi_dcmpgt)
d:/msys64/mingw64/bin/../lib/gcc/arm-none-eabi/12.2.0/thumb/v7-m/nofp\libgcc.a(_arm_truncdfsf2.o)
                              build/Battery.o (__aeabi_d2f)
d:/msys64/mingw64/bin/../lib/gcc/arm-none-eabi/12.2.0/thumb/v7-m/nofp\libgcc.a(_arm_addsubsf3.o)
                              build/Battery.o (__aeabi_fadd)
d:/msys64/mingw64/bin/../lib/gcc/arm-none-eabi/12.2.0/thumb/v7-m/nofp\libgcc.a(_arm_muldivsf3.o)
                              build/Battery.o (__aeabi_fdiv)
d:/msys64/mingw64/bin/../lib/gcc/arm-none-eabi/12.2.0/thumb/v7-m/nofp\libgcc.a(_arm_cmpsf2.o)
                              build/Battery.o (__aeabi_fcmplt)
d:/msys64/mingw64/bin/../lib/gcc/arm-none-eabi/12.2.0/thumb/v7-m/nofp\libgcc.a(_arm_fixsfsi.o)
                              build/UI.o (__aeabi_f2iz)

Discarded input sections

 .text          0x0000000000000000        0x0 d:/msys64/mingw64/bin/../lib/gcc/arm-none-eabi/12.2.0/thumb/v7-m/nofp/crti.o
 .data          0x0000000000000000        0x0 d:/msys64/mingw64/bin/../lib/gcc/arm-none-eabi/12.2.0/thumb/v7-m/nofp/crti.o
 .bss           0x0000000000000000        0x0 d:/msys64/mingw64/bin/../lib/gcc/arm-none-eabi/12.2.0/thumb/v7-m/nofp/crti.o
 .text          0x0000000000000000        0x0 d:/msys64/mingw64/bin/../lib/gcc/arm-none-eabi/12.2.0/thumb/v7-m/nofp/crtbegin.o
[...]
Memory Configuration

Name             Origin             Length             Attributes
RAM              0x0000000020000000 0x000000000000c000 xrw
FLASH            0x0000000008000000 0x0000000000040000 xr
*default*        0x0000000000000000 0xffffffffffffffff

Linker script and memory map

LOAD d:/msys64/mingw64/bin/../lib/gcc/arm-none-eabi/12.2.0/thumb/v7-m/nofp/crti.o
LOAD d:/msys64/mingw64/bin/../lib/gcc/arm-none-eabi/12.2.0/thumb/v7-m/nofp/crtbegin.o
LOAD d:/msys64/mingw64/bin/../lib/gcc/arm-none-eabi/12.2.0/../../../../arm-none-eabi/lib/thumb/v7-m/nofp/crt0.o
LOAD build/main.o
LOAD build/gpio.o
LOAD build/adc.o
LOAD build/i2c.o
LOAD build/stm32f1xx_it.o
LOAD build/stm32f1xx_hal_msp.o
LOAD build/stm32f1xx_hal_gpio_ex.o
LOAD build/stm32f1xx_hal_adc.o
LOAD build/stm32f1xx_hal_adc_ex.o
LOAD build/stm32f1xx_hal.o
LOAD build/stm32f1xx_hal_rcc.o
LOAD build/stm32f1xx_hal_rcc_ex.o
LOAD build/stm32f1xx_hal_gpio.o
LOAD build/stm32f1xx_hal_dma.o
LOAD build/stm32f1xx_hal_cortex.o
LOAD build/stm32f1xx_hal_pwr.o
LOAD build/stm32f1xx_hal_flash.o
LOAD build/stm32f1xx_hal_flash_ex.o
LOAD build/stm32f1xx_hal_exti.o
LOAD build/stm32f1xx_hal_i2c.o
LOAD build/stm32f1xx_hal_tim.o
LOAD build/stm32f1xx_hal_tim_ex.o
LOAD build/system_stm32f1xx.o
LOAD build/sysmem.o
LOAD build/syscalls.o
LOAD build/oled.o
LOAD build/ADS1015.o
LOAD build/Battery.o
LOAD build/UI.o
LOAD build/FSM.o
LOAD build/tim.o
LOAD build/startup_stm32f103xe.o
LOAD d:/msys64/mingw64/bin/../lib/gcc/arm-none-eabi/12.2.0/../../../../arm-none-eabi/lib/thumb/v7-m/nofp\libc_nano.a
LOAD d:/msys64/mingw64/bin/../lib/gcc/arm-none-eabi/12.2.0/../../../../arm-none-eabi/lib/thumb/v7-m/nofp\libm.a
LOAD d:/msys64/mingw64/bin/../lib/gcc/arm-none-eabi/12.2.0/../../../../arm-none-eabi/lib/thumb/v7-m/nofp\libnosys.a
START GROUP
LOAD d:/msys64/mingw64/bin/../lib/gcc/arm-none-eabi/12.2.0/thumb/v7-m/nofp\libgcc.a
LOAD d:/msys64/mingw64/bin/../lib/gcc/arm-none-eabi/12.2.0/../../../../arm-none-eabi/lib/thumb/v7-m/nofp\libc_nano.a
END GROUP
START GROUP
LOAD d:/msys64/mingw64/bin/../lib/gcc/arm-none-eabi/12.2.0/thumb/v7-m/nofp\libgcc.a
LOAD d:/msys64/mingw64/bin/../lib/gcc/arm-none-eabi/12.2.0/../../../../arm-none-eabi/lib/thumb/v7-m/nofp\libc_nano.a
END GROUP
LOAD d:/msys64/mingw64/bin/../lib/gcc/arm-none-eabi/12.2.0/thumb/v7-m/nofp/crtend.o
LOAD d:/msys64/mingw64/bin/../lib/gcc/arm-none-eabi/12.2.0/thumb/v7-m/nofp/crtn.o
                0x000000002000c000                _estack = (ORIGIN (RAM) + LENGTH (RAM))
                0x0000000000000200                _Min_Heap_Size = 0x200
                0x0000000000000400                _Min_Stack_Size = 0x400

.isr_vector     0x0000000008000000      0x1e4
                0x0000000008000000                . = ALIGN (0x4)
 *(.isr_vector)
 .isr_vector    0x0000000008000000      0x1e4 build/startup_stm32f103xe.o
                0x0000000008000000                g_pfnVectors
                0x00000000080001e4                . = ALIGN (0x4)

.text           0x00000000080001e8     0x8cd4
                0x00000000080001e8                . = ALIGN (0x4)
 *(.text)
 .text          0x00000000080001e8       0x48 d:/msys64/mingw64/bin/../lib/gcc/arm-none-eabi/12.2.0/../../../../arm-none-eabi/lib/thumb/v7-m/nofp\libc_nano.a(lib_a-init.o)
                0x00000000080001e8                __libc_init_array
 .text          0x0000000008000230       0xec d:/msys64/mingw64/bin/../lib/gcc/arm-none-eabi/12.2.0/../../../../arm-none-eabi/lib/thumb/v7-m/nofp\libc_nano.a(lib_a-memcpy.o)
                0x0000000008000230                memcpy
 .text          0x000000000800031c       0xa4 d:/msys64/mingw64/bin/../lib/gcc/arm-none-eabi/12.2.0/../../../../arm-none-eabi/lib/thumb/v7-m/nofp\libc_nano.a(lib_a-memset.o)
                0x000000000800031c                memset
 .text          0x00000000080003c0      0x254 d:/msys64/mingw64/bin/../lib/gcc/arm-none-eabi/12.2.0/thumb/v7-m/nofp\libgcc.a(_arm_muldf3.o)
                0x00000000080003c0                __muldf3
                0x00000000080003c0                __aeabi_dmul
 .text          0x0000000008000614      0x378 d:/msys64/mingw64/bin/../lib/gcc/arm-none-eabi/12.2.0/thumb/v7-m/nofp\libgcc.a(_arm_addsubdf3.o)
                0x0000000008000614                __aeabi_drsub
                0x000000000800061c                __aeabi_dsub
                0x000000000800061c                __subdf3
                0x0000000008000620                __aeabi_dadd
                0x0000000008000620                __adddf3
                0x0000000008000898                __floatunsidf
                0x0000000008000898                __aeabi_ui2d
                0x00000000080008b8                __floatsidf
                0x00000000080008b8                __aeabi_i2d
                0x00000000080008dc                __aeabi_f2d
                0x00000000080008dc                __extendsfdf2
                0x0000000008000920                __floatundidf
                0x0000000008000920                __aeabi_ul2d
                0x0000000008000930                __floatdidf
                0x0000000008000930                __aeabi_l2d
 .text          0x000000000800098c      0x110 d:/msys64/mingw64/bin/../lib/gcc/arm-none-eabi/12.2.0/thumb/v7-m/nofp\libgcc.a(_arm_cmpdf2.o)
                0x000000000800098c                __gtdf2
                0x000000000800098c                __gedf2
                0x0000000008000994                __ltdf2
                0x0000000008000994                __ledf2
                0x000000000800099c                __nedf2
                0x000000000800099c                __eqdf2
                0x000000000800099c                __cmpdf2
                0x0000000008000a18                __aeabi_cdrcmple
                0x0000000008000a28                __aeabi_cdcmpeq
                0x0000000008000a28                __aeabi_cdcmple
                0x0000000008000a38                __aeabi_dcmpeq
                0x0000000008000a4c                __aeabi_dcmplt
                0x0000000008000a60                __aeabi_dcmple
                0x0000000008000a74                __aeabi_dcmpge
                0x0000000008000a88                __aeabi_dcmpgt
 .text          0x0000000008000a9c       0xa0 d:/msys64/mingw64/bin/../lib/gcc/arm-none-eabi/12.2.0/thumb/v7-m/nofp\libgcc.a(_arm_truncdfsf2.o)
                0x0000000008000a9c                __truncdfsf2
                0x0000000008000a9c                __aeabi_d2f
 .text          0x0000000008000b3c      0x21c d:/msys64/mingw64/bin/../lib/gcc/arm-none-eabi/12.2.0/thumb/v7-m/nofp\libgcc.a(_arm_addsubsf3.o)
                0x0000000008000b3c                __aeabi_frsub
                0x0000000008000b44                __subsf3
                0x0000000008000b44                __aeabi_fsub
                0x0000000008000b48                __aeabi_fadd
                0x0000000008000b48                __addsf3
                0x0000000008000ca8                __aeabi_ui2f
                0x0000000008000ca8                __floatunsisf
                0x0000000008000cb0                __aeabi_i2f
                0x0000000008000cb0                __floatsisf
                0x0000000008000ccc                __aeabi_ul2f
                0x0000000008000ccc                __floatundisf
                0x0000000008000cdc                __aeabi_l2f
                0x0000000008000cdc                __floatdisf
 .text          0x0000000008000d58      0x2a0 d:/msys64/mingw64/bin/../lib/gcc/arm-none-eabi/12.2.0/thumb/v7-m/nofp\libgcc.a(_arm_muldivsf3.o)
                0x0000000008000d58                __mulsf3
                0x0000000008000d58                __aeabi_fmul
                0x0000000008000ec0                __aeabi_fdiv
                0x0000000008000ec0                __divsf3
 .text          0x0000000008000ff8       0xec d:/msys64/mingw64/bin/../lib/gcc/arm-none-eabi/12.2.0/thumb/v7-m/nofp\libgcc.a(_arm_cmpsf2.o)
                0x0000000008000ff8                __gesf2
                0x0000000008000ff8                __gtsf2
                0x0000000008001000                __lesf2
                0x0000000008001000                __ltsf2
                0x0000000008001008                __nesf2
                0x0000000008001008                __eqsf2
                0x0000000008001008                __cmpsf2
                0x0000000008001068                __aeabi_cfrcmple
                0x0000000008001070                __aeabi_cfcmpeq
                0x0000000008001070                __aeabi_cfcmple
                0x0000000008001080                __aeabi_fcmpeq
                0x0000000008001094                __aeabi_fcmplt
                0x00000000080010a8                __aeabi_fcmple
                0x00000000080010bc                __aeabi_fcmpge
                0x00000000080010d0                __aeabi_fcmpgt
 .text          0x00000000080010e4       0x4c d:/msys64/mingw64/bin/../lib/gcc/arm-none-eabi/12.2.0/thumb/v7-m/nofp\libgcc.a(_arm_fixsfsi.o)
                0x00000000080010e4                __aeabi_f2iz
                0x00000000080010e4                __fixsfsi
 *(.text*)
 .text.__do_global_dtors_aux
                0x0000000008001130       0x24 d:/msys64/mingw64/bin/../lib/gcc/arm-none-eabi/12.2.0/thumb/v7-m/nofp/crtbegin.o
 .text.frame_dummy
                0x0000000008001154       0x1c d:/msys64/mingw64/bin/../lib/gcc/arm-none-eabi/12.2.0/thumb/v7-m/nofp/crtbegin.o
 .text.main     0x0000000008001170       0x98 build/main.o
                0x0000000008001170                main
 .text.SystemClock_Config
                0x0000000008001208       0xba build/main.o
                0x0000000008001208                SystemClock_Config
 .text.Error_Handler
                0x00000000080012c2        0xc build/main.o
                0x00000000080012c2                Error_Handler
 *fill*         0x00000000080012ce        0x2 
 .text.MX_GPIO_Init
                0x00000000080012d0       0xb0 build/gpio.o
                0x00000000080012d0                MX_GPIO_Init
 .text.MX_ADC1_Init
                0x0000000008001380      0x150 build/adc.o
                0x0000000008001380                MX_ADC1_Init
 .text.MX_ADC2_Init
                0x00000000080014d0      0x148 build/adc.o
                0x00000000080014d0                MX_ADC2_Init
 .text.HAL_ADC_MspInit
                0x0000000008001618      0x100 build/adc.o
                0x0000000008001618                HAL_ADC_MspInit
 .text.MX_I2C1_Init
                0x0000000008001718       0x5c build/i2c.o
                0x0000000008001718                MX_I2C1_Init
 .text.MX_I2C2_Init
                0x0000000008001774       0x6c build/i2c.o
                0x0000000008001774                MX_I2C2_Init
 .text.HAL_I2C_MspInit
                0x00000000080017e0      0x128 build/i2c.o
                0x00000000080017e0                HAL_I2C_MspInit
 .text.HAL_I2C_ErrorCallback
                0x0000000008001908       0x12 build/i2c.o
                0x0000000008001908                HAL_I2C_ErrorCallback
 .text.NMI_Handler
                0x000000000800191a        0x8 build/stm32f1xx_it.o
                0x000000000800191a                NMI_Handler
 .text.HardFault_Handler
                0x0000000008001922        0x8 build/stm32f1xx_it.o
                0x0000000008001922                HardFault_Handler
 .text.MemManage_Handler
                0x000000000800192a        0x8 build/stm32f1xx_it.o
                0x000000000800192a                MemManage_Handler
 .text.BusFault_Handler
                0x0000000008001932        0x8 build/stm32f1xx_it.o
                0x0000000008001932                BusFault_Handler
 .text.UsageFault_Handler
                0x000000000800193a        0x8 build/stm32f1xx_it.o
                0x000000000800193a                UsageFault_Handler
 .text.SVC_Handler
                0x0000000008001942        0xc build/stm32f1xx_it.o
                0x0000000008001942                SVC_Handler
 .text.DebugMon_Handler
                0x000000000800194e        0xc build/stm32f1xx_it.o
                0x000000000800194e                DebugMon_Handler
 .text.PendSV_Handler
                0x000000000800195a        0xc build/stm32f1xx_it.o
                0x000000000800195a                PendSV_Handler
 .text.SysTick_Handler
                0x0000000008001966        0xc build/stm32f1xx_it.o
                0x0000000008001966                SysTick_Handler
 .text.EXTI9_5_IRQHandler
                0x0000000008001972        0xe build/stm32f1xx_it.o
                0x0000000008001972                EXTI9_5_IRQHandler
 .text.TIM1_UP_IRQHandler
                0x0000000008001980       0x14 build/stm32f1xx_it.o
                0x0000000008001980                TIM1_UP_IRQHandler
 .text.I2C1_ER_IRQHandler
                0x0000000008001994       0x14 build/stm32f1xx_it.o
                0x0000000008001994                I2C1_ER_IRQHandler
 .text.I2C2_EV_IRQHandler
                0x00000000080019a8       0x20 build/stm32f1xx_it.o
                0x00000000080019a8                I2C2_EV_IRQHandler
 .text.I2C2_ER_IRQHandler
                0x00000000080019c8       0x14 build/stm32f1xx_it.o
                0x00000000080019c8                I2C2_ER_IRQHandler
 .text.HAL_MspInit
                0x00000000080019dc       0x64 build/stm32f1xx_hal_msp.o
                0x00000000080019dc                HAL_MspInit
 .text.HAL_ADC_Init
                0x0000000008001a40      0x1d4 build/stm32f1xx_hal_adc.o
                0x0000000008001a40                HAL_ADC_Init
 .text.HAL_ADC_Start
                0x0000000008001c14      0x15c build/stm32f1xx_hal_adc.o
                0x0000000008001c14                HAL_ADC_Start
 .text.HAL_ADC_Stop
                0x0000000008001d70       0x58 build/stm32f1xx_hal_adc.o
                0x0000000008001d70                HAL_ADC_Stop
 .text.HAL_ADC_PollForConversion
                0x0000000008001dc8      0x20c build/stm32f1xx_hal_adc.o
                0x0000000008001dc8                HAL_ADC_PollForConversion
 .text.HAL_ADC_GetValue
                0x0000000008001fd4       0x18 build/stm32f1xx_hal_adc.o
                0x0000000008001fd4                HAL_ADC_GetValue
 .text.HAL_ADC_ConfigChannel
                0x0000000008001fec      0x1f0 build/stm32f1xx_hal_adc.o
                0x0000000008001fec                HAL_ADC_ConfigChannel
 .text.HAL_ADC_GetState
                0x00000000080021dc       0x16 build/stm32f1xx_hal_adc.o
                0x00000000080021dc                HAL_ADC_GetState
 *fill*         0x00000000080021f2        0x2 
 .text.ADC_Enable
                0x00000000080021f4       0xb4 build/stm32f1xx_hal_adc.o
                0x00000000080021f4                ADC_Enable
 .text.ADC_ConversionStop_Disable
                0x00000000080022a8       0x82 build/stm32f1xx_hal_adc.o
                0x00000000080022a8                ADC_ConversionStop_Disable
 *fill*         0x000000000800232a        0x2 
 .text.HAL_ADCEx_Calibration_Start
                0x000000000800232c      0x15c build/stm32f1xx_hal_adc_ex.o
                0x000000000800232c                HAL_ADCEx_Calibration_Start
 .text.HAL_Init
                0x0000000008002488       0x2c build/stm32f1xx_hal.o
                0x0000000008002488                HAL_Init
 .text.HAL_InitTick
                0x00000000080024b4       0x60 build/stm32f1xx_hal.o
                0x00000000080024b4                HAL_InitTick
 .text.HAL_IncTick
                0x0000000008002514       0x24 build/stm32f1xx_hal.o
                0x0000000008002514                HAL_IncTick
 .text.HAL_GetTick
                0x0000000008002538       0x14 build/stm32f1xx_hal.o
                0x0000000008002538                HAL_GetTick
 .text.HAL_RCC_OscConfig
                0x000000000800254c      0x504 build/stm32f1xx_hal_rcc.o
                0x000000000800254c                HAL_RCC_OscConfig
 .text.HAL_RCC_ClockConfig
                0x0000000008002a50      0x1d4 build/stm32f1xx_hal_rcc.o
                0x0000000008002a50                HAL_RCC_ClockConfig
 .text.HAL_RCC_GetSysClockFreq
                0x0000000008002c24       0xa8 build/stm32f1xx_hal_rcc.o
                0x0000000008002c24                HAL_RCC_GetSysClockFreq
 .text.HAL_RCC_GetHCLKFreq
                0x0000000008002ccc       0x14 build/stm32f1xx_hal_rcc.o
                0x0000000008002ccc                HAL_RCC_GetHCLKFreq
 .text.HAL_RCC_GetPCLK1Freq
                0x0000000008002ce0       0x28 build/stm32f1xx_hal_rcc.o
                0x0000000008002ce0                HAL_RCC_GetPCLK1Freq
 .text.HAL_RCC_GetPCLK2Freq
                0x0000000008002d08       0x28 build/stm32f1xx_hal_rcc.o
                0x0000000008002d08                HAL_RCC_GetPCLK2Freq
 .text.RCC_Delay
                0x0000000008002d30       0x3c build/stm32f1xx_hal_rcc.o
 .text.HAL_RCCEx_PeriphCLKConfig
                0x0000000008002d6c      0x16c build/stm32f1xx_hal_rcc_ex.o
                0x0000000008002d6c                HAL_RCCEx_PeriphCLKConfig
 .text.HAL_RCCEx_GetPeriphCLKFreq
                0x0000000008002ed8      0x1b0 build/stm32f1xx_hal_rcc_ex.o
                0x0000000008002ed8                HAL_RCCEx_GetPeriphCLKFreq
 .text.HAL_GPIO_Init
                0x0000000008003088      0x328 build/stm32f1xx_hal_gpio.o
                0x0000000008003088                HAL_GPIO_Init
 .text.HAL_GPIO_EXTI_IRQHandler
                0x00000000080033b0       0x30 build/stm32f1xx_hal_gpio.o
                0x00000000080033b0                HAL_GPIO_EXTI_IRQHandler
 .text.HAL_DMA_Abort_IT
                0x00000000080033e0      0x210 build/stm32f1xx_hal_dma.o
                0x00000000080033e0                HAL_DMA_Abort_IT
 .text.HAL_DMA_GetState
                0x00000000080035f0       0x1a build/stm32f1xx_hal_dma.o
                0x00000000080035f0                HAL_DMA_GetState
 *fill*         0x000000000800360a        0x2 
 .text.__NVIC_SetPriorityGrouping
                0x000000000800360c       0x48 build/stm32f1xx_hal_cortex.o
 .text.__NVIC_GetPriorityGrouping
                0x0000000008003654       0x1c build/stm32f1xx_hal_cortex.o
 .text.__NVIC_EnableIRQ
                0x0000000008003670       0x38 build/stm32f1xx_hal_cortex.o
 .text.__NVIC_SetPriority
                0x00000000080036a8       0x54 build/stm32f1xx_hal_cortex.o
 .text.NVIC_EncodePriority
                0x00000000080036fc       0x64 build/stm32f1xx_hal_cortex.o
 .text.SysTick_Config
                0x0000000008003760       0x44 build/stm32f1xx_hal_cortex.o
 .text.HAL_NVIC_SetPriorityGrouping
                0x00000000080037a4       0x16 build/stm32f1xx_hal_cortex.o
                0x00000000080037a4                HAL_NVIC_SetPriorityGrouping
 .text.HAL_NVIC_SetPriority
                0x00000000080037ba       0x38 build/stm32f1xx_hal_cortex.o
                0x00000000080037ba                HAL_NVIC_SetPriority
 .text.HAL_NVIC_EnableIRQ
                0x00000000080037f2       0x1c build/stm32f1xx_hal_cortex.o
                0x00000000080037f2                HAL_NVIC_EnableIRQ
 .text.HAL_SYSTICK_Config
                0x000000000800380e       0x18 build/stm32f1xx_hal_cortex.o
                0x000000000800380e                HAL_SYSTICK_Config
 *fill*         0x0000000008003826        0x2 
 .text.HAL_I2C_Init
                0x0000000008003828      0x288 build/stm32f1xx_hal_i2c.o
                0x0000000008003828                HAL_I2C_Init
 .text.I2C_Flush_DR
                0x0000000008003ab0       0x28 build/stm32f1xx_hal_i2c.o
 .text.HAL_I2C_Master_Transmit
                0x0000000008003ad8      0x1fc build/stm32f1xx_hal_i2c.o
                0x0000000008003ad8                HAL_I2C_Master_Transmit
 .text.HAL_I2C_Master_Receive
                0x0000000008003cd4      0x4d8 build/stm32f1xx_hal_i2c.o
                0x0000000008003cd4                HAL_I2C_Master_Receive
 .text.HAL_I2C_Mem_Write
                0x00000000080041ac      0x1f4 build/stm32f1xx_hal_i2c.o
                0x00000000080041ac                HAL_I2C_Mem_Write
 .text.HAL_I2C_EV_IRQHandler
                0x00000000080043a0      0x2a6 build/stm32f1xx_hal_i2c.o
                0x00000000080043a0                HAL_I2C_EV_IRQHandler
 .text.HAL_I2C_ER_IRQHandler
                0x0000000008004646      0x14e build/stm32f1xx_hal_i2c.o
                0x0000000008004646                HAL_I2C_ER_IRQHandler
 .text.HAL_I2C_MasterTxCpltCallback
                0x0000000008004794       0x12 build/stm32f1xx_hal_i2c.o
                0x0000000008004794                HAL_I2C_MasterTxCpltCallback
 .text.HAL_I2C_MasterRxCpltCallback
                0x00000000080047a6       0x12 build/stm32f1xx_hal_i2c.o
                0x00000000080047a6                HAL_I2C_MasterRxCpltCallback
 .text.HAL_I2C_SlaveTxCpltCallback
                0x00000000080047b8       0x12 build/stm32f1xx_hal_i2c.o
                0x00000000080047b8                HAL_I2C_SlaveTxCpltCallback
 .text.HAL_I2C_SlaveRxCpltCallback
                0x00000000080047ca       0x12 build/stm32f1xx_hal_i2c.o
                0x00000000080047ca                HAL_I2C_SlaveRxCpltCallback
 .text.HAL_I2C_AddrCallback
                0x00000000080047dc       0x1a build/stm32f1xx_hal_i2c.o
                0x00000000080047dc                HAL_I2C_AddrCallback
 .text.HAL_I2C_ListenCpltCallback
                0x00000000080047f6       0x12 build/stm32f1xx_hal_i2c.o
                0x00000000080047f6                HAL_I2C_ListenCpltCallback
 .text.HAL_I2C_MemTxCpltCallback
                0x0000000008004808       0x12 build/stm32f1xx_hal_i2c.o
                0x0000000008004808                HAL_I2C_MemTxCpltCallback
 .text.HAL_I2C_MemRxCpltCallback
                0x000000000800481a       0x12 build/stm32f1xx_hal_i2c.o
                0x000000000800481a                HAL_I2C_MemRxCpltCallback
 .text.HAL_I2C_AbortCpltCallback
                0x000000000800482c       0x12 build/stm32f1xx_hal_i2c.o
                0x000000000800482c                HAL_I2C_AbortCpltCallback
 .text.HAL_I2C_GetError
                0x000000000800483e       0x16 build/stm32f1xx_hal_i2c.o
                0x000000000800483e                HAL_I2C_GetError
 .text.I2C_MasterTransmit_TXE
                0x0000000008004854      0x138 build/stm32f1xx_hal_i2c.o
 .text.I2C_MasterTransmit_BTF
                0x000000000800498c       0xec build/stm32f1xx_hal_i2c.o
 .text.I2C_MemoryTransmit_TXE_BTF
                0x0000000008004a78      0x130 build/stm32f1xx_hal_i2c.o
 .text.I2C_MasterReceive_RXNE
                0x0000000008004ba8      0x190 build/stm32f1xx_hal_i2c.o
 .text.I2C_MasterReceive_BTF
                0x0000000008004d38      0x1e2 build/stm32f1xx_hal_i2c.o
 .text.I2C_Master_SB
                0x0000000008004f1a      0x10a build/stm32f1xx_hal_i2c.o
 .text.I2C_Master_ADD10
                0x0000000008005024       0x52 build/stm32f1xx_hal_i2c.o
 .text.I2C_Master_ADDR
                0x0000000008005076      0x336 build/stm32f1xx_hal_i2c.o
 .text.I2C_SlaveTransmit_TXE
                0x00000000080053ac       0x7a build/stm32f1xx_hal_i2c.o
 .text.I2C_SlaveTransmit_BTF
                0x0000000008005426       0x40 build/stm32f1xx_hal_i2c.o
 .text.I2C_SlaveReceive_RXNE
                0x0000000008005466       0x7c build/stm32f1xx_hal_i2c.o
 .text.I2C_SlaveReceive_BTF
                0x00000000080054e2       0x42 build/stm32f1xx_hal_i2c.o
 .text.I2C_Slave_ADDR
                0x0000000008005524       0x90 build/stm32f1xx_hal_i2c.o
 .text.I2C_Slave_STOPF
                0x00000000080055b4      0x260 build/stm32f1xx_hal_i2c.o
 .text.I2C_Slave_AF
                0x0000000008005814       0xe8 build/stm32f1xx_hal_i2c.o
 .text.I2C_ITError
                0x00000000080058fc      0x264 build/stm32f1xx_hal_i2c.o
 .text.I2C_MasterRequestWrite
                0x0000000008005b60      0x104 build/stm32f1xx_hal_i2c.o
 .text.I2C_MasterRequestRead
                0x0000000008005c64      0x19c build/stm32f1xx_hal_i2c.o
 .text.I2C_RequestMemoryWrite
                0x0000000008005e00      0x12c build/stm32f1xx_hal_i2c.o
 .text.I2C_DMAAbort
                0x0000000008005f2c      0x150 build/stm32f1xx_hal_i2c.o
 .text.I2C_WaitOnFlagUntilTimeout
                0x000000000800607c       0xf4 build/stm32f1xx_hal_i2c.o
 .text.I2C_WaitOnMasterAddressFlagUntilTimeout
                0x0000000008006170      0x140 build/stm32f1xx_hal_i2c.o
 .text.I2C_WaitOnTXEFlagUntilTimeout
                0x00000000080062b0       0x90 build/stm32f1xx_hal_i2c.o
 .text.I2C_WaitOnBTFFlagUntilTimeout
                0x0000000008006340       0x90 build/stm32f1xx_hal_i2c.o
 .text.I2C_WaitOnSTOPRequestThroughIT
                0x00000000080063d0       0x64 build/stm32f1xx_hal_i2c.o
 .text.I2C_WaitOnRXNEFlagUntilTimeout
                0x0000000008006434       0xba build/stm32f1xx_hal_i2c.o
 .text.I2C_IsAcknowledgeFailed
                0x00000000080064ee       0x5c build/stm32f1xx_hal_i2c.o
 .text.I2C_ConvertOtherXferOptions
                0x000000000800654a       0x34 build/stm32f1xx_hal_i2c.o
 .text.HAL_TIM_Base_Init
                0x000000000800657e       0x9e build/stm32f1xx_hal_tim.o
                0x000000000800657e                HAL_TIM_Base_Init
 .text.HAL_TIM_Base_Start_IT
                0x000000000800661c       0xc0 build/stm32f1xx_hal_tim.o
                0x000000000800661c                HAL_TIM_Base_Start_IT
 .text.HAL_TIM_PWM_Init
                0x00000000080066dc       0x9e build/stm32f1xx_hal_tim.o
                0x00000000080066dc                HAL_TIM_PWM_Init
 .text.HAL_TIM_PWM_MspInit
                0x000000000800677a       0x12 build/stm32f1xx_hal_tim.o
                0x000000000800677a                HAL_TIM_PWM_MspInit
 .text.HAL_TIM_PWM_Start
                0x000000000800678c      0x174 build/stm32f1xx_hal_tim.o
                0x000000000800678c                HAL_TIM_PWM_Start
 .text.HAL_TIM_IRQHandler
                0x0000000008006900      0x1e0 build/stm32f1xx_hal_tim.o
                0x0000000008006900                HAL_TIM_IRQHandler
 .text.HAL_TIM_PWM_ConfigChannel
                0x0000000008006ae0      0x184 build/stm32f1xx_hal_tim.o
                0x0000000008006ae0                HAL_TIM_PWM_ConfigChannel
 .text.HAL_TIM_ConfigClockSource
                0x0000000008006c64      0x18e build/stm32f1xx_hal_tim.o
                0x0000000008006c64                HAL_TIM_ConfigClockSource
 .text.HAL_TIM_OC_DelayElapsedCallback
                0x0000000008006df2       0x12 build/stm32f1xx_hal_tim.o
                0x0000000008006df2                HAL_TIM_OC_DelayElapsedCallback
 .text.HAL_TIM_IC_CaptureCallback
                0x0000000008006e04       0x12 build/stm32f1xx_hal_tim.o
                0x0000000008006e04                HAL_TIM_IC_CaptureCallback
 .text.HAL_TIM_PWM_PulseFinishedCallback
                0x0000000008006e16       0x12 build/stm32f1xx_hal_tim.o
                0x0000000008006e16                HAL_TIM_PWM_PulseFinishedCallback
 .text.HAL_TIM_TriggerCallback
                0x0000000008006e28       0x12 build/stm32f1xx_hal_tim.o
                0x0000000008006e28                HAL_TIM_TriggerCallback
 *fill*         0x0000000008006e3a        0x2 
 .text.TIM_Base_SetConfig
                0x0000000008006e3c      0x10c build/stm32f1xx_hal_tim.o
                0x0000000008006e3c                TIM_Base_SetConfig
 .text.TIM_OC1_SetConfig
                0x0000000008006f48       0xe0 build/stm32f1xx_hal_tim.o
 .text.TIM_OC2_SetConfig
                0x0000000008007028       0xe8 build/stm32f1xx_hal_tim.o
                0x0000000008007028                TIM_OC2_SetConfig
 .text.TIM_OC3_SetConfig
                0x0000000008007110       0xe8 build/stm32f1xx_hal_tim.o
 .text.TIM_OC4_SetConfig
                0x00000000080071f8       0xa8 build/stm32f1xx_hal_tim.o
 .text.TIM_TI1_ConfigInputStage
                0x00000000080072a0       0x5c build/stm32f1xx_hal_tim.o
 .text.TIM_TI2_ConfigInputStage
                0x00000000080072fc       0x5e build/stm32f1xx_hal_tim.o
 .text.TIM_ITRx_SetConfig
                0x000000000800735a       0x34 build/stm32f1xx_hal_tim.o
 .text.TIM_ETR_SetConfig
                0x000000000800738e       0x3e build/stm32f1xx_hal_tim.o
                0x000000000800738e                TIM_ETR_SetConfig
 .text.TIM_CCxChannelCmd
                0x00000000080073cc       0x48 build/stm32f1xx_hal_tim.o
                0x00000000080073cc                TIM_CCxChannelCmd
 .text.HAL_TIMEx_MasterConfigSynchronization
                0x0000000008007414       0xd8 build/stm32f1xx_hal_tim_ex.o
                0x0000000008007414                HAL_TIMEx_MasterConfigSynchronization
 .text.HAL_TIMEx_CommutCallback
                0x00000000080074ec       0x12 build/stm32f1xx_hal_tim_ex.o
                0x00000000080074ec                HAL_TIMEx_CommutCallback
 .text.HAL_TIMEx_BreakCallback
                0x00000000080074fe       0x12 build/stm32f1xx_hal_tim_ex.o
                0x00000000080074fe                HAL_TIMEx_BreakCallback
 .text.SystemInit
                0x0000000008007510        0xc build/system_stm32f1xx.o
                0x0000000008007510                SystemInit
 .text.OLED_ColorTurn
                0x000000000800751c       0x2e build/oled.o
                0x000000000800751c                OLED_ColorTurn
 .text.OLED_DisplayTurn
                0x000000000800754a       0x3e build/oled.o
                0x000000000800754a                OLED_DisplayTurn
 .text.OLED_WR_Byte
                0x0000000008007588       0x58 build/oled.o
                0x0000000008007588                OLED_WR_Byte
 .text.OLED_Refresh
                0x00000000080075e0       0x70 build/oled.o
                0x00000000080075e0                OLED_Refresh
 .text.OLED_Clear
                0x0000000008007650       0x4c build/oled.o
                0x0000000008007650                OLED_Clear
 .text.OLED_DrawPoint
                0x000000000800769c       0xcc build/oled.o
                0x000000000800769c                OLED_DrawPoint
 .text.OLED_DrawCircle
                0x0000000008007768      0x14e build/oled.o
                0x0000000008007768                OLED_DrawCircle
 *fill*         0x00000000080078b6        0x2 
 .text.OLED_ShowChar
                0x00000000080078b8      0x17c build/oled.o
                0x00000000080078b8                OLED_ShowChar
 .text.OLED_ShowString
                0x0000000008007a34       0x64 build/oled.o
                0x0000000008007a34                OLED_ShowString
 .text.OLED_Pow
                0x0000000008007a98       0x36 build/oled.o
                0x0000000008007a98                OLED_Pow
 *fill*         0x0000000008007ace        0x2 
 .text.OLED_ShowNum
                0x0000000008007ad0       0xe8 build/oled.o
                0x0000000008007ad0                OLED_ShowNum
 .text.OLED_ShowPicture
                0x0000000008007bb8       0xfa build/oled.o
                0x0000000008007bb8                OLED_ShowPicture
 .text.OLED_Init
                0x0000000008007cb2       0xec build/oled.o
                0x0000000008007cb2                OLED_Init
 .text.AD1015_Check
                0x0000000008007d9e       0x70 build/ADS1015.o
                0x0000000008007d9e                AD1015_Check
 .text.Battery_Init
                0x0000000008007e0e       0x58 build/Battery.o
                0x0000000008007e0e                Battery_Init
 .text.Battery_Clear
                0x0000000008007e66       0xae build/Battery.o
                0x0000000008007e66                Battery_Clear
 *fill*         0x0000000008007f14        0x4 
 .text.Battery_Refresh
                0x0000000008007f18      0x82c build/Battery.o
                0x0000000008007f18                Battery_Refresh
 .text.UI_ShowRUAGH
                0x0000000008008744       0x34 build/UI.o
                0x0000000008008744                UI_ShowRUAGH
 .text.UI_Normal
                0x0000000008008778      0x2f4 build/UI.o
                0x0000000008008778                UI_Normal
 .text.HAL_GPIO_EXTI_Callback
                0x0000000008008a6c       0x14 build/UI.o
                0x0000000008008a6c                HAL_GPIO_EXTI_Callback
 .text.BB_FSM_Refresh
                0x0000000008008a80       0x2a build/FSM.o
                0x0000000008008a80                BB_FSM_Refresh
 .text.FSM_StateRefresh
                0x0000000008008aaa       0xaa build/FSM.o
                0x0000000008008aaa                FSM_StateRefresh
 .text.HAL_TIM_PeriodElapsedCallback
                0x0000000008008b54       0x7c build/FSM.o
                0x0000000008008b54                HAL_TIM_PeriodElapsedCallback
 .text.MX_TIM1_Init
                0x0000000008008bd0       0xa4 build/tim.o
                0x0000000008008bd0                MX_TIM1_Init
 .text.MX_TIM2_Init
                0x0000000008008c74       0xec build/tim.o
                0x0000000008008c74                MX_TIM2_Init
 .text.HAL_TIM_Base_MspInit
                0x0000000008008d60       0x70 build/tim.o
                0x0000000008008d60                HAL_TIM_Base_MspInit
 .text.HAL_TIM_MspPostInit
                0x0000000008008dd0       0x88 build/tim.o
                0x0000000008008dd0                HAL_TIM_MspPostInit
 .text.Reset_Handler
                0x0000000008008e58       0x48 build/startup_stm32f103xe.o
                0x0000000008008e58                Reset_Handler
 .text.Default_Handler
                0x0000000008008ea0        0x2 build/startup_stm32f103xe.o
                0x0000000008008ea0                RTC_Alarm_IRQHandler
                0x0000000008008ea0                EXTI2_IRQHandler
                0x0000000008008ea0                TIM8_TRG_COM_IRQHandler
                0x0000000008008ea0                TIM8_CC_IRQHandler
                0x0000000008008ea0                TIM1_CC_IRQHandler
                0x0000000008008ea0                TIM6_IRQHandler
                0x0000000008008ea0                PVD_IRQHandler
                0x0000000008008ea0                SDIO_IRQHandler
                0x0000000008008ea0                EXTI3_IRQHandler
                0x0000000008008ea0                EXTI0_IRQHandler
                0x0000000008008ea0                ADC1_2_IRQHandler
                0x0000000008008ea0                SPI1_IRQHandler
                0x0000000008008ea0                TAMPER_IRQHandler
                0x0000000008008ea0                TIM8_UP_IRQHandler
                0x0000000008008ea0                DMA2_Channel2_IRQHandler
                0x0000000008008ea0                DMA1_Channel4_IRQHandler
                0x0000000008008ea0                USART3_IRQHandler
                0x0000000008008ea0                RTC_IRQHandler
                0x0000000008008ea0                DMA1_Channel7_IRQHandler
                0x0000000008008ea0                CAN1_RX1_IRQHandler
                0x0000000008008ea0                UART5_IRQHandler
                0x0000000008008ea0                ADC3_IRQHandler
                0x0000000008008ea0                TIM4_IRQHandler
                0x0000000008008ea0                DMA2_Channel1_IRQHandler
                0x0000000008008ea0                I2C1_EV_IRQHandler
                0x0000000008008ea0                DMA1_Channel6_IRQHandler
                0x0000000008008ea0                UART4_IRQHandler
                0x0000000008008ea0                TIM3_IRQHandler
                0x0000000008008ea0                RCC_IRQHandler
                0x0000000008008ea0                TIM1_TRG_COM_IRQHandler
                0x0000000008008ea0                DMA1_Channel1_IRQHandler
                0x0000000008008ea0                Default_Handler
                0x0000000008008ea0                EXTI15_10_IRQHandler
                0x0000000008008ea0                TIM7_IRQHandler
                0x0000000008008ea0                TIM5_IRQHandler
                0x0000000008008ea0                SPI2_IRQHandler
                0x0000000008008ea0                DMA1_Channel5_IRQHandler
                0x0000000008008ea0                EXTI4_IRQHandler
                0x0000000008008ea0                USB_LP_CAN1_RX0_IRQHandler
                0x0000000008008ea0                USB_HP_CAN1_TX_IRQHandler
                0x0000000008008ea0                DMA1_Channel3_IRQHandler
                0x0000000008008ea0                FSMC_IRQHandler
                0x0000000008008ea0                WWDG_IRQHandler
                0x0000000008008ea0                TIM2_IRQHandler
                0x0000000008008ea0                TIM1_BRK_IRQHandler
                0x0000000008008ea0                EXTI1_IRQHandler
                0x0000000008008ea0                DMA2_Channel4_5_IRQHandler
                0x0000000008008ea0                USART2_IRQHandler
                0x0000000008008ea0                DMA1_Channel2_IRQHandler
                0x0000000008008ea0                TIM8_BRK_IRQHandler
                0x0000000008008ea0                CAN1_SCE_IRQHandler
                0x0000000008008ea0                FLASH_IRQHandler
                0x0000000008008ea0                USART1_IRQHandler
                0x0000000008008ea0                SPI3_IRQHandler
                0x0000000008008ea0                USBWakeUp_IRQHandler
                0x0000000008008ea0                DMA2_Channel3_IRQHandler
 *(.glue_7)
 .glue_7        0x0000000008008ea2        0x0 linker stubs
 *(.glue_7t)
 .glue_7t       0x0000000008008ea2        0x0 linker stubs
 *(.eh_frame)
 *fill*         0x0000000008008ea2        0x2 
 .eh_frame      0x0000000008008ea4        0x0 d:/msys64/mingw64/bin/../lib/gcc/arm-none-eabi/12.2.0/thumb/v7-m/nofp/crtbegin.o
 *(.init)
 .init          0x0000000008008ea4        0x4 d:/msys64/mingw64/bin/../lib/gcc/arm-none-eabi/12.2.0/thumb/v7-m/nofp/crti.o
                0x0000000008008ea4                _init
 .init          0x0000000008008ea8        0x8 d:/msys64/mingw64/bin/../lib/gcc/arm-none-eabi/12.2.0/thumb/v7-m/nofp/crtn.o
 *(.fini)
 .fini          0x0000000008008eb0        0x4 d:/msys64/mingw64/bin/../lib/gcc/arm-none-eabi/12.2.0/thumb/v7-m/nofp/crti.o
                0x0000000008008eb0                _fini
 .fini          0x0000000008008eb4        0x8 d:/msys64/mingw64/bin/../lib/gcc/arm-none-eabi/12.2.0/thumb/v7-m/nofp/crtn.o
                0x0000000008008ebc                . = ALIGN (0x4)
                0x0000000008008ebc                _etext = .

.vfp11_veneer   0x0000000008008ebc        0x0
 .vfp11_veneer  0x0000000008008ebc        0x0 linker stubs

.v4_bx          0x0000000008008ebc        0x0
 .v4_bx         0x0000000008008ebc        0x0 linker stubs

.iplt           0x0000000008008ebc        0x0
 .iplt          0x0000000008008ebc        0x0 d:/msys64/mingw64/bin/../lib/gcc/arm-none-eabi/12.2.0/thumb/v7-m/nofp/crtbegin.o

.rodata         0x0000000008008ebc     0x1c3c
                0x0000000008008ebc                . = ALIGN (0x4)
 *(.rodata)
 .rodata        0x0000000008008ebc       0x12 build/UI.o
 *(.rodata*)
 *fill*         0x0000000008008ece        0x2 
 .rodata.aPLLMULFactorTable.1
                0x0000000008008ed0       0x10 build/stm32f1xx_hal_rcc.o
 .rodata.aPredivFactorTable.0
                0x0000000008008ee0        0x2 build/stm32f1xx_hal_rcc.o
 *fill*         0x0000000008008ee2        0x2 
 .rodata.aPLLMULFactorTable.1
                0x0000000008008ee4       0x10 build/stm32f1xx_hal_rcc_ex.o
 .rodata.aPredivFactorTable.0
                0x0000000008008ef4        0x2 build/stm32f1xx_hal_rcc_ex.o
 *fill*         0x0000000008008ef6        0x2 
 .rodata.AHBPrescTable
                0x0000000008008ef8       0x10 build/system_stm32f1xx.o
                0x0000000008008ef8                AHBPrescTable
 .rodata.APBPrescTable
                0x0000000008008f08        0x8 build/system_stm32f1xx.o
                0x0000000008008f08                APBPrescTable
 .rodata.asc2_0806
                0x0000000008008f10      0x228 build/oled.o
 .rodata.asc2_1206
                0x0000000008009138      0x474 build/oled.o
 .rodata.asc2_1608
                0x00000000080095ac      0x5f0 build/oled.o
 .rodata.asc2_2412
                0x0000000008009b9c      0xd5c build/oled.o
 .rodata.RUAGH  0x000000000800a8f8      0x200 build/UI.o
                0x000000000800aaf8                . = ALIGN (0x4)

.rel.dyn        0x000000000800aaf8        0x0
 .rel.iplt      0x000000000800aaf8        0x0 d:/msys64/mingw64/bin/../lib/gcc/arm-none-eabi/12.2.0/thumb/v7-m/nofp/crtbegin.o

.ARM.extab
 *(.ARM.extab* .gnu.linkonce.armextab.*)

.ARM            0x000000000800aaf8        0x0
                0x000000000800aaf8                __exidx_start = .
 *(.ARM.exidx*)
                0x000000000800aaf8                __exidx_end = .

.preinit_array  0x000000000800aaf8        0x0
                0x000000000800aaf8                PROVIDE (__preinit_array_start = .)
 *(.preinit_array*)
                0x000000000800aaf8                PROVIDE (__preinit_array_end = .)

.init_array     0x000000000800aaf8        0x4
                0x000000000800aaf8                PROVIDE (__init_array_start = .)
 *(SORT_BY_NAME(.init_array.*))
 *(.init_array*)
 .init_array    0x000000000800aaf8        0x4 d:/msys64/mingw64/bin/../lib/gcc/arm-none-eabi/12.2.0/thumb/v7-m/nofp/crtbegin.o
                0x000000000800aafc                PROVIDE (__init_array_end = .)

.fini_array     0x000000000800aafc        0x4
                0x000000000800aafc                PROVIDE (__fini_array_start = .)
 *(SORT_BY_NAME(.fini_array.*))
 *(.fini_array*)
 .fini_array    0x000000000800aafc        0x4 d:/msys64/mingw64/bin/../lib/gcc/arm-none-eabi/12.2.0/thumb/v7-m/nofp/crtbegin.o
                0x000000000800ab00                PROVIDE (__fini_array_end = .)
                0x000000000800ab00                _sidata = LOADADDR (.data)

.data           0x0000000020000000        0xc load address 0x000000000800ab00
                0x0000000020000000                . = ALIGN (0x4)
                0x0000000020000000                _sdata = .
 *(.data)
 *(.data*)
 .data.uwTickPrio
                0x0000000020000000        0x4 build/stm32f1xx_hal.o
                0x0000000020000000                uwTickPrio
 .data.uwTickFreq
                0x0000000020000004        0x1 build/stm32f1xx_hal.o
                0x0000000020000004                uwTickFreq
 *fill*         0x0000000020000005        0x3 
 .data.SystemCoreClock
                0x0000000020000008        0x4 build/system_stm32f1xx.o
                0x0000000020000008                SystemCoreClock
                0x000000002000000c                . = ALIGN (0x4)
                0x000000002000000c                _edata = .

.igot.plt       0x000000002000000c        0x0 load address 0x000000000800ab0c
 .igot.plt      0x000000002000000c        0x0 d:/msys64/mingw64/bin/../lib/gcc/arm-none-eabi/12.2.0/thumb/v7-m/nofp/crtbegin.o
                0x000000002000000c                . = ALIGN (0x4)

.bss            0x000000002000000c      0x6f8 load address 0x000000000800ab0c
                0x000000002000000c                _sbss = .
                0x000000002000000c                __bss_start__ = _sbss
 *(.bss)
 *(.bss*)
 .bss.completed.1
                0x000000002000000c        0x1 d:/msys64/mingw64/bin/../lib/gcc/arm-none-eabi/12.2.0/thumb/v7-m/nofp/crtbegin.o
 *fill*         0x000000002000000d        0x3 
 .bss.object.0  0x0000000020000010       0x18 d:/msys64/mingw64/bin/../lib/gcc/arm-none-eabi/12.2.0/thumb/v7-m/nofp/crtbegin.o
 .bss.i2c_state
                0x0000000020000028        0x4 build/main.o
                0x0000000020000028                i2c_state
 .bss.hadc1     0x000000002000002c       0x30 build/adc.o
                0x000000002000002c                hadc1
 .bss.hadc2     0x000000002000005c       0x30 build/adc.o
                0x000000002000005c                hadc2
 .bss.hi2c1     0x000000002000008c       0x54 build/i2c.o
                0x000000002000008c                hi2c1
 .bss.hi2c2     0x00000000200000e0       0x54 build/i2c.o
                0x00000000200000e0                hi2c2
 .bss.uwTick    0x0000000020000134        0x4 build/stm32f1xx_hal.o
                0x0000000020000134                uwTick
 .bss.OLED_GRAM
                0x0000000020000138      0x480 build/oled.o
                0x0000000020000138                OLED_GRAM
 .bss.Battery   0x00000000200005b8       0x78 build/Battery.o
                0x00000000200005b8                Battery
 .bss.ADC1_value
                0x0000000020000630       0x20 build/Battery.o
                0x0000000020000630                ADC1_value
 .bss.ADC2_value
                0x0000000020000650       0x20 build/Battery.o
                0x0000000020000650                ADC2_value
 .bss.BB_fsm    0x0000000020000670        0x4 build/FSM.o
                0x0000000020000670                BB_fsm
 .bss.htim1     0x0000000020000674       0x48 build/tim.o
                0x0000000020000674                htim1
 .bss.htim2     0x00000000200006bc       0x48 build/tim.o
                0x00000000200006bc                htim2
 *(COMMON)
                0x0000000020000704                . = ALIGN (0x4)
                0x0000000020000704                _ebss = .
                0x0000000020000704                __bss_end__ = _ebss

._user_heap_stack
                0x0000000020000704      0x604 load address 0x000000000800ab0c
                0x0000000020000708                . = ALIGN (0x8)
 *fill*         0x0000000020000704        0x4 
                [!provide]                        PROVIDE (end = .)
                0x0000000020000708                PROVIDE (_end = .)
                0x0000000020000908                . = (. + _Min_Heap_Size)
 *fill*         0x0000000020000708      0x200 
                0x0000000020000d08                . = (. + _Min_Stack_Size)
 *fill*         0x0000000020000908      0x400 
                0x0000000020000d08                . = ALIGN (0x8)

/DISCARD/
 libc.a(*)
 libm.a(*)
 libgcc.a(*)
OUTPUT(build/bbboom.elf elf32-littlearm)
LOAD linker stubs
LOAD d:/msys64/mingw64/bin/../lib/gcc/arm-none-eabi/12.2.0/../../../../arm-none-eabi/lib/thumb/v7-m/nofp\libc.a
LOAD d:/msys64/mingw64/bin/../lib/gcc/arm-none-eabi/12.2.0/../../../../arm-none-eabi/lib/thumb/v7-m/nofp\libm.a
LOAD d:/msys64/mingw64/bin/../lib/gcc/arm-none-eabi/12.2.0/thumb/v7-m/nofp\libgcc.a

.ARM.attributes
                0x0000000000000000       0x29
 .ARM.attributes
                0x0000000000000000       0x1d d:/msys64/mingw64/bin/../lib/gcc/arm-none-eabi/12.2.0/thumb/v7-m/nofp/crti.o
 .ARM.attributes
                0x000000000000001d       0x2d d:/msys64/mingw64/bin/../lib/gcc/arm-none-eabi/12.2.0/thumb/v7-m/nofp/crtbegin.o
 .ARM.attributes
                0x000000000000004a       0x2d build/main.o
 .ARM.attributes
                0x0000000000000077       0x2d build/gpio.o
 .ARM.attributes
                0x00000000000000a4       0x2d build/adc.o
 .ARM.attributes
                0x00000000000000d1       0x2d build/i2c.o
 .ARM.attributes
                0x00000000000000fe       0x2d build/stm32f1xx_it.o
 .ARM.attributes
                0x000000000000012b       0x2d build/stm32f1xx_hal_msp.o
 .ARM.attributes
                0x0000000000000158       0x2d build/stm32f1xx_hal_adc.o
 .ARM.attributes
                0x0000000000000185       0x2d build/stm32f1xx_hal_adc_ex.o
 .ARM.attributes
                0x00000000000001b2       0x2d build/stm32f1xx_hal.o
 .ARM.attributes
                0x00000000000001df       0x2d build/stm32f1xx_hal_rcc.o
 .ARM.attributes
                0x000000000000020c       0x2d build/stm32f1xx_hal_rcc_ex.o
 .ARM.attributes
                0x0000000000000239       0x2d build/stm32f1xx_hal_gpio.o
 .ARM.attributes
                0x0000000000000266       0x2d build/stm32f1xx_hal_dma.o
 .ARM.attributes
                0x0000000000000293       0x2d build/stm32f1xx_hal_cortex.o
 .ARM.attributes
                0x00000000000002c0       0x2d build/stm32f1xx_hal_i2c.o
 .ARM.attributes
                0x00000000000002ed       0x2d build/stm32f1xx_hal_tim.o
 .ARM.attributes
                0x000000000000031a       0x2d build/stm32f1xx_hal_tim_ex.o
 .ARM.attributes
                0x0000000000000347       0x2d build/system_stm32f1xx.o
 .ARM.attributes
                0x0000000000000374       0x2d build/oled.o
 .ARM.attributes
                0x00000000000003a1       0x2d build/ADS1015.o
 .ARM.attributes
                0x00000000000003ce       0x2d build/Battery.o
 .ARM.attributes
                0x00000000000003fb       0x2d build/UI.o
 .ARM.attributes
                0x0000000000000428       0x2d build/FSM.o
 .ARM.attributes
                0x0000000000000455       0x2d build/tim.o
 .ARM.attributes
                0x0000000000000482       0x21 build/startup_stm32f103xe.o
 .ARM.attributes
                0x00000000000004a3       0x2d d:/msys64/mingw64/bin/../lib/gcc/arm-none-eabi/12.2.0/../../../../arm-none-eabi/lib/thumb/v7-m/nofp\libc_nano.a(lib_a-init.o)
 .ARM.attributes
                0x00000000000004d0       0x1b d:/msys64/mingw64/bin/../lib/gcc/arm-none-eabi/12.2.0/../../../../arm-none-eabi/lib/thumb/v7-m/nofp\libc_nano.a(lib_a-memcpy.o)
 .ARM.attributes
                0x00000000000004eb       0x2d d:/msys64/mingw64/bin/../lib/gcc/arm-none-eabi/12.2.0/../../../../arm-none-eabi/lib/thumb/v7-m/nofp\libc_nano.a(lib_a-memset.o)
 .ARM.attributes
                0x0000000000000518       0x1d d:/msys64/mingw64/bin/../lib/gcc/arm-none-eabi/12.2.0/thumb/v7-m/nofp\libgcc.a(_arm_muldf3.o)
 .ARM.attributes
                0x0000000000000535       0x1d d:/msys64/mingw64/bin/../lib/gcc/arm-none-eabi/12.2.0/thumb/v7-m/nofp\libgcc.a(_arm_addsubdf3.o)
 .ARM.attributes
                0x0000000000000552       0x1d d:/msys64/mingw64/bin/../lib/gcc/arm-none-eabi/12.2.0/thumb/v7-m/nofp\libgcc.a(_arm_cmpdf2.o)
 .ARM.attributes
                0x000000000000056f       0x1d d:/msys64/mingw64/bin/../lib/gcc/arm-none-eabi/12.2.0/thumb/v7-m/nofp\libgcc.a(_arm_truncdfsf2.o)
 .ARM.attributes
                0x000000000000058c       0x1d d:/msys64/mingw64/bin/../lib/gcc/arm-none-eabi/12.2.0/thumb/v7-m/nofp\libgcc.a(_arm_addsubsf3.o)
 .ARM.attributes
                0x00000000000005a9       0x1d d:/msys64/mingw64/bin/../lib/gcc/arm-none-eabi/12.2.0/thumb/v7-m/nofp\libgcc.a(_arm_muldivsf3.o)
 .ARM.attributes
                0x00000000000005c6       0x1d d:/msys64/mingw64/bin/../lib/gcc/arm-none-eabi/12.2.0/thumb/v7-m/nofp\libgcc.a(_arm_cmpsf2.o)
 .ARM.attributes
                0x00000000000005e3       0x1d d:/msys64/mingw64/bin/../lib/gcc/arm-none-eabi/12.2.0/thumb/v7-m/nofp\libgcc.a(_arm_fixsfsi.o)
 .ARM.attributes
                0x0000000000000600       0x1d d:/msys64/mingw64/bin/../lib/gcc/arm-none-eabi/12.2.0/thumb/v7-m/nofp/crtn.o

.comment        0x0000000000000000       0x12
 .comment       0x0000000000000000       0x12 build/main.o
                                         0x13 (size before relaxing)
 .comment       0x0000000000000012       0x13 build/gpio.o
 .comment       0x0000000000000012       0x13 build/adc.o
 .comment       0x0000000000000012       0x13 build/i2c.o
 .comment       0x0000000000000012       0x13 build/stm32f1xx_it.o
 .comment       0x0000000000000012       0x13 build/stm32f1xx_hal_msp.o
 .comment       0x0000000000000012       0x13 build/stm32f1xx_hal_adc.o
 .comment       0x0000000000000012       0x13 build/stm32f1xx_hal_adc_ex.o
 .comment       0x0000000000000012       0x13 build/stm32f1xx_hal.o
 .comment       0x0000000000000012       0x13 build/stm32f1xx_hal_rcc.o
 .comment       0x0000000000000012       0x13 build/stm32f1xx_hal_rcc_ex.o
 .comment       0x0000000000000012       0x13 build/stm32f1xx_hal_gpio.o
 .comment       0x0000000000000012       0x13 build/stm32f1xx_hal_dma.o
 .comment       0x0000000000000012       0x13 build/stm32f1xx_hal_cortex.o
 .comment       0x0000000000000012       0x13 build/stm32f1xx_hal_i2c.o
 .comment       0x0000000000000012       0x13 build/stm32f1xx_hal_tim.o
 .comment       0x0000000000000012       0x13 build/stm32f1xx_hal_tim_ex.o
 .comment       0x0000000000000012       0x13 build/system_stm32f1xx.o
 .comment       0x0000000000000012       0x13 build/oled.o
 .comment       0x0000000000000012       0x13 build/ADS1015.o
 .comment       0x0000000000000012       0x13 build/Battery.o
 .comment       0x0000000000000012       0x13 build/UI.o
 .comment       0x0000000000000012       0x13 build/FSM.o
 .comment       0x0000000000000012       0x13 build/tim.o

.debug_info     0x0000000000000000    0x13996
 .debug_info    0x0000000000000000     0x1092 build/main.o
 .debug_info    0x0000000000001092      0x4e9 build/gpio.o
 .debug_info    0x000000000000157b      0x98d build/adc.o
 .debug_info    0x0000000000001f08      0xc78 build/i2c.o
 .debug_info    0x0000000000002b80      0xb97 build/stm32f1xx_it.o
 .debug_info    0x0000000000003717      0x233 build/stm32f1xx_hal_msp.o
 .debug_info    0x000000000000394a      0xe1d build/stm32f1xx_hal_adc.o
 .debug_info    0x0000000000004767      0xb79 build/stm32f1xx_hal_adc_ex.o
 .debug_info    0x00000000000052e0      0x85a build/stm32f1xx_hal.o
 .debug_info    0x0000000000005b3a      0x920 build/stm32f1xx_hal_rcc.o
 .debug_info    0x000000000000645a      0x44b build/stm32f1xx_hal_rcc_ex.o
 .debug_info    0x00000000000068a5      0x67d build/stm32f1xx_hal_gpio.o
 .debug_info    0x0000000000006f22      0x7bb build/stm32f1xx_hal_dma.o
 .debug_info    0x00000000000076dd      0xc5b build/stm32f1xx_hal_cortex.o
 .debug_info    0x0000000000008338     0x2974 build/stm32f1xx_hal_i2c.o
 .debug_info    0x000000000000acac     0x2ef2 build/stm32f1xx_hal_tim.o
 .debug_info    0x000000000000db9e     0x175f build/stm32f1xx_hal_tim_ex.o
 .debug_info    0x000000000000f2fd      0x261 build/system_stm32f1xx.o
 .debug_info    0x000000000000f55e     0x101e build/oled.o
 .debug_info    0x000000000001057c      0x8ac build/ADS1015.o
 .debug_info    0x0000000000010e28      0x867 build/Battery.o
 .debug_info    0x000000000001168f      0x60a build/UI.o
 .debug_info    0x0000000000011c99      0xa54 build/FSM.o
 .debug_info    0x00000000000126ed      0xe8b build/tim.o
 .debug_info    0x0000000000013578       0x30 build/startup_stm32f103xe.o
 .debug_info    0x00000000000135a8       0x3c d:/msys64/mingw64/bin/../lib/gcc/arm-none-eabi/12.2.0/thumb/v7-m/nofp\libgcc.a(_arm_muldf3.o)
 .debug_info    0x00000000000135e4       0xc0 d:/msys64/mingw64/bin/../lib/gcc/arm-none-eabi/12.2.0/thumb/v7-m/nofp\libgcc.a(_arm_addsubdf3.o)
 .debug_info    0x00000000000136a4       0xc0 d:/msys64/mingw64/bin/../lib/gcc/arm-none-eabi/12.2.0/thumb/v7-m/nofp\libgcc.a(_arm_cmpdf2.o)
 .debug_info    0x0000000000013764       0x3c d:/msys64/mingw64/bin/../lib/gcc/arm-none-eabi/12.2.0/thumb/v7-m/nofp\libgcc.a(_arm_truncdfsf2.o)
 .debug_info    0x00000000000137a0       0xaf d:/msys64/mingw64/bin/../lib/gcc/arm-none-eabi/12.2.0/thumb/v7-m/nofp\libgcc.a(_arm_addsubsf3.o)
 .debug_info    0x000000000001384f       0x52 d:/msys64/mingw64/bin/../lib/gcc/arm-none-eabi/12.2.0/thumb/v7-m/nofp\libgcc.a(_arm_muldivsf3.o)
 .debug_info    0x00000000000138a1       0xbc d:/msys64/mingw64/bin/../lib/gcc/arm-none-eabi/12.2.0/thumb/v7-m/nofp\libgcc.a(_arm_cmpsf2.o)
 .debug_info    0x000000000001395d       0x39 d:/msys64/mingw64/bin/../lib/gcc/arm-none-eabi/12.2.0/thumb/v7-m/nofp\libgcc.a(_arm_fixsfsi.o)

.debug_abbrev   0x0000000000000000     0x30d7
 .debug_abbrev  0x0000000000000000      0x25a build/main.o
 .debug_abbrev  0x000000000000025a      0x151 build/gpio.o
 .debug_abbrev  0x00000000000003ab      0x20b build/adc.o
 .debug_abbrev  0x00000000000005b6      0x22c build/i2c.o
 .debug_abbrev  0x00000000000007e2      0x1b2 build/stm32f1xx_it.o
 .debug_abbrev  0x0000000000000994       0xd3 build/stm32f1xx_hal_msp.o
 .debug_abbrev  0x0000000000000a67      0x20f build/stm32f1xx_hal_adc.o
 .debug_abbrev  0x0000000000000c76      0x233 build/stm32f1xx_hal_adc_ex.o
 .debug_abbrev  0x0000000000000ea9      0x1fa build/stm32f1xx_hal.o
 .debug_abbrev  0x00000000000010a3      0x2a7 build/stm32f1xx_hal_rcc.o
 .debug_abbrev  0x000000000000134a      0x181 build/stm32f1xx_hal_rcc_ex.o
 .debug_abbrev  0x00000000000014cb      0x1ba build/stm32f1xx_hal_gpio.o
 .debug_abbrev  0x0000000000001685      0x1fd build/stm32f1xx_hal_dma.o
 .debug_abbrev  0x0000000000001882      0x2ca build/stm32f1xx_hal_cortex.o
 .debug_abbrev  0x0000000000001b4c      0x287 build/stm32f1xx_hal_i2c.o
 .debug_abbrev  0x0000000000001dd3      0x263 build/stm32f1xx_hal_tim.o
 .debug_abbrev  0x0000000000002036      0x26b build/stm32f1xx_hal_tim_ex.o
 .debug_abbrev  0x00000000000022a1      0x13a build/system_stm32f1xx.o
 .debug_abbrev  0x00000000000023db      0x2a5 build/oled.o
 .debug_abbrev  0x0000000000002680      0x1b0 build/ADS1015.o
 .debug_abbrev  0x0000000000002830      0x1ba build/Battery.o
 .debug_abbrev  0x00000000000029ea      0x1b6 build/UI.o
 .debug_abbrev  0x0000000000002ba0      0x1e6 build/FSM.o
 .debug_abbrev  0x0000000000002d86      0x22e build/tim.o
 .debug_abbrev  0x0000000000002fb4       0x1d build/startup_stm32f103xe.o
 .debug_abbrev  0x0000000000002fd1       0x1f d:/msys64/mingw64/bin/../lib/gcc/arm-none-eabi/12.2.0/thumb/v7-m/nofp\libgcc.a(_arm_muldf3.o)
 .debug_abbrev  0x0000000000002ff0       0x21 d:/msys64/mingw64/bin/../lib/gcc/arm-none-eabi/12.2.0/thumb/v7-m/nofp\libgcc.a(_arm_addsubdf3.o)
 .debug_abbrev  0x0000000000003011       0x21 d:/msys64/mingw64/bin/../lib/gcc/arm-none-eabi/12.2.0/thumb/v7-m/nofp\libgcc.a(_arm_cmpdf2.o)
 .debug_abbrev  0x0000000000003032       0x21 d:/msys64/mingw64/bin/../lib/gcc/arm-none-eabi/12.2.0/thumb/v7-m/nofp\libgcc.a(_arm_truncdfsf2.o)
 .debug_abbrev  0x0000000000003053       0x21 d:/msys64/mingw64/bin/../lib/gcc/arm-none-eabi/12.2.0/thumb/v7-m/nofp\libgcc.a(_arm_addsubsf3.o)
 .debug_abbrev  0x0000000000003074       0x21 d:/msys64/mingw64/bin/../lib/gcc/arm-none-eabi/12.2.0/thumb/v7-m/nofp\libgcc.a(_arm_muldivsf3.o)
 .debug_abbrev  0x0000000000003095       0x21 d:/msys64/mingw64/bin/../lib/gcc/arm-none-eabi/12.2.0/thumb/v7-m/nofp\libgcc.a(_arm_cmpsf2.o)
 .debug_abbrev  0x00000000000030b6       0x21 d:/msys64/mingw64/bin/../lib/gcc/arm-none-eabi/12.2.0/thumb/v7-m/nofp\libgcc.a(_arm_fixsfsi.o)

.debug_loc      0x0000000000000000     0x8d07
 .debug_loc     0x0000000000000000       0xb7 build/main.o
 .debug_loc     0x00000000000000b7       0x50 build/gpio.o
 .debug_loc     0x0000000000000107      0x140 build/adc.o
 .debug_loc     0x0000000000000247      0x154 build/i2c.o
 .debug_loc     0x000000000000039b      0x2b0 build/stm32f1xx_it.o
 .debug_loc     0x000000000000064b       0x5c build/stm32f1xx_hal_msp.o
 .debug_loc     0x00000000000006a7      0x8f4 build/stm32f1xx_hal_adc.o
 .debug_loc     0x0000000000000f9b      0x446 build/stm32f1xx_hal_adc_ex.o
 .debug_loc     0x00000000000013e1      0x698 build/stm32f1xx_hal.o
 .debug_loc     0x0000000000001a79      0x444 build/stm32f1xx_hal_rcc.o
 .debug_loc     0x0000000000001ebd       0xfc build/stm32f1xx_hal_rcc_ex.o
 .debug_loc     0x0000000000001fb9      0x2d4 build/stm32f1xx_hal_gpio.o
 .debug_loc     0x000000000000228d      0x470 build/stm32f1xx_hal_dma.o
 .debug_loc     0x00000000000026fd      0x8f8 build/stm32f1xx_hal_cortex.o
 .debug_loc     0x0000000000002ff5     0x1b52 build/stm32f1xx_hal_i2c.o
 .debug_loc     0x0000000000004b47     0x27a0 build/stm32f1xx_hal_tim.o
 .debug_loc     0x00000000000072e7      0xdc8 build/stm32f1xx_hal_tim_ex.o
 .debug_loc     0x00000000000080af       0xa0 build/system_stm32f1xx.o
 .debug_loc     0x000000000000814f      0x592 build/oled.o
 .debug_loc     0x00000000000086e1      0x1b8 build/ADS1015.o
 .debug_loc     0x0000000000008899       0xf0 build/Battery.o
 .debug_loc     0x0000000000008989       0xf0 build/UI.o
 .debug_loc     0x0000000000008a79       0xfc build/FSM.o
 .debug_loc     0x0000000000008b75      0x192 build/tim.o

.debug_aranges  0x0000000000000000     0x1140
 .debug_aranges
                0x0000000000000000       0x30 build/main.o
 .debug_aranges
                0x0000000000000030       0x20 build/gpio.o
 .debug_aranges
                0x0000000000000050       0x38 build/adc.o
 .debug_aranges
                0x0000000000000088       0x40 build/i2c.o
 .debug_aranges
                0x00000000000000c8       0x88 build/stm32f1xx_it.o
 .debug_aranges
                0x0000000000000150       0x20 build/stm32f1xx_hal_msp.o
 .debug_aranges
                0x0000000000000170       0xf0 build/stm32f1xx_hal_adc.o
 .debug_aranges
                0x0000000000000260       0x80 build/stm32f1xx_hal_adc_ex.o
 .debug_aranges
                0x00000000000002e0       0xe0 build/stm32f1xx_hal.o
 .debug_aranges
                0x00000000000003c0       0x90 build/stm32f1xx_hal_rcc.o
 .debug_aranges
                0x0000000000000450       0x30 build/stm32f1xx_hal_rcc_ex.o
 .debug_aranges
                0x0000000000000480       0x58 build/stm32f1xx_hal_gpio.o
 .debug_aranges
                0x00000000000004d8       0x80 build/stm32f1xx_hal_dma.o
 .debug_aranges
                0x0000000000000558      0x100 build/stm32f1xx_hal_cortex.o
 .debug_aranges
                0x0000000000000658      0x2a8 build/stm32f1xx_hal_i2c.o
 .debug_aranges
                0x0000000000000900      0x3d0 build/stm32f1xx_hal_tim.o
 .debug_aranges
                0x0000000000000cd0      0x168 build/stm32f1xx_hal_tim_ex.o
 .debug_aranges
                0x0000000000000e38       0x28 build/system_stm32f1xx.o
 .debug_aranges
                0x0000000000000e60       0xb0 build/oled.o
 .debug_aranges
                0x0000000000000f10       0x38 build/ADS1015.o
 .debug_aranges
                0x0000000000000f48       0x30 build/Battery.o
 .debug_aranges
                0x0000000000000f78       0x30 build/UI.o
 .debug_aranges
                0x0000000000000fa8       0x30 build/FSM.o
 .debug_aranges
                0x0000000000000fd8       0x40 build/tim.o
 .debug_aranges
                0x0000000000001018       0x28 build/startup_stm32f103xe.o
 .debug_aranges
                0x0000000000001040       0x20 d:/msys64/mingw64/bin/../lib/gcc/arm-none-eabi/12.2.0/thumb/v7-m/nofp\libgcc.a(_arm_muldf3.o)
 .debug_aranges
                0x0000000000001060       0x20 d:/msys64/mingw64/bin/../lib/gcc/arm-none-eabi/12.2.0/thumb/v7-m/nofp\libgcc.a(_arm_addsubdf3.o)
 .debug_aranges
                0x0000000000001080       0x20 d:/msys64/mingw64/bin/../lib/gcc/arm-none-eabi/12.2.0/thumb/v7-m/nofp\libgcc.a(_arm_cmpdf2.o)
 .debug_aranges
                0x00000000000010a0       0x20 d:/msys64/mingw64/bin/../lib/gcc/arm-none-eabi/12.2.0/thumb/v7-m/nofp\libgcc.a(_arm_truncdfsf2.o)
 .debug_aranges
                0x00000000000010c0       0x20 d:/msys64/mingw64/bin/../lib/gcc/arm-none-eabi/12.2.0/thumb/v7-m/nofp\libgcc.a(_arm_addsubsf3.o)
 .debug_aranges
                0x00000000000010e0       0x20 d:/msys64/mingw64/bin/../lib/gcc/arm-none-eabi/12.2.0/thumb/v7-m/nofp\libgcc.a(_arm_muldivsf3.o)
 .debug_aranges
                0x0000000000001100       0x20 d:/msys64/mingw64/bin/../lib/gcc/arm-none-eabi/12.2.0/thumb/v7-m/nofp\libgcc.a(_arm_cmpsf2.o)
 .debug_aranges
                0x0000000000001120       0x20 d:/msys64/mingw64/bin/../lib/gcc/arm-none-eabi/12.2.0/thumb/v7-m/nofp\libgcc.a(_arm_fixsfsi.o)

.debug_ranges   0x0000000000000000      0xed0
 .debug_ranges  0x0000000000000000       0x20 build/main.o
 .debug_ranges  0x0000000000000020       0x10 build/gpio.o
 .debug_ranges  0x0000000000000030       0x28 build/adc.o
 .debug_ranges  0x0000000000000058       0x30 build/i2c.o
 .debug_ranges  0x0000000000000088       0x78 build/stm32f1xx_it.o
 .debug_ranges  0x0000000000000100       0x10 build/stm32f1xx_hal_msp.o
 .debug_ranges  0x0000000000000110       0xe0 build/stm32f1xx_hal_adc.o
 .debug_ranges  0x00000000000001f0       0x70 build/stm32f1xx_hal_adc_ex.o
 .debug_ranges  0x0000000000000260       0xd0 build/stm32f1xx_hal.o
 .debug_ranges  0x0000000000000330       0x80 build/stm32f1xx_hal_rcc.o
 .debug_ranges  0x00000000000003b0       0x20 build/stm32f1xx_hal_rcc_ex.o
 .debug_ranges  0x00000000000003d0       0x48 build/stm32f1xx_hal_gpio.o
 .debug_ranges  0x0000000000000418       0x70 build/stm32f1xx_hal_dma.o
 .debug_ranges  0x0000000000000488       0xf0 build/stm32f1xx_hal_cortex.o
 .debug_ranges  0x0000000000000578      0x2b0 build/stm32f1xx_hal_i2c.o
 .debug_ranges  0x0000000000000828      0x3c0 build/stm32f1xx_hal_tim.o
 .debug_ranges  0x0000000000000be8      0x158 build/stm32f1xx_hal_tim_ex.o
 .debug_ranges  0x0000000000000d40       0x18 build/system_stm32f1xx.o
 .debug_ranges  0x0000000000000d58       0xa0 build/oled.o
 .debug_ranges  0x0000000000000df8       0x28 build/ADS1015.o
 .debug_ranges  0x0000000000000e20       0x20 build/Battery.o
 .debug_ranges  0x0000000000000e40       0x20 build/UI.o
 .debug_ranges  0x0000000000000e60       0x20 build/FSM.o
 .debug_ranges  0x0000000000000e80       0x30 build/tim.o
 .debug_ranges  0x0000000000000eb0       0x20 build/startup_stm32f103xe.o

.debug_line     0x0000000000000000     0xea41
 .debug_line    0x0000000000000000      0x30e build/main.o
 .debug_line    0x000000000000030e      0x164 build/gpio.o
 .debug_line    0x0000000000000472      0x380 build/adc.o
 .debug_line    0x00000000000007f2      0x2a8 build/i2c.o
 .debug_line    0x0000000000000a9a      0x2f4 build/stm32f1xx_it.o
 .debug_line    0x0000000000000d8e      0x10f build/stm32f1xx_hal_msp.o
 .debug_line    0x0000000000000e9d      0xb28 build/stm32f1xx_hal_adc.o
 .debug_line    0x00000000000019c5      0x867 build/stm32f1xx_hal_adc_ex.o
 .debug_line    0x000000000000222c      0x462 build/stm32f1xx_hal.o
 .debug_line    0x000000000000268e      0x885 build/stm32f1xx_hal_rcc.o
 .debug_line    0x0000000000002f13      0x3b2 build/stm32f1xx_hal_rcc_ex.o
 .debug_line    0x00000000000032c5      0x4d4 build/stm32f1xx_hal_gpio.o
 .debug_line    0x0000000000003799      0xd5f build/stm32f1xx_hal_dma.o
 .debug_line    0x00000000000044f8      0x5e2 build/stm32f1xx_hal_cortex.o
 .debug_line    0x0000000000004ada     0x373a build/stm32f1xx_hal_i2c.o
 .debug_line    0x0000000000008214     0x3197 build/stm32f1xx_hal_tim.o
 .debug_line    0x000000000000b3ab     0x1407 build/stm32f1xx_hal_tim_ex.o
 .debug_line    0x000000000000c7b2      0x1bb build/system_stm32f1xx.o
 .debug_line    0x000000000000c96d      0x829 build/oled.o
 .debug_line    0x000000000000d196      0x263 build/ADS1015.o
 .debug_line    0x000000000000d3f9      0x74b build/Battery.o
 .debug_line    0x000000000000db44      0x266 build/UI.o
 .debug_line    0x000000000000ddaa      0x27f build/FSM.o
 .debug_line    0x000000000000e029      0x301 build/tim.o
 .debug_line    0x000000000000e32a       0x75 build/startup_stm32f103xe.o
 .debug_line    0x000000000000e39f       0xf5 d:/msys64/mingw64/bin/../lib/gcc/arm-none-eabi/12.2.0/thumb/v7-m/nofp\libgcc.a(_arm_muldf3.o)
 .debug_line    0x000000000000e494      0x16f d:/msys64/mingw64/bin/../lib/gcc/arm-none-eabi/12.2.0/thumb/v7-m/nofp\libgcc.a(_arm_addsubdf3.o)
 .debug_line    0x000000000000e603       0xa6 d:/msys64/mingw64/bin/../lib/gcc/arm-none-eabi/12.2.0/thumb/v7-m/nofp\libgcc.a(_arm_cmpdf2.o)
 .debug_line    0x000000000000e6a9       0x76 d:/msys64/mingw64/bin/../lib/gcc/arm-none-eabi/12.2.0/thumb/v7-m/nofp\libgcc.a(_arm_truncdfsf2.o)
 .debug_line    0x000000000000e71f      0x103 d:/msys64/mingw64/bin/../lib/gcc/arm-none-eabi/12.2.0/thumb/v7-m/nofp\libgcc.a(_arm_addsubsf3.o)
 .debug_line    0x000000000000e822      0x123 d:/msys64/mingw64/bin/../lib/gcc/arm-none-eabi/12.2.0/thumb/v7-m/nofp\libgcc.a(_arm_muldivsf3.o)
 .debug_line    0x000000000000e945       0x9a d:/msys64/mingw64/bin/../lib/gcc/arm-none-eabi/12.2.0/thumb/v7-m/nofp\libgcc.a(_arm_cmpsf2.o)
 .debug_line    0x000000000000e9df       0x62 d:/msys64/mingw64/bin/../lib/gcc/arm-none-eabi/12.2.0/thumb/v7-m/nofp\libgcc.a(_arm_fixsfsi.o)

.debug_str      0x0000000000000000     0x4b56
 .debug_str     0x0000000000000000      0xc05 build/main.o
                                        0xcda (size before relaxing)
 .debug_str     0x0000000000000c05      0x48c build/gpio.o
                                        0x608 (size before relaxing)
 .debug_str     0x0000000000001091      0x18e build/adc.o
                                        0x612 (size before relaxing)
 .debug_str     0x000000000000121f       0xb7 build/i2c.o
                                        0xb7b (size before relaxing)
 .debug_str     0x00000000000012d6      0x16b build/stm32f1xx_it.o
                                        0xa30 (size before relaxing)
 .debug_str     0x0000000000001441       0x29 build/stm32f1xx_hal_msp.o
                                        0x1ed (size before relaxing)
 .debug_str     0x000000000000146a      0x362 build/stm32f1xx_hal_adc.o
                                        0x8a8 (size before relaxing)
 .debug_str     0x00000000000017cc      0x28e build/stm32f1xx_hal_adc_ex.o
                                        0x873 (size before relaxing)
 .debug_str     0x0000000000001a5a      0x2e3 build/stm32f1xx_hal.o
                                        0x8e0 (size before relaxing)
 .debug_str     0x0000000000001d3d      0x1fe build/stm32f1xx_hal_rcc.o
                                        0x5f9 (size before relaxing)
 .debug_str     0x0000000000001f3b       0x81 build/stm32f1xx_hal_rcc_ex.o
                                        0x3df (size before relaxing)
 .debug_str     0x0000000000001fbc      0x12c build/stm32f1xx_hal_gpio.o
                                        0x3ce (size before relaxing)
 .debug_str     0x00000000000020e8      0x218 build/stm32f1xx_hal_dma.o
                                        0x5cb (size before relaxing)
 .debug_str     0x0000000000002300      0x391 build/stm32f1xx_hal_cortex.o
                                        0x985 (size before relaxing)
 .debug_str     0x0000000000002691      0x85f build/stm32f1xx_hal_i2c.o
                                        0xf93 (size before relaxing)
 .debug_str     0x0000000000002ef0      0xeff build/stm32f1xx_hal_tim.o
                                       0x1653 (size before relaxing)
 .debug_str     0x0000000000003def      0x55b build/stm32f1xx_hal_tim_ex.o
                                        0xe5f (size before relaxing)
 .debug_str     0x000000000000434a       0x4f build/system_stm32f1xx.o
                                        0x222 (size before relaxing)
 .debug_str     0x0000000000004399      0x18e build/oled.o
                                        0x805 (size before relaxing)
 .debug_str     0x0000000000004527       0xc3 build/ADS1015.o
                                        0x729 (size before relaxing)
 .debug_str     0x00000000000045ea       0x7d build/Battery.o
                                        0x615 (size before relaxing)
 .debug_str     0x0000000000004667       0x49 build/UI.o
                                        0x377 (size before relaxing)
 .debug_str     0x00000000000046b0       0x20 build/FSM.o
                                        0x77f (size before relaxing)
 .debug_str     0x00000000000046d0       0x46 build/tim.o
                                        0xd3b (size before relaxing)
 .debug_str     0x0000000000004716       0x30 build/startup_stm32f103xe.o
                                         0x60 (size before relaxing)
 .debug_str     0x0000000000004746       0xbf d:/msys64/mingw64/bin/../lib/gcc/arm-none-eabi/12.2.0/thumb/v7-m/nofp\libgcc.a(_arm_muldf3.o)
                                         0xcb (size before relaxing)
 .debug_str     0x0000000000004805       0xba d:/msys64/mingw64/bin/../lib/gcc/arm-none-eabi/12.2.0/thumb/v7-m/nofp\libgcc.a(_arm_addsubdf3.o)
                                        0x16f (size before relaxing)
 .debug_str     0x00000000000048bf       0xb5 d:/msys64/mingw64/bin/../lib/gcc/arm-none-eabi/12.2.0/thumb/v7-m/nofp\libgcc.a(_arm_cmpdf2.o)
                                        0x16a (size before relaxing)
 .debug_str     0x0000000000004974       0x19 d:/msys64/mingw64/bin/../lib/gcc/arm-none-eabi/12.2.0/thumb/v7-m/nofp\libgcc.a(_arm_truncdfsf2.o)
                                         0xce (size before relaxing)
 .debug_str     0x000000000000498d       0xd1 d:/msys64/mingw64/bin/../lib/gcc/arm-none-eabi/12.2.0/thumb/v7-m/nofp\libgcc.a(_arm_addsubsf3.o)
                                        0x155 (size before relaxing)
 .debug_str     0x0000000000004a5e       0x2c d:/msys64/mingw64/bin/../lib/gcc/arm-none-eabi/12.2.0/thumb/v7-m/nofp\libgcc.a(_arm_muldivsf3.o)
                                         0xe1 (size before relaxing)
 .debug_str     0x0000000000004a8a       0xb5 d:/msys64/mingw64/bin/../lib/gcc/arm-none-eabi/12.2.0/thumb/v7-m/nofp\libgcc.a(_arm_cmpsf2.o)
                                        0x16a (size before relaxing)
 .debug_str     0x0000000000004b3f       0x17 d:/msys64/mingw64/bin/../lib/gcc/arm-none-eabi/12.2.0/thumb/v7-m/nofp\libgcc.a(_arm_fixsfsi.o)
                                         0xcc (size before relaxing)

.debug_frame    0x0000000000000000     0x454c
 .debug_frame   0x0000000000000000       0x6c build/main.o
 .debug_frame   0x000000000000006c       0x34 build/gpio.o
 .debug_frame   0x00000000000000a0       0xa0 build/adc.o
 .debug_frame   0x0000000000000140       0xb8 build/i2c.o
 .debug_frame   0x00000000000001f8      0x190 build/stm32f1xx_it.o
 .debug_frame   0x0000000000000388       0x38 build/stm32f1xx_hal_msp.o
 .debug_frame   0x00000000000003c0      0x40c build/stm32f1xx_hal_adc.o
 .debug_frame   0x00000000000007cc      0x200 build/stm32f1xx_hal_adc_ex.o
 .debug_frame   0x00000000000009cc      0x334 build/stm32f1xx_hal.o
 .debug_frame   0x0000000000000d00      0x218 build/stm32f1xx_hal_rcc.o
 .debug_frame   0x0000000000000f18       0x80 build/stm32f1xx_hal_rcc_ex.o
 .debug_frame   0x0000000000000f98      0x14c build/stm32f1xx_hal_gpio.o
 .debug_frame   0x00000000000010e4      0x20c build/stm32f1xx_hal_dma.o
 .debug_frame   0x00000000000012f0      0x428 build/stm32f1xx_hal_cortex.o
 .debug_frame   0x0000000000001718      0xc84 build/stm32f1xx_hal_i2c.o
 .debug_frame   0x000000000000239c     0x11b8 build/stm32f1xx_hal_tim.o
 .debug_frame   0x0000000000003554      0x638 build/stm32f1xx_hal_tim_ex.o
 .debug_frame   0x0000000000003b8c       0x58 build/system_stm32f1xx.o
 .debug_frame   0x0000000000003be4      0x2c4 build/oled.o
 .debug_frame   0x0000000000003ea8       0xcc build/ADS1015.o
 .debug_frame   0x0000000000003f74       0x84 build/Battery.o
 .debug_frame   0x0000000000003ff8       0x84 build/UI.o
 .debug_frame   0x000000000000407c       0x80 build/FSM.o
 .debug_frame   0x00000000000040fc       0xc4 build/tim.o
 .debug_frame   0x00000000000041c0       0x2c d:/msys64/mingw64/bin/../lib/gcc/arm-none-eabi/12.2.0/../../../../arm-none-eabi/lib/thumb/v7-m/nofp\libc_nano.a(lib_a-init.o)
 .debug_frame   0x00000000000041ec       0x2c d:/msys64/mingw64/bin/../lib/gcc/arm-none-eabi/12.2.0/../../../../arm-none-eabi/lib/thumb/v7-m/nofp\libc_nano.a(lib_a-memset.o)
 .debug_frame   0x0000000000004218       0x30 d:/msys64/mingw64/bin/../lib/gcc/arm-none-eabi/12.2.0/thumb/v7-m/nofp\libgcc.a(_arm_muldf3.o)
 .debug_frame   0x0000000000004248       0xac d:/msys64/mingw64/bin/../lib/gcc/arm-none-eabi/12.2.0/thumb/v7-m/nofp\libgcc.a(_arm_addsubdf3.o)
 .debug_frame   0x00000000000042f4       0xc4 d:/msys64/mingw64/bin/../lib/gcc/arm-none-eabi/12.2.0/thumb/v7-m/nofp\libgcc.a(_arm_cmpdf2.o)
 .debug_frame   0x00000000000043b8       0x24 d:/msys64/mingw64/bin/../lib/gcc/arm-none-eabi/12.2.0/thumb/v7-m/nofp\libgcc.a(_arm_truncdfsf2.o)
 .debug_frame   0x00000000000043dc       0x4c d:/msys64/mingw64/bin/../lib/gcc/arm-none-eabi/12.2.0/thumb/v7-m/nofp\libgcc.a(_arm_addsubsf3.o)
 .debug_frame   0x0000000000004428       0x38 d:/msys64/mingw64/bin/../lib/gcc/arm-none-eabi/12.2.0/thumb/v7-m/nofp\libgcc.a(_arm_muldivsf3.o)
 .debug_frame   0x0000000000004460       0xc8 d:/msys64/mingw64/bin/../lib/gcc/arm-none-eabi/12.2.0/thumb/v7-m/nofp\libgcc.a(_arm_cmpsf2.o)
 .debug_frame   0x0000000000004528       0x24 d:/msys64/mingw64/bin/../lib/gcc/arm-none-eabi/12.2.0/thumb/v7-m/nofp\libgcc.a(_arm_fixsfsi.o)

.debug_line_str
                0x0000000000000000       0xb6
 .debug_line_str
                0x0000000000000000       0xa9 d:/msys64/mingw64/bin/../lib/gcc/arm-none-eabi/12.2.0/thumb/v7-m/nofp\libgcc.a(_arm_muldf3.o)
 .debug_line_str
                0x00000000000000a9       0xa9 d:/msys64/mingw64/bin/../lib/gcc/arm-none-eabi/12.2.0/thumb/v7-m/nofp\libgcc.a(_arm_addsubdf3.o)
 .debug_line_str
                0x00000000000000a9       0xa9 d:/msys64/mingw64/bin/../lib/gcc/arm-none-eabi/12.2.0/thumb/v7-m/nofp\libgcc.a(_arm_cmpdf2.o)
 .debug_line_str
                0x00000000000000a9       0xa9 d:/msys64/mingw64/bin/../lib/gcc/arm-none-eabi/12.2.0/thumb/v7-m/nofp\libgcc.a(_arm_truncdfsf2.o)
 .debug_line_str
                0x00000000000000a9        0xd d:/msys64/mingw64/bin/../lib/gcc/arm-none-eabi/12.2.0/thumb/v7-m/nofp\libgcc.a(_arm_addsubsf3.o)
                                         0xa9 (size before relaxing)
 .debug_line_str
                0x00000000000000b6       0xa9 d:/msys64/mingw64/bin/../lib/gcc/arm-none-eabi/12.2.0/thumb/v7-m/nofp\libgcc.a(_arm_muldivsf3.o)
 .debug_line_str
                0x00000000000000b6       0xa9 d:/msys64/mingw64/bin/../lib/gcc/arm-none-eabi/12.2.0/thumb/v7-m/nofp\libgcc.a(_arm_cmpsf2.o)
 .debug_line_str
                0x00000000000000b6       0xa9 d:/msys64/mingw64/bin/../lib/gcc/arm-none-eabi/12.2.0/thumb/v7-m/nofp\libgcc.a(_arm_fixsfsi.o)

Cross Reference Table

Symbol                                            File
AD1015_Check                                      build/ADS1015.o
                                                  build/main.o
ADC1_2_IRQHandler                                 build/startup_stm32f103xe.o
ADC1_value                                        build/Battery.o
ADC2_value                                        build/Battery.o
ADC3_IRQHandler                                   build/startup_stm32f103xe.o
ADC_ConversionStop_Disable                        build/stm32f1xx_hal_adc.o
                                                  build/stm32f1xx_hal_adc_ex.o
ADC_DMAConvCplt                                   build/stm32f1xx_hal_adc.o
                                                  build/stm32f1xx_hal_adc_ex.o
ADC_DMAError                                      build/stm32f1xx_hal_adc.o
                                                  build/stm32f1xx_hal_adc_ex.o
ADC_DMAHalfConvCplt                               build/stm32f1xx_hal_adc.o
                                                  build/stm32f1xx_hal_adc_ex.o
ADC_Enable                                        build/stm32f1xx_hal_adc.o
                                                  build/stm32f1xx_hal_adc_ex.o
ADS1015_CONFIG                                    build/ADS1015.o
ADS1015_Config                                    build/ADS1015.o
ADS1015_Config_Register                           build/ADS1015.o
ADS1015_Read_Data                                 build/ADS1015.o
AHBPrescTable                                     build/system_stm32f1xx.o
                                                  build/stm32f1xx_hal_rcc.o
APBPrescTable                                     build/system_stm32f1xx.o
                                                  build/stm32f1xx_hal_rcc.o
BB_FSM_Refresh                                    build/FSM.o
BB_fsm                                            build/FSM.o
                                                  build/main.o
Battery                                           build/Battery.o
                                                  build/FSM.o
                                                  build/main.o
Battery_Clear                                     build/Battery.o
Battery_Init                                      build/Battery.o
                                                  build/main.o
Battery_Refresh                                   build/Battery.o
                                                  build/FSM.o
BusFault_Handler                                  build/stm32f1xx_it.o
CAN1_RX1_IRQHandler                               build/startup_stm32f103xe.o
CAN1_SCE_IRQHandler                               build/startup_stm32f103xe.o
DMA1_Channel1_IRQHandler                          build/startup_stm32f103xe.o
DMA1_Channel2_IRQHandler                          build/startup_stm32f103xe.o
DMA1_Channel3_IRQHandler                          build/startup_stm32f103xe.o
DMA1_Channel4_IRQHandler                          build/startup_stm32f103xe.o
DMA1_Channel5_IRQHandler                          build/startup_stm32f103xe.o
DMA1_Channel6_IRQHandler                          build/startup_stm32f103xe.o
DMA1_Channel7_IRQHandler                          build/startup_stm32f103xe.o
DMA2_Channel1_IRQHandler                          build/startup_stm32f103xe.o
DMA2_Channel2_IRQHandler                          build/startup_stm32f103xe.o
DMA2_Channel3_IRQHandler                          build/startup_stm32f103xe.o
DMA2_Channel4_5_IRQHandler                        build/startup_stm32f103xe.o
DebugMon_Handler                                  build/stm32f1xx_it.o
Default_Handler                                   build/startup_stm32f103xe.o
EXTI0_IRQHandler                                  build/startup_stm32f103xe.o
EXTI15_10_IRQHandler                              build/startup_stm32f103xe.o
EXTI1_IRQHandler                                  build/startup_stm32f103xe.o
EXTI2_IRQHandler                                  build/startup_stm32f103xe.o
EXTI3_IRQHandler                                  build/startup_stm32f103xe.o
EXTI4_IRQHandler                                  build/startup_stm32f103xe.o
EXTI9_5_IRQHandler                                build/stm32f1xx_it.o
Error_Handler                                     build/main.o
                                                  build/tim.o
                                                  build/i2c.o
                                                  build/adc.o
FLASH_IRQHandler                                  build/startup_stm32f103xe.o
FLASH_PageErase                                   build/stm32f1xx_hal_flash_ex.o
                                                  build/stm32f1xx_hal_flash.o
FLASH_WaitForLastOperation                        build/stm32f1xx_hal_flash.o
                                                  build/stm32f1xx_hal_flash_ex.o
FSMC_IRQHandler                                   build/startup_stm32f103xe.o
FSM_StateRefresh                                  build/FSM.o
                                                  build/main.o
HAL_ADCEx_Calibration_Start                       build/stm32f1xx_hal_adc_ex.o
                                                  build/Battery.o
HAL_ADCEx_InjectedConfigChannel                   build/stm32f1xx_hal_adc_ex.o
HAL_ADCEx_InjectedConvCpltCallback                build/stm32f1xx_hal_adc_ex.o
                                                  build/stm32f1xx_hal_adc.o
HAL_ADCEx_InjectedGetValue                        build/stm32f1xx_hal_adc_ex.o
HAL_ADCEx_InjectedPollForConversion               build/stm32f1xx_hal_adc_ex.o
HAL_ADCEx_InjectedStart                           build/stm32f1xx_hal_adc_ex.o
HAL_ADCEx_InjectedStart_IT                        build/stm32f1xx_hal_adc_ex.o
HAL_ADCEx_InjectedStop                            build/stm32f1xx_hal_adc_ex.o
HAL_ADCEx_InjectedStop_IT                         build/stm32f1xx_hal_adc_ex.o
HAL_ADCEx_MultiModeConfigChannel                  build/stm32f1xx_hal_adc_ex.o
HAL_ADCEx_MultiModeGetValue                       build/stm32f1xx_hal_adc_ex.o
HAL_ADCEx_MultiModeStart_DMA                      build/stm32f1xx_hal_adc_ex.o
HAL_ADCEx_MultiModeStop_DMA                       build/stm32f1xx_hal_adc_ex.o
HAL_ADC_AnalogWDGConfig                           build/stm32f1xx_hal_adc.o
HAL_ADC_ConfigChannel                             build/stm32f1xx_hal_adc.o
                                                  build/adc.o
HAL_ADC_ConvCpltCallback                          build/stm32f1xx_hal_adc.o
HAL_ADC_ConvHalfCpltCallback                      build/stm32f1xx_hal_adc.o
HAL_ADC_DeInit                                    build/stm32f1xx_hal_adc.o
HAL_ADC_ErrorCallback                             build/stm32f1xx_hal_adc.o
HAL_ADC_GetError                                  build/stm32f1xx_hal_adc.o
HAL_ADC_GetState                                  build/stm32f1xx_hal_adc.o
                                                  build/Battery.o
HAL_ADC_GetValue                                  build/stm32f1xx_hal_adc.o
                                                  build/Battery.o
HAL_ADC_IRQHandler                                build/stm32f1xx_hal_adc.o
HAL_ADC_Init                                      build/stm32f1xx_hal_adc.o
                                                  build/adc.o
HAL_ADC_LevelOutOfWindowCallback                  build/stm32f1xx_hal_adc.o
HAL_ADC_MspDeInit                                 build/adc.o
HAL_ADC_MspInit                                   build/adc.o
HAL_ADC_PollForConversion                         build/stm32f1xx_hal_adc.o
                                                  build/Battery.o
HAL_ADC_PollForEvent                              build/stm32f1xx_hal_adc.o
HAL_ADC_Start                                     build/stm32f1xx_hal_adc.o
                                                  build/Battery.o
HAL_ADC_Start_DMA                                 build/stm32f1xx_hal_adc.o
HAL_ADC_Start_IT                                  build/stm32f1xx_hal_adc.o
HAL_ADC_Stop                                      build/stm32f1xx_hal_adc.o
                                                  build/Battery.o
HAL_ADC_Stop_DMA                                  build/stm32f1xx_hal_adc.o
HAL_ADC_Stop_IT                                   build/stm32f1xx_hal_adc.o
HAL_DBGMCU_DisableDBGSleepMode                    build/stm32f1xx_hal.o
HAL_DBGMCU_DisableDBGStandbyMode                  build/stm32f1xx_hal.o
HAL_DBGMCU_DisableDBGStopMode                     build/stm32f1xx_hal.o
HAL_DBGMCU_EnableDBGSleepMode                     build/stm32f1xx_hal.o
HAL_DBGMCU_EnableDBGStandbyMode                   build/stm32f1xx_hal.o
HAL_DBGMCU_EnableDBGStopMode                      build/stm32f1xx_hal.o
HAL_DMA_Abort                                     build/stm32f1xx_hal_dma.o
                                                  build/stm32f1xx_hal_adc_ex.o
                                                  build/stm32f1xx_hal_adc.o
HAL_DMA_Abort_IT                                  build/stm32f1xx_hal_dma.o
                                                  build/stm32f1xx_hal_tim_ex.o
                                                  build/stm32f1xx_hal_tim.o
                                                  build/stm32f1xx_hal_i2c.o
HAL_DMA_DeInit                                    build/stm32f1xx_hal_dma.o
HAL_DMA_GetError                                  build/stm32f1xx_hal_dma.o
HAL_DMA_GetState                                  build/stm32f1xx_hal_dma.o
                                                  build/stm32f1xx_hal_i2c.o
HAL_DMA_IRQHandler                                build/stm32f1xx_hal_dma.o
HAL_DMA_Init                                      build/stm32f1xx_hal_dma.o
HAL_DMA_PollForTransfer                           build/stm32f1xx_hal_dma.o
HAL_DMA_RegisterCallback                          build/stm32f1xx_hal_dma.o
HAL_DMA_Start                                     build/stm32f1xx_hal_dma.o
HAL_DMA_Start_IT                                  build/stm32f1xx_hal_dma.o
                                                  build/stm32f1xx_hal_tim_ex.o
                                                  build/stm32f1xx_hal_tim.o
                                                  build/stm32f1xx_hal_i2c.o
                                                  build/stm32f1xx_hal_adc_ex.o
                                                  build/stm32f1xx_hal_adc.o
HAL_DMA_UnRegisterCallback                        build/stm32f1xx_hal_dma.o
HAL_DeInit                                        build/stm32f1xx_hal.o
HAL_Delay                                         build/stm32f1xx_hal.o
HAL_EXTI_ClearConfigLine                          build/stm32f1xx_hal_exti.o
HAL_EXTI_ClearPending                             build/stm32f1xx_hal_exti.o
HAL_EXTI_GenerateSWI                              build/stm32f1xx_hal_exti.o
HAL_EXTI_GetConfigLine                            build/stm32f1xx_hal_exti.o
HAL_EXTI_GetHandle                                build/stm32f1xx_hal_exti.o
HAL_EXTI_GetPending                               build/stm32f1xx_hal_exti.o
HAL_EXTI_IRQHandler                               build/stm32f1xx_hal_exti.o
HAL_EXTI_RegisterCallback                         build/stm32f1xx_hal_exti.o
HAL_EXTI_SetConfigLine                            build/stm32f1xx_hal_exti.o
HAL_FLASHEx_Erase                                 build/stm32f1xx_hal_flash_ex.o
HAL_FLASHEx_Erase_IT                              build/stm32f1xx_hal_flash_ex.o
HAL_FLASHEx_OBErase                               build/stm32f1xx_hal_flash_ex.o
HAL_FLASHEx_OBGetConfig                           build/stm32f1xx_hal_flash_ex.o
HAL_FLASHEx_OBGetUserData                         build/stm32f1xx_hal_flash_ex.o
HAL_FLASHEx_OBProgram                             build/stm32f1xx_hal_flash_ex.o
HAL_FLASH_EndOfOperationCallback                  build/stm32f1xx_hal_flash.o
HAL_FLASH_GetError                                build/stm32f1xx_hal_flash.o
HAL_FLASH_IRQHandler                              build/stm32f1xx_hal_flash.o
HAL_FLASH_Lock                                    build/stm32f1xx_hal_flash.o
HAL_FLASH_OB_Launch                               build/stm32f1xx_hal_flash.o
HAL_FLASH_OB_Lock                                 build/stm32f1xx_hal_flash.o
HAL_FLASH_OB_Unlock                               build/stm32f1xx_hal_flash.o
HAL_FLASH_OperationErrorCallback                  build/stm32f1xx_hal_flash.o
HAL_FLASH_Program                                 build/stm32f1xx_hal_flash.o
HAL_FLASH_Program_IT                              build/stm32f1xx_hal_flash.o
HAL_FLASH_Unlock                                  build/stm32f1xx_hal_flash.o
HAL_GPIOEx_ConfigEventout                         build/stm32f1xx_hal_gpio_ex.o
HAL_GPIOEx_DisableEventout                        build/stm32f1xx_hal_gpio_ex.o
HAL_GPIOEx_EnableEventout                         build/stm32f1xx_hal_gpio_ex.o
HAL_GPIO_DeInit                                   build/stm32f1xx_hal_gpio.o
                                                  build/i2c.o
                                                  build/adc.o
HAL_GPIO_EXTI_Callback                            build/UI.o
                                                  build/stm32f1xx_hal_gpio.o
HAL_GPIO_EXTI_IRQHandler                          build/stm32f1xx_hal_gpio.o
                                                  build/stm32f1xx_it.o
HAL_GPIO_Init                                     build/stm32f1xx_hal_gpio.o
                                                  build/tim.o
                                                  build/stm32f1xx_hal_rcc.o
                                                  build/i2c.o
                                                  build/adc.o
                                                  build/gpio.o
HAL_GPIO_LockPin                                  build/stm32f1xx_hal_gpio.o
HAL_GPIO_ReadPin                                  build/stm32f1xx_hal_gpio.o
HAL_GPIO_TogglePin                                build/stm32f1xx_hal_gpio.o
HAL_GPIO_WritePin                                 build/stm32f1xx_hal_gpio.o
HAL_GetDEVID                                      build/stm32f1xx_hal.o
HAL_GetHalVersion                                 build/stm32f1xx_hal.o
HAL_GetREVID                                      build/stm32f1xx_hal.o
HAL_GetTick                                       build/stm32f1xx_hal.o
                                                  build/stm32f1xx_hal_i2c.o
                                                  build/stm32f1xx_hal_flash.o
                                                  build/stm32f1xx_hal_dma.o
                                                  build/stm32f1xx_hal_rcc_ex.o
                                                  build/stm32f1xx_hal_rcc.o
                                                  build/stm32f1xx_hal_adc_ex.o
                                                  build/stm32f1xx_hal_adc.o
HAL_GetTickFreq                                   build/stm32f1xx_hal.o
HAL_GetTickPrio                                   build/stm32f1xx_hal.o
HAL_GetUIDw0                                      build/stm32f1xx_hal.o
HAL_GetUIDw1                                      build/stm32f1xx_hal.o
HAL_GetUIDw2                                      build/stm32f1xx_hal.o
HAL_I2C_AbortCpltCallback                         build/stm32f1xx_hal_i2c.o
HAL_I2C_AddrCallback                              build/stm32f1xx_hal_i2c.o
HAL_I2C_DeInit                                    build/stm32f1xx_hal_i2c.o
HAL_I2C_DisableListen_IT                          build/stm32f1xx_hal_i2c.o
HAL_I2C_ER_IRQHandler                             build/stm32f1xx_hal_i2c.o
                                                  build/stm32f1xx_it.o
HAL_I2C_EV_IRQHandler                             build/stm32f1xx_hal_i2c.o
                                                  build/stm32f1xx_it.o
HAL_I2C_EnableListen_IT                           build/stm32f1xx_hal_i2c.o
HAL_I2C_ErrorCallback                             build/i2c.o
HAL_I2C_GetError                                  build/stm32f1xx_hal_i2c.o
                                                  build/ADS1015.o
HAL_I2C_GetMode                                   build/stm32f1xx_hal_i2c.o
HAL_I2C_GetState                                  build/stm32f1xx_hal_i2c.o
HAL_I2C_Init                                      build/stm32f1xx_hal_i2c.o
                                                  build/i2c.o
HAL_I2C_IsDeviceReady                             build/stm32f1xx_hal_i2c.o
HAL_I2C_ListenCpltCallback                        build/stm32f1xx_hal_i2c.o
HAL_I2C_MasterRxCpltCallback                      build/stm32f1xx_hal_i2c.o
HAL_I2C_MasterTxCpltCallback                      build/stm32f1xx_hal_i2c.o
HAL_I2C_Master_Abort_IT                           build/stm32f1xx_hal_i2c.o
HAL_I2C_Master_Receive                            build/stm32f1xx_hal_i2c.o
                                                  build/ADS1015.o
HAL_I2C_Master_Receive_DMA                        build/stm32f1xx_hal_i2c.o
HAL_I2C_Master_Receive_IT                         build/stm32f1xx_hal_i2c.o
HAL_I2C_Master_Seq_Receive_DMA                    build/stm32f1xx_hal_i2c.o