Archive member included to satisfy reference by file (symbol)

d:/msys64/mingw64/bin/../lib/gcc/arm-none-eabi/12.2.0/../../../../arm-none-eabi/lib/thumb/v7-m/nofp\libc_nano.a(lib_a-atexit.o)
                              d:/msys64/mingw64/bin/../lib/gcc/arm-none-eabi/12.2.0/../../../../arm-none-eabi/lib/thumb/v7-m/nofp/crt0.o (atexit)
d:/msys64/mingw64/bin/../lib/gcc/arm-none-eabi/12.2.0/../../../../arm-none-eabi/lib/thumb/v7-m/nofp\libc_nano.a(lib_a-errno.o)
                              build/sysmem.o (__errno)
d:/msys64/mingw64/bin/../lib/gcc/arm-none-eabi/12.2.0/../../../../arm-none-eabi/lib/thumb/v7-m/nofp\libc_nano.a(lib_a-exit.o)
                              d:/msys64/mingw64/bin/../lib/gcc/arm-none-eabi/12.2.0/../../../../arm-none-eabi/lib/thumb/v7-m/nofp/crt0.o (exit)
d:/msys64/mingw64/bin/../lib/gcc/arm-none-eabi/12.2.0/../../../../arm-none-eabi/lib/thumb/v7-m/nofp\libc_nano.a(lib_a-fini.o)
                              d:/msys64/mingw64/bin/../lib/gcc/arm-none-eabi/12.2.0/../../../../arm-none-eabi/lib/thumb/v7-m/nofp/crt0.o (__libc_fini_array)
d:/msys64/mingw64/bin/../lib/gcc/arm-none-eabi/12.2.0/../../../../arm-none-eabi/lib/thumb/v7-m/nofp\libc_nano.a(lib_a-impure.o)
                              d:/msys64/mingw64/bin/../lib/gcc/arm-none-eabi/12.2.0/../../../../arm-none-eabi/lib/thumb/v7-m/nofp\libc_nano.a(lib_a-exit.o) (_global_impure_ptr)
d:/msys64/mingw64/bin/../lib/gcc/arm-none-eabi/12.2.0/../../../../arm-none-eabi/lib/thumb/v7-m/nofp\libc_nano.a(lib_a-init.o)
                              d:/msys64/mingw64/bin/../lib/gcc/arm-none-eabi/12.2.0/../../../../arm-none-eabi/lib/thumb/v7-m/nofp/crt0.o (__libc_init_array)
d:/msys64/mingw64/bin/../lib/gcc/arm-none-eabi/12.2.0/../../../../arm-none-eabi/lib/thumb/v7-m/nofp\libc_nano.a(lib_a-memset.o)
                              d:/msys64/mingw64/bin/../lib/gcc/arm-none-eabi/12.2.0/../../../../arm-none-eabi/lib/thumb/v7-m/nofp/crt0.o (memset)
d:/msys64/mingw64/bin/../lib/gcc/arm-none-eabi/12.2.0/../../../../arm-none-eabi/lib/thumb/v7-m/nofp\libc_nano.a(lib_a-__atexit.o)
                              d:/msys64/mingw64/bin/../lib/gcc/arm-none-eabi/12.2.0/../../../../arm-none-eabi/lib/thumb/v7-m/nofp\libc_nano.a(lib_a-atexit.o) (__register_exitproc)
d:/msys64/mingw64/bin/../lib/gcc/arm-none-eabi/12.2.0/../../../../arm-none-eabi/lib/thumb/v7-m/nofp\libc_nano.a(lib_a-__call_atexit.o)
                              d:/msys64/mingw64/bin/../lib/gcc/arm-none-eabi/12.2.0/../../../../arm-none-eabi/lib/thumb/v7-m/nofp\libc_nano.a(lib_a-__atexit.o) (__call_exitprocs)
d:/msys64/mingw64/bin/../lib/gcc/arm-none-eabi/12.2.0/../../../../arm-none-eabi/lib/thumb/v7-m/nofp\libc_nano.a(lib_a-lock.o)
                              d:/msys64/mingw64/bin/../lib/gcc/arm-none-eabi/12.2.0/../../../../arm-none-eabi/lib/thumb/v7-m/nofp\libc_nano.a(lib_a-__atexit.o) (__retarget_lock_acquire_recursive)
d:/msys64/mingw64/bin/../lib/gcc/arm-none-eabi/12.2.0/thumb/v7-m/nofp\libgcc.a(_arm_muldf3.o)
                              build/Battery.o (__aeabi_dmul)
d:/msys64/mingw64/bin/../lib/gcc/arm-none-eabi/12.2.0/thumb/v7-m/nofp\libgcc.a(_arm_mulsf3.o)
                              build/UI.o (__aeabi_fmul)
d:/msys64/mingw64/bin/../lib/gcc/arm-none-eabi/12.2.0/thumb/v7-m/nofp\libgcc.a(_arm_addsubdf3.o)
                              build/Battery.o (__aeabi_f2d)
d:/msys64/mingw64/bin/../lib/gcc/arm-none-eabi/12.2.0/thumb/v7-m/nofp\libgcc.a(_arm_cmpdf2.o)
                              build/Battery.o (__aeabi_dcmpgt)
d:/msys64/mingw64/bin/../lib/gcc/arm-none-eabi/12.2.0/thumb/v7-m/nofp\libgcc.a(_arm_truncdfsf2.o)
                              build/Battery.o (__aeabi_d2f)
d:/msys64/mingw64/bin/../lib/gcc/arm-none-eabi/12.2.0/thumb/v7-m/nofp\libgcc.a(_arm_addsubsf3.o)
                              build/Battery.o (__aeabi_fadd)
d:/msys64/mingw64/bin/../lib/gcc/arm-none-eabi/12.2.0/thumb/v7-m/nofp\libgcc.a(_arm_muldivsf3.o)
                              build/Battery.o (__aeabi_fdiv)
d:/msys64/mingw64/bin/../lib/gcc/arm-none-eabi/12.2.0/thumb/v7-m/nofp\libgcc.a(_arm_cmpsf2.o)
                              build/Battery.o (__aeabi_fcmplt)
d:/msys64/mingw64/bin/../lib/gcc/arm-none-eabi/12.2.0/thumb/v7-m/nofp\libgcc.a(_arm_fixsfsi.o)
                              build/UI.o (__aeabi_f2iz)

Discarded input sections

 .text          0x0000000000000000        0x0 d:/msys64/mingw64/bin/../lib/gcc/arm-none-eabi/12.2.0/thumb/v7-m/nofp/crti.o
 .data          0x0000000000000000        0x0 d:/msys64/mingw64/bin/../lib/gcc/arm-none-eabi/12.2.0/thumb/v7-m/nofp/crti.o
 .bss           0x0000000000000000        0x0 d:/msys64/mingw64/bin/../lib/gcc/arm-none-eabi/12.2.0/thumb/v7-m/nofp/crti.o
 .text          0x0000000000000000        0x0 d:/msys64/mingw64/bin/../lib/gcc/arm-none-eabi/12.2.0/thumb/v7-m/nofp/crtbegin.o
 .data          0x0000000000000000        0x0 d:/msys64/mingw64/bin/../lib/gcc/arm-none-eabi/12.2.0/thumb/v7-m/nofp/crtbegin.o
[...]
Memory Configuration

Name             Origin             Length             Attributes
RAM              0x0000000020000000 0x000000000000c000 xrw
FLASH            0x0000000008000000 0x0000000000040000 xr
*default*        0x0000000000000000 0xffffffffffffffff

Linker script and memory map

LOAD d:/msys64/mingw64/bin/../lib/gcc/arm-none-eabi/12.2.0/thumb/v7-m/nofp/crti.o
LOAD d:/msys64/mingw64/bin/../lib/gcc/arm-none-eabi/12.2.0/thumb/v7-m/nofp/crtbegin.o
LOAD d:/msys64/mingw64/bin/../lib/gcc/arm-none-eabi/12.2.0/../../../../arm-none-eabi/lib/thumb/v7-m/nofp/crt0.o
LOAD build/main.o
LOAD build/gpio.o
LOAD build/adc.o
LOAD build/i2c.o
LOAD build/stm32f1xx_it.o
LOAD build/stm32f1xx_hal_msp.o
LOAD build/stm32f1xx_hal_gpio_ex.o
LOAD build/stm32f1xx_hal_adc.o
LOAD build/stm32f1xx_hal_adc_ex.o
LOAD build/stm32f1xx_hal.o
LOAD build/stm32f1xx_hal_rcc.o
LOAD build/stm32f1xx_hal_rcc_ex.o
LOAD build/stm32f1xx_hal_gpio.o
LOAD build/stm32f1xx_hal_dma.o
LOAD build/stm32f1xx_hal_cortex.o
LOAD build/stm32f1xx_hal_pwr.o
LOAD build/stm32f1xx_hal_flash.o
LOAD build/stm32f1xx_hal_flash_ex.o
LOAD build/stm32f1xx_hal_exti.o
LOAD build/stm32f1xx_hal_i2c.o
LOAD build/stm32f1xx_hal_tim.o
LOAD build/stm32f1xx_hal_tim_ex.o
LOAD build/system_stm32f1xx.o
LOAD build/sysmem.o
LOAD build/syscalls.o
LOAD build/oled.o
LOAD build/ADS1015.o
LOAD build/Battery.o
LOAD build/UI.o
LOAD build/FSM.o
LOAD build/tim.o
LOAD build/startup_stm32f103xe.o
LOAD d:/msys64/mingw64/bin/../lib/gcc/arm-none-eabi/12.2.0/../../../../arm-none-eabi/lib/thumb/v7-m/nofp\libc_nano.a
LOAD d:/msys64/mingw64/bin/../lib/gcc/arm-none-eabi/12.2.0/../../../../arm-none-eabi/lib/thumb/v7-m/nofp\libm.a
LOAD d:/msys64/mingw64/bin/../lib/gcc/arm-none-eabi/12.2.0/../../../../arm-none-eabi/lib/thumb/v7-m/nofp\libnosys.a
START GROUP
LOAD d:/msys64/mingw64/bin/../lib/gcc/arm-none-eabi/12.2.0/thumb/v7-m/nofp\libgcc.a
LOAD d:/msys64/mingw64/bin/../lib/gcc/arm-none-eabi/12.2.0/../../../../arm-none-eabi/lib/thumb/v7-m/nofp\libc_nano.a
END GROUP
START GROUP
LOAD d:/msys64/mingw64/bin/../lib/gcc/arm-none-eabi/12.2.0/thumb/v7-m/nofp\libgcc.a
LOAD d:/msys64/mingw64/bin/../lib/gcc/arm-none-eabi/12.2.0/../../../../arm-none-eabi/lib/thumb/v7-m/nofp\libc_nano.a
END GROUP
LOAD d:/msys64/mingw64/bin/../lib/gcc/arm-none-eabi/12.2.0/thumb/v7-m/nofp/crtend.o
LOAD d:/msys64/mingw64/bin/../lib/gcc/arm-none-eabi/12.2.0/thumb/v7-m/nofp/crtn.o
                0x000000002000c000                _estack = (ORIGIN (RAM) + LENGTH (RAM))
                0x0000000000000200                _Min_Heap_Size = 0x200
                0x0000000000000400                _Min_Stack_Size = 0x400

.isr_vector     0x0000000008000000      0x1e4
                0x0000000008000000                . = ALIGN (0x4)
 *(.isr_vector)
 .isr_vector    0x0000000008000000      0x1e4 build/startup_stm32f103xe.o
                0x0000000008000000                g_pfnVectors
                0x00000000080001e4                . = ALIGN (0x4)

.text           0x00000000080001e8     0x8b9c
                0x00000000080001e8                . = ALIGN (0x4)
 *(.text)
 .text          0x00000000080001e8       0x48 d:/msys64/mingw64/bin/../lib/gcc/arm-none-eabi/12.2.0/../../../../arm-none-eabi/lib/thumb/v7-m/nofp\libc_nano.a(lib_a-init.o)
                0x00000000080001e8                __libc_init_array
 .text          0x0000000008000230       0xa4 d:/msys64/mingw64/bin/../lib/gcc/arm-none-eabi/12.2.0/../../../../arm-none-eabi/lib/thumb/v7-m/nofp\libc_nano.a(lib_a-memset.o)
                0x0000000008000230                memset
 .text          0x00000000080002d4      0x254 d:/msys64/mingw64/bin/../lib/gcc/arm-none-eabi/12.2.0/thumb/v7-m/nofp\libgcc.a(_arm_muldf3.o)
                0x00000000080002d4                __muldf3
                0x00000000080002d4                __aeabi_dmul
 .text          0x0000000008000528      0x378 d:/msys64/mingw64/bin/../lib/gcc/arm-none-eabi/12.2.0/thumb/v7-m/nofp\libgcc.a(_arm_addsubdf3.o)
                0x0000000008000528                __aeabi_drsub
                0x0000000008000530                __aeabi_dsub
                0x0000000008000530                __subdf3
                0x0000000008000534                __aeabi_dadd
                0x0000000008000534                __adddf3
                0x00000000080007ac                __floatunsidf
                0x00000000080007ac                __aeabi_ui2d
                0x00000000080007cc                __floatsidf
                0x00000000080007cc                __aeabi_i2d
                0x00000000080007f0                __aeabi_f2d
                0x00000000080007f0                __extendsfdf2
                0x0000000008000834                __floatundidf
                0x0000000008000834                __aeabi_ul2d
                0x0000000008000844                __floatdidf
                0x0000000008000844                __aeabi_l2d
 .text          0x00000000080008a0      0x110 d:/msys64/mingw64/bin/../lib/gcc/arm-none-eabi/12.2.0/thumb/v7-m/nofp\libgcc.a(_arm_cmpdf2.o)
                0x00000000080008a0                __gtdf2
                0x00000000080008a0                __gedf2
                0x00000000080008a8                __ltdf2
                0x00000000080008a8                __ledf2
                0x00000000080008b0                __nedf2
                0x00000000080008b0                __eqdf2
                0x00000000080008b0                __cmpdf2
                0x000000000800092c                __aeabi_cdrcmple
                0x000000000800093c                __aeabi_cdcmpeq
                0x000000000800093c                __aeabi_cdcmple
                0x000000000800094c                __aeabi_dcmpeq
                0x0000000008000960                __aeabi_dcmplt
                0x0000000008000974                __aeabi_dcmple
                0x0000000008000988                __aeabi_dcmpge
                0x000000000800099c                __aeabi_dcmpgt
 .text          0x00000000080009b0       0xa0 d:/msys64/mingw64/bin/../lib/gcc/arm-none-eabi/12.2.0/thumb/v7-m/nofp\libgcc.a(_arm_truncdfsf2.o)
                0x00000000080009b0                __truncdfsf2
                0x00000000080009b0                __aeabi_d2f
 .text          0x0000000008000a50      0x21c d:/msys64/mingw64/bin/../lib/gcc/arm-none-eabi/12.2.0/thumb/v7-m/nofp\libgcc.a(_arm_addsubsf3.o)
                0x0000000008000a50                __aeabi_frsub
                0x0000000008000a58                __subsf3
                0x0000000008000a58                __aeabi_fsub
                0x0000000008000a5c                __aeabi_fadd
                0x0000000008000a5c                __addsf3
                0x0000000008000bbc                __aeabi_ui2f
                0x0000000008000bbc                __floatunsisf
                0x0000000008000bc4                __aeabi_i2f
                0x0000000008000bc4                __floatsisf
                0x0000000008000be0                __aeabi_ul2f
                0x0000000008000be0                __floatundisf
                0x0000000008000bf0                __aeabi_l2f
                0x0000000008000bf0                __floatdisf
 .text          0x0000000008000c6c      0x2a0 d:/msys64/mingw64/bin/../lib/gcc/arm-none-eabi/12.2.0/thumb/v7-m/nofp\libgcc.a(_arm_muldivsf3.o)
                0x0000000008000c6c                __mulsf3
                0x0000000008000c6c                __aeabi_fmul
                0x0000000008000dd4                __aeabi_fdiv
                0x0000000008000dd4                __divsf3
 .text          0x0000000008000f0c       0xec d:/msys64/mingw64/bin/../lib/gcc/arm-none-eabi/12.2.0/thumb/v7-m/nofp\libgcc.a(_arm_cmpsf2.o)
                0x0000000008000f0c                __gesf2
                0x0000000008000f0c                __gtsf2
                0x0000000008000f14                __lesf2
                0x0000000008000f14                __ltsf2
                0x0000000008000f1c                __nesf2
                0x0000000008000f1c                __eqsf2
                0x0000000008000f1c                __cmpsf2
                0x0000000008000f7c                __aeabi_cfrcmple
                0x0000000008000f84                __aeabi_cfcmpeq
                0x0000000008000f84                __aeabi_cfcmple
                0x0000000008000f94                __aeabi_fcmpeq
                0x0000000008000fa8                __aeabi_fcmplt
                0x0000000008000fbc                __aeabi_fcmple
                0x0000000008000fd0                __aeabi_fcmpge
                0x0000000008000fe4                __aeabi_fcmpgt
 .text          0x0000000008000ff8       0x4c d:/msys64/mingw64/bin/../lib/gcc/arm-none-eabi/12.2.0/thumb/v7-m/nofp\libgcc.a(_arm_fixsfsi.o)
                0x0000000008000ff8                __aeabi_f2iz
                0x0000000008000ff8                __fixsfsi
 *(.text*)
 .text.__do_global_dtors_aux
                0x0000000008001044       0x24 d:/msys64/mingw64/bin/../lib/gcc/arm-none-eabi/12.2.0/thumb/v7-m/nofp/crtbegin.o
 .text.frame_dummy
                0x0000000008001068       0x1c d:/msys64/mingw64/bin/../lib/gcc/arm-none-eabi/12.2.0/thumb/v7-m/nofp/crtbegin.o
 .text.main     0x0000000008001084       0x74 build/main.o
                0x0000000008001084                main
 .text.SystemClock_Config
                0x00000000080010f8       0xba build/main.o
                0x00000000080010f8                SystemClock_Config
 .text.Error_Handler
                0x00000000080011b2        0xc build/main.o
                0x00000000080011b2                Error_Handler
 *fill*         0x00000000080011be        0x2 
 .text.MX_GPIO_Init
                0x00000000080011c0       0xe0 build/gpio.o
                0x00000000080011c0                MX_GPIO_Init
 .text.MX_ADC1_Init
                0x00000000080012a0      0x150 build/adc.o
                0x00000000080012a0                MX_ADC1_Init
 .text.MX_ADC2_Init
                0x00000000080013f0      0x148 build/adc.o
                0x00000000080013f0                MX_ADC2_Init
 .text.HAL_ADC_MspInit
                0x0000000008001538      0x100 build/adc.o
                0x0000000008001538                HAL_ADC_MspInit
 .text.MX_I2C1_Init
                0x0000000008001638       0x5c build/i2c.o
                0x0000000008001638                MX_I2C1_Init
 .text.MX_I2C2_Init
                0x0000000008001694       0x6c build/i2c.o
                0x0000000008001694                MX_I2C2_Init
 .text.HAL_I2C_MspInit
                0x0000000008001700      0x128 build/i2c.o
                0x0000000008001700                HAL_I2C_MspInit
 .text.HAL_I2C_ErrorCallback
                0x0000000008001828       0x12 build/i2c.o
                0x0000000008001828                HAL_I2C_ErrorCallback
 .text.NMI_Handler
                0x000000000800183a        0x8 build/stm32f1xx_it.o
                0x000000000800183a                NMI_Handler
 .text.HardFault_Handler
                0x0000000008001842        0x8 build/stm32f1xx_it.o
                0x0000000008001842                HardFault_Handler
 .text.MemManage_Handler
                0x000000000800184a        0x8 build/stm32f1xx_it.o
                0x000000000800184a                MemManage_Handler
 .text.BusFault_Handler
                0x0000000008001852        0x8 build/stm32f1xx_it.o
                0x0000000008001852                BusFault_Handler
 .text.UsageFault_Handler
                0x000000000800185a        0x8 build/stm32f1xx_it.o
                0x000000000800185a                UsageFault_Handler
 .text.SVC_Handler
                0x0000000008001862        0xc build/stm32f1xx_it.o
                0x0000000008001862                SVC_Handler
 .text.DebugMon_Handler
                0x000000000800186e        0xc build/stm32f1xx_it.o
                0x000000000800186e                DebugMon_Handler
 .text.PendSV_Handler
                0x000000000800187a        0xc build/stm32f1xx_it.o
                0x000000000800187a                PendSV_Handler
 .text.SysTick_Handler
                0x0000000008001886        0xc build/stm32f1xx_it.o
                0x0000000008001886                SysTick_Handler
 .text.EXTI9_5_IRQHandler
                0x0000000008001892        0xe build/stm32f1xx_it.o
                0x0000000008001892                EXTI9_5_IRQHandler
 .text.TIM1_UP_IRQHandler
                0x00000000080018a0       0x14 build/stm32f1xx_it.o
                0x00000000080018a0                TIM1_UP_IRQHandler
 .text.I2C1_ER_IRQHandler
                0x00000000080018b4       0x14 build/stm32f1xx_it.o
                0x00000000080018b4                I2C1_ER_IRQHandler
 .text.I2C2_EV_IRQHandler
                0x00000000080018c8       0x20 build/stm32f1xx_it.o
                0x00000000080018c8                I2C2_EV_IRQHandler
 .text.I2C2_ER_IRQHandler
                0x00000000080018e8       0x14 build/stm32f1xx_it.o
                0x00000000080018e8                I2C2_ER_IRQHandler
 .text.HAL_MspInit
                0x00000000080018fc       0x64 build/stm32f1xx_hal_msp.o
                0x00000000080018fc                HAL_MspInit
 .text.HAL_ADC_Init
                0x0000000008001960      0x1d4 build/stm32f1xx_hal_adc.o
                0x0000000008001960                HAL_ADC_Init
 .text.HAL_ADC_Start
                0x0000000008001b34      0x15c build/stm32f1xx_hal_adc.o
                0x0000000008001b34                HAL_ADC_Start
 .text.HAL_ADC_Stop
                0x0000000008001c90       0x58 build/stm32f1xx_hal_adc.o
                0x0000000008001c90                HAL_ADC_Stop
 .text.HAL_ADC_PollForConversion
                0x0000000008001ce8      0x20c build/stm32f1xx_hal_adc.o
                0x0000000008001ce8                HAL_ADC_PollForConversion
 .text.HAL_ADC_GetValue
                0x0000000008001ef4       0x18 build/stm32f1xx_hal_adc.o
                0x0000000008001ef4                HAL_ADC_GetValue
 .text.HAL_ADC_ConfigChannel
                0x0000000008001f0c      0x1f0 build/stm32f1xx_hal_adc.o
                0x0000000008001f0c                HAL_ADC_ConfigChannel
 .text.HAL_ADC_GetState
                0x00000000080020fc       0x16 build/stm32f1xx_hal_adc.o
                0x00000000080020fc                HAL_ADC_GetState
 *fill*         0x0000000008002112        0x2 
 .text.ADC_Enable
                0x0000000008002114       0xb4 build/stm32f1xx_hal_adc.o
                0x0000000008002114                ADC_Enable
 .text.ADC_ConversionStop_Disable
                0x00000000080021c8       0x82 build/stm32f1xx_hal_adc.o
                0x00000000080021c8                ADC_ConversionStop_Disable
 *fill*         0x000000000800224a        0x2 
 .text.HAL_ADCEx_Calibration_Start
                0x000000000800224c      0x15c build/stm32f1xx_hal_adc_ex.o
                0x000000000800224c                HAL_ADCEx_Calibration_Start
 .text.HAL_Init
                0x00000000080023a8       0x2c build/stm32f1xx_hal.o
                0x00000000080023a8                HAL_Init
 .text.HAL_InitTick
                0x00000000080023d4       0x60 build/stm32f1xx_hal.o
                0x00000000080023d4                HAL_InitTick
 .text.HAL_IncTick
                0x0000000008002434       0x24 build/stm32f1xx_hal.o
                0x0000000008002434                HAL_IncTick
 .text.HAL_GetTick
                0x0000000008002458       0x14 build/stm32f1xx_hal.o
                0x0000000008002458                HAL_GetTick
 .text.HAL_Delay
                0x000000000800246c       0x48 build/stm32f1xx_hal.o
                0x000000000800246c                HAL_Delay
 .text.HAL_RCC_OscConfig
                0x00000000080024b4      0x504 build/stm32f1xx_hal_rcc.o
                0x00000000080024b4                HAL_RCC_OscConfig
 .text.HAL_RCC_ClockConfig
                0x00000000080029b8      0x1d4 build/stm32f1xx_hal_rcc.o
                0x00000000080029b8                HAL_RCC_ClockConfig
 .text.HAL_RCC_GetSysClockFreq
                0x0000000008002b8c       0xa8 build/stm32f1xx_hal_rcc.o
                0x0000000008002b8c                HAL_RCC_GetSysClockFreq
 .text.HAL_RCC_GetHCLKFreq
                0x0000000008002c34       0x14 build/stm32f1xx_hal_rcc.o
                0x0000000008002c34                HAL_RCC_GetHCLKFreq
 .text.HAL_RCC_GetPCLK1Freq
                0x0000000008002c48       0x28 build/stm32f1xx_hal_rcc.o
                0x0000000008002c48                HAL_RCC_GetPCLK1Freq
 .text.HAL_RCC_GetPCLK2Freq
                0x0000000008002c70       0x28 build/stm32f1xx_hal_rcc.o
                0x0000000008002c70                HAL_RCC_GetPCLK2Freq
 .text.RCC_Delay
                0x0000000008002c98       0x3c build/stm32f1xx_hal_rcc.o
 .text.HAL_RCCEx_PeriphCLKConfig
                0x0000000008002cd4      0x16c build/stm32f1xx_hal_rcc_ex.o
                0x0000000008002cd4                HAL_RCCEx_PeriphCLKConfig
 .text.HAL_RCCEx_GetPeriphCLKFreq
                0x0000000008002e40      0x1b0 build/stm32f1xx_hal_rcc_ex.o
                0x0000000008002e40                HAL_RCCEx_GetPeriphCLKFreq
 .text.HAL_GPIO_Init
                0x0000000008002ff0      0x328 build/stm32f1xx_hal_gpio.o
                0x0000000008002ff0                HAL_GPIO_Init
 .text.HAL_GPIO_WritePin
                0x0000000008003318       0x30 build/stm32f1xx_hal_gpio.o
                0x0000000008003318                HAL_GPIO_WritePin
 .text.HAL_GPIO_EXTI_IRQHandler
                0x0000000008003348       0x30 build/stm32f1xx_hal_gpio.o
                0x0000000008003348                HAL_GPIO_EXTI_IRQHandler
 .text.HAL_DMA_Abort_IT
                0x0000000008003378      0x210 build/stm32f1xx_hal_dma.o
                0x0000000008003378                HAL_DMA_Abort_IT
 .text.HAL_DMA_GetState
                0x0000000008003588       0x1a build/stm32f1xx_hal_dma.o
                0x0000000008003588                HAL_DMA_GetState
 *fill*         0x00000000080035a2        0x2 
 .text.__NVIC_SetPriorityGrouping
                0x00000000080035a4       0x48 build/stm32f1xx_hal_cortex.o
 .text.__NVIC_GetPriorityGrouping
                0x00000000080035ec       0x1c build/stm32f1xx_hal_cortex.o
 .text.__NVIC_EnableIRQ
                0x0000000008003608       0x38 build/stm32f1xx_hal_cortex.o
 .text.__NVIC_SetPriority
                0x0000000008003640       0x54 build/stm32f1xx_hal_cortex.o
 .text.NVIC_EncodePriority
                0x0000000008003694       0x64 build/stm32f1xx_hal_cortex.o
 .text.SysTick_Config
                0x00000000080036f8       0x44 build/stm32f1xx_hal_cortex.o
 .text.HAL_NVIC_SetPriorityGrouping
                0x000000000800373c       0x16 build/stm32f1xx_hal_cortex.o
                0x000000000800373c                HAL_NVIC_SetPriorityGrouping
 .text.HAL_NVIC_SetPriority
                0x0000000008003752       0x38 build/stm32f1xx_hal_cortex.o
                0x0000000008003752                HAL_NVIC_SetPriority
 .text.HAL_NVIC_EnableIRQ
                0x000000000800378a       0x1c build/stm32f1xx_hal_cortex.o
                0x000000000800378a                HAL_NVIC_EnableIRQ
 .text.HAL_SYSTICK_Config
                0x00000000080037a6       0x18 build/stm32f1xx_hal_cortex.o
                0x00000000080037a6                HAL_SYSTICK_Config
 *fill*         0x00000000080037be        0x2 
 .text.HAL_I2C_Init
                0x00000000080037c0      0x288 build/stm32f1xx_hal_i2c.o
                0x00000000080037c0                HAL_I2C_Init
 .text.I2C_Flush_DR
                0x0000000008003a48       0x28 build/stm32f1xx_hal_i2c.o
 .text.HAL_I2C_Mem_Write
                0x0000000008003a70      0x1f4 build/stm32f1xx_hal_i2c.o
                0x0000000008003a70                HAL_I2C_Mem_Write
 .text.HAL_I2C_EV_IRQHandler
                0x0000000008003c64      0x2a6 build/stm32f1xx_hal_i2c.o
                0x0000000008003c64                HAL_I2C_EV_IRQHandler
 .text.HAL_I2C_ER_IRQHandler
                0x0000000008003f0a      0x14e build/stm32f1xx_hal_i2c.o
                0x0000000008003f0a                HAL_I2C_ER_IRQHandler
 .text.HAL_I2C_MasterTxCpltCallback
                0x0000000008004058       0x12 build/stm32f1xx_hal_i2c.o
                0x0000000008004058                HAL_I2C_MasterTxCpltCallback
 .text.HAL_I2C_MasterRxCpltCallback
                0x000000000800406a       0x12 build/stm32f1xx_hal_i2c.o
                0x000000000800406a                HAL_I2C_MasterRxCpltCallback
 .text.HAL_I2C_SlaveTxCpltCallback
                0x000000000800407c       0x12 build/stm32f1xx_hal_i2c.o
                0x000000000800407c                HAL_I2C_SlaveTxCpltCallback
 .text.HAL_I2C_SlaveRxCpltCallback
                0x000000000800408e       0x12 build/stm32f1xx_hal_i2c.o
                0x000000000800408e                HAL_I2C_SlaveRxCpltCallback
 .text.HAL_I2C_AddrCallback
                0x00000000080040a0       0x1a build/stm32f1xx_hal_i2c.o
                0x00000000080040a0                HAL_I2C_AddrCallback
 .text.HAL_I2C_ListenCpltCallback
                0x00000000080040ba       0x12 build/stm32f1xx_hal_i2c.o
                0x00000000080040ba                HAL_I2C_ListenCpltCallback
 .text.HAL_I2C_MemTxCpltCallback
                0x00000000080040cc       0x12 build/stm32f1xx_hal_i2c.o
                0x00000000080040cc                HAL_I2C_MemTxCpltCallback
 .text.HAL_I2C_MemRxCpltCallback
                0x00000000080040de       0x12 build/stm32f1xx_hal_i2c.o
                0x00000000080040de                HAL_I2C_MemRxCpltCallback
 .text.HAL_I2C_AbortCpltCallback
                0x00000000080040f0       0x12 build/stm32f1xx_hal_i2c.o
                0x00000000080040f0                HAL_I2C_AbortCpltCallback
 .text.I2C_MasterTransmit_TXE
                0x0000000008004102      0x138 build/stm32f1xx_hal_i2c.o
 .text.I2C_MasterTransmit_BTF
                0x000000000800423a       0xec build/stm32f1xx_hal_i2c.o
 .text.I2C_MemoryTransmit_TXE_BTF
                0x0000000008004326      0x130 build/stm32f1xx_hal_i2c.o
 .text.I2C_MasterReceive_RXNE
                0x0000000008004456      0x190 build/stm32f1xx_hal_i2c.o
 .text.I2C_MasterReceive_BTF
                0x00000000080045e6      0x1e2 build/stm32f1xx_hal_i2c.o
 .text.I2C_Master_SB
                0x00000000080047c8      0x10a build/stm32f1xx_hal_i2c.o
 .text.I2C_Master_ADD10
                0x00000000080048d2       0x52 build/stm32f1xx_hal_i2c.o
 .text.I2C_Master_ADDR
                0x0000000008004924      0x336 build/stm32f1xx_hal_i2c.o
 .text.I2C_SlaveTransmit_TXE
                0x0000000008004c5a       0x7a build/stm32f1xx_hal_i2c.o
 .text.I2C_SlaveTransmit_BTF
                0x0000000008004cd4       0x40 build/stm32f1xx_hal_i2c.o
 .text.I2C_SlaveReceive_RXNE
                0x0000000008004d14       0x7c build/stm32f1xx_hal_i2c.o
 .text.I2C_SlaveReceive_BTF
                0x0000000008004d90       0x42 build/stm32f1xx_hal_i2c.o
 .text.I2C_Slave_ADDR
                0x0000000008004dd2       0x90 build/stm32f1xx_hal_i2c.o
 *fill*         0x0000000008004e62        0x2 
 .text.I2C_Slave_STOPF
                0x0000000008004e64      0x260 build/stm32f1xx_hal_i2c.o
 .text.I2C_Slave_AF
                0x00000000080050c4       0xe8 build/stm32f1xx_hal_i2c.o
 .text.I2C_ITError
                0x00000000080051ac      0x264 build/stm32f1xx_hal_i2c.o
 .text.I2C_RequestMemoryWrite
                0x0000000008005410      0x12c build/stm32f1xx_hal_i2c.o
 .text.I2C_DMAAbort
                0x000000000800553c      0x150 build/stm32f1xx_hal_i2c.o
 .text.I2C_WaitOnFlagUntilTimeout
                0x000000000800568c       0xf4 build/stm32f1xx_hal_i2c.o
 .text.I2C_WaitOnMasterAddressFlagUntilTimeout
                0x0000000008005780      0x140 build/stm32f1xx_hal_i2c.o
 .text.I2C_WaitOnTXEFlagUntilTimeout
                0x00000000080058c0       0x90 build/stm32f1xx_hal_i2c.o
 .text.I2C_WaitOnBTFFlagUntilTimeout
                0x0000000008005950       0x90 build/stm32f1xx_hal_i2c.o
 .text.I2C_WaitOnSTOPRequestThroughIT
                0x00000000080059e0       0x64 build/stm32f1xx_hal_i2c.o
 .text.I2C_IsAcknowledgeFailed
                0x0000000008005a44       0x5c build/stm32f1xx_hal_i2c.o
 .text.I2C_ConvertOtherXferOptions
                0x0000000008005aa0       0x34 build/stm32f1xx_hal_i2c.o
 .text.HAL_TIM_Base_Init
                0x0000000008005ad4       0x9e build/stm32f1xx_hal_tim.o
                0x0000000008005ad4                HAL_TIM_Base_Init
 *fill*         0x0000000008005b72        0x2 
 .text.HAL_TIM_Base_Start_IT
                0x0000000008005b74       0xc0 build/stm32f1xx_hal_tim.o
                0x0000000008005b74                HAL_TIM_Base_Start_IT
 .text.HAL_TIM_PWM_Init
                0x0000000008005c34       0x9e build/stm32f1xx_hal_tim.o
                0x0000000008005c34                HAL_TIM_PWM_Init
 .text.HAL_TIM_PWM_MspInit
                0x0000000008005cd2       0x12 build/stm32f1xx_hal_tim.o
                0x0000000008005cd2                HAL_TIM_PWM_MspInit
 .text.HAL_TIM_PWM_Start
                0x0000000008005ce4      0x174 build/stm32f1xx_hal_tim.o
                0x0000000008005ce4                HAL_TIM_PWM_Start
 .text.HAL_TIM_IRQHandler
                0x0000000008005e58      0x1e0 build/stm32f1xx_hal_tim.o
                0x0000000008005e58                HAL_TIM_IRQHandler
 .text.HAL_TIM_PWM_ConfigChannel
                0x0000000008006038      0x184 build/stm32f1xx_hal_tim.o
                0x0000000008006038                HAL_TIM_PWM_ConfigChannel
 .text.HAL_TIM_ConfigClockSource
                0x00000000080061bc      0x18e build/stm32f1xx_hal_tim.o
                0x00000000080061bc                HAL_TIM_ConfigClockSource
 .text.HAL_TIM_OC_DelayElapsedCallback
                0x000000000800634a       0x12 build/stm32f1xx_hal_tim.o
                0x000000000800634a                HAL_TIM_OC_DelayElapsedCallback
 .text.HAL_TIM_IC_CaptureCallback
                0x000000000800635c       0x12 build/stm32f1xx_hal_tim.o
                0x000000000800635c                HAL_TIM_IC_CaptureCallback
 .text.HAL_TIM_PWM_PulseFinishedCallback
                0x000000000800636e       0x12 build/stm32f1xx_hal_tim.o
                0x000000000800636e                HAL_TIM_PWM_PulseFinishedCallback
 .text.HAL_TIM_TriggerCallback
                0x0000000008006380       0x12 build/stm32f1xx_hal_tim.o
                0x0000000008006380                HAL_TIM_TriggerCallback
 *fill*         0x0000000008006392        0x2 
 .text.TIM_Base_SetConfig
                0x0000000008006394      0x10c build/stm32f1xx_hal_tim.o
                0x0000000008006394                TIM_Base_SetConfig
 .text.TIM_OC1_SetConfig
                0x00000000080064a0       0xe0 build/stm32f1xx_hal_tim.o
 .text.TIM_OC2_SetConfig
                0x0000000008006580       0xe8 build/stm32f1xx_hal_tim.o
                0x0000000008006580                TIM_OC2_SetConfig
 .text.TIM_OC3_SetConfig
                0x0000000008006668       0xe8 build/stm32f1xx_hal_tim.o
 .text.TIM_OC4_SetConfig
                0x0000000008006750       0xa8 build/stm32f1xx_hal_tim.o
 .text.TIM_TI1_ConfigInputStage
                0x00000000080067f8       0x5c build/stm32f1xx_hal_tim.o
 .text.TIM_TI2_ConfigInputStage
                0x0000000008006854       0x5e build/stm32f1xx_hal_tim.o
 .text.TIM_ITRx_SetConfig
                0x00000000080068b2       0x34 build/stm32f1xx_hal_tim.o
 .text.TIM_ETR_SetConfig
                0x00000000080068e6       0x3e build/stm32f1xx_hal_tim.o
                0x00000000080068e6                TIM_ETR_SetConfig
 .text.TIM_CCxChannelCmd
                0x0000000008006924       0x48 build/stm32f1xx_hal_tim.o
                0x0000000008006924                TIM_CCxChannelCmd
 .text.HAL_TIMEx_MasterConfigSynchronization
                0x000000000800696c       0xd8 build/stm32f1xx_hal_tim_ex.o
                0x000000000800696c                HAL_TIMEx_MasterConfigSynchronization
 .text.HAL_TIMEx_CommutCallback
                0x0000000008006a44       0x12 build/stm32f1xx_hal_tim_ex.o
                0x0000000008006a44                HAL_TIMEx_CommutCallback
 .text.HAL_TIMEx_BreakCallback
                0x0000000008006a56       0x12 build/stm32f1xx_hal_tim_ex.o
                0x0000000008006a56                HAL_TIMEx_BreakCallback
 .text.SystemInit
                0x0000000008006a68        0xc build/system_stm32f1xx.o
                0x0000000008006a68                SystemInit
 .text.OLED_ColorTurn
                0x0000000008006a74       0x2e build/oled.o
                0x0000000008006a74                OLED_ColorTurn
 .text.OLED_DisplayTurn
                0x0000000008006aa2       0x3e build/oled.o
                0x0000000008006aa2                OLED_DisplayTurn
 .text.OLED_WR_Byte
                0x0000000008006ae0       0x58 build/oled.o
                0x0000000008006ae0                OLED_WR_Byte
 .text.OLED_Refresh
                0x0000000008006b38       0x70 build/oled.o
                0x0000000008006b38                OLED_Refresh
 .text.OLED_Clear
                0x0000000008006ba8       0x4c build/oled.o
                0x0000000008006ba8                OLED_Clear
 .text.OLED_DrawPoint
                0x0000000008006bf4       0xcc build/oled.o
                0x0000000008006bf4                OLED_DrawPoint
 .text.OLED_DrawLine
                0x0000000008006cc0      0x108 build/oled.o
                0x0000000008006cc0                OLED_DrawLine
 .text.OLED_DrawCircle
                0x0000000008006dc8      0x14e build/oled.o
                0x0000000008006dc8                OLED_DrawCircle
 *fill*         0x0000000008006f16        0x2 
 .text.OLED_ShowChar
                0x0000000008006f18      0x17c build/oled.o
                0x0000000008006f18                OLED_ShowChar
 .text.OLED_ShowString
                0x0000000008007094       0x64 build/oled.o
                0x0000000008007094                OLED_ShowString
 .text.OLED_Pow
                0x00000000080070f8       0x36 build/oled.o
                0x00000000080070f8                OLED_Pow
 *fill*         0x000000000800712e        0x2 
 .text.OLED_ShowNum
                0x0000000008007130       0xe8 build/oled.o
                0x0000000008007130                OLED_ShowNum
 .text.OLED_ShowPicture
                0x0000000008007218       0xfa build/oled.o
                0x0000000008007218                OLED_ShowPicture
 .text.OLED_Init
                0x0000000008007312       0xec build/oled.o
                0x0000000008007312                OLED_Init
 .text.Battery_Init
                0x00000000080073fe       0x50 build/Battery.o
                0x00000000080073fe                Battery_Init
 .text.Battery_Clear
                0x000000000800744e       0x72 build/Battery.o
                0x000000000800744e                Battery_Clear
 .text.Battery_Refresh
                0x00000000080074c0      0x850 build/Battery.o
                0x00000000080074c0                Battery_Refresh
 .text.Battery_ON
                0x0000000008007d10       0x98 build/Battery.o
                0x0000000008007d10                Battery_ON
 .text.UI_ShowRUAGH
                0x0000000008007da8       0x34 build/UI.o
                0x0000000008007da8                UI_ShowRUAGH
 .text.UI_CHx   0x0000000008007ddc      0x3dc build/UI.o
                0x0000000008007ddc                UI_CHx
 .text.UI_Normal
                0x00000000080081b8      0x178 build/UI.o
                0x00000000080081b8                UI_Normal
 .text.UI_ALARM
                0x0000000008008330      0x310 build/UI.o
                0x0000000008008330                UI_ALARM
 .text.UI_Rotate
                0x0000000008008640       0x8c build/UI.o
                0x0000000008008640                UI_Rotate
 .text.BB_FSM_Refresh
                0x00000000080086cc       0x36 build/FSM.o
                0x00000000080086cc                BB_FSM_Refresh
 .text.FSM_StateRefresh
                0x0000000008008702      0x152 build/FSM.o
                0x0000000008008702                FSM_StateRefresh
 .text.FSM_Buzzer
                0x0000000008008854      0x120 build/FSM.o
                0x0000000008008854                FSM_Buzzer
 .text.HAL_TIM_PeriodElapsedCallback
                0x0000000008008974       0x54 build/FSM.o
                0x0000000008008974                HAL_TIM_PeriodElapsedCallback
 .text.HAL_GPIO_EXTI_Callback
                0x00000000080089c8       0xd0 build/FSM.o
                0x00000000080089c8                HAL_GPIO_EXTI_Callback
 .text.MX_TIM1_Init
                0x0000000008008a98       0xa4 build/tim.o
                0x0000000008008a98                MX_TIM1_Init
 .text.MX_TIM2_Init
                0x0000000008008b3c       0xec build/tim.o
                0x0000000008008b3c                MX_TIM2_Init
 .text.HAL_TIM_Base_MspInit
                0x0000000008008c28       0x70 build/tim.o
                0x0000000008008c28                HAL_TIM_Base_MspInit
 .text.HAL_TIM_MspPostInit
                0x0000000008008c98       0x88 build/tim.o
                0x0000000008008c98                HAL_TIM_MspPostInit
 .text.Reset_Handler
                0x0000000008008d20       0x48 build/startup_stm32f103xe.o
                0x0000000008008d20                Reset_Handler
 .text.Default_Handler
                0x0000000008008d68        0x2 build/startup_stm32f103xe.o
                0x0000000008008d68                RTC_Alarm_IRQHandler
                0x0000000008008d68                EXTI2_IRQHandler
                0x0000000008008d68                TIM8_TRG_COM_IRQHandler
                0x0000000008008d68                TIM8_CC_IRQHandler
                0x0000000008008d68                TIM1_CC_IRQHandler
                0x0000000008008d68                TIM6_IRQHandler
                0x0000000008008d68                PVD_IRQHandler
                0x0000000008008d68                SDIO_IRQHandler
                0x0000000008008d68                EXTI3_IRQHandler
                0x0000000008008d68                EXTI0_IRQHandler
                0x0000000008008d68                ADC1_2_IRQHandler
                0x0000000008008d68                SPI1_IRQHandler
                0x0000000008008d68                TAMPER_IRQHandler
                0x0000000008008d68                TIM8_UP_IRQHandler
                0x0000000008008d68                DMA2_Channel2_IRQHandler
                0x0000000008008d68                DMA1_Channel4_IRQHandler
                0x0000000008008d68                USART3_IRQHandler
                0x0000000008008d68                RTC_IRQHandler
                0x0000000008008d68                DMA1_Channel7_IRQHandler
                0x0000000008008d68                CAN1_RX1_IRQHandler
                0x0000000008008d68                UART5_IRQHandler
                0x0000000008008d68                ADC3_IRQHandler
                0x0000000008008d68                TIM4_IRQHandler
                0x0000000008008d68                DMA2_Channel1_IRQHandler
                0x0000000008008d68                I2C1_EV_IRQHandler
                0x0000000008008d68                DMA1_Channel6_IRQHandler
                0x0000000008008d68                UART4_IRQHandler
                0x0000000008008d68                TIM3_IRQHandler
                0x0000000008008d68                RCC_IRQHandler
                0x0000000008008d68                TIM1_TRG_COM_IRQHandler
                0x0000000008008d68                DMA1_Channel1_IRQHandler
                0x0000000008008d68                Default_Handler
                0x0000000008008d68                EXTI15_10_IRQHandler
                0x0000000008008d68                TIM7_IRQHandler
                0x0000000008008d68                TIM5_IRQHandler
                0x0000000008008d68                SPI2_IRQHandler
                0x0000000008008d68                DMA1_Channel5_IRQHandler
                0x0000000008008d68                EXTI4_IRQHandler
                0x0000000008008d68                USB_LP_CAN1_RX0_IRQHandler
                0x0000000008008d68                USB_HP_CAN1_TX_IRQHandler
                0x0000000008008d68                DMA1_Channel3_IRQHandler
                0x0000000008008d68                FSMC_IRQHandler
                0x0000000008008d68                WWDG_IRQHandler
                0x0000000008008d68                TIM2_IRQHandler
                0x0000000008008d68                TIM1_BRK_IRQHandler
                0x0000000008008d68                EXTI1_IRQHandler
                0x0000000008008d68                DMA2_Channel4_5_IRQHandler
                0x0000000008008d68                USART2_IRQHandler
                0x0000000008008d68                DMA1_Channel2_IRQHandler
                0x0000000008008d68                TIM8_BRK_IRQHandler
                0x0000000008008d68                CAN1_SCE_IRQHandler
                0x0000000008008d68                FLASH_IRQHandler
                0x0000000008008d68                USART1_IRQHandler
                0x0000000008008d68                SPI3_IRQHandler
                0x0000000008008d68                USBWakeUp_IRQHandler
                0x0000000008008d68                DMA2_Channel3_IRQHandler
 *(.glue_7)
 .glue_7        0x0000000008008d6a        0x0 linker stubs
 *(.glue_7t)
 .glue_7t       0x0000000008008d6a        0x0 linker stubs
 *(.eh_frame)
 *fill*         0x0000000008008d6a        0x2 
 .eh_frame      0x0000000008008d6c        0x0 d:/msys64/mingw64/bin/../lib/gcc/arm-none-eabi/12.2.0/thumb/v7-m/nofp/crtbegin.o
 *(.init)
 .init          0x0000000008008d6c        0x4 d:/msys64/mingw64/bin/../lib/gcc/arm-none-eabi/12.2.0/thumb/v7-m/nofp/crti.o
                0x0000000008008d6c                _init
 .init          0x0000000008008d70        0x8 d:/msys64/mingw64/bin/../lib/gcc/arm-none-eabi/12.2.0/thumb/v7-m/nofp/crtn.o
 *(.fini)
 .fini          0x0000000008008d78        0x4 d:/msys64/mingw64/bin/../lib/gcc/arm-none-eabi/12.2.0/thumb/v7-m/nofp/crti.o
                0x0000000008008d78                _fini
 .fini          0x0000000008008d7c        0x8 d:/msys64/mingw64/bin/../lib/gcc/arm-none-eabi/12.2.0/thumb/v7-m/nofp/crtn.o
                0x0000000008008d84                . = ALIGN (0x4)
                0x0000000008008d84                _etext = .

.vfp11_veneer   0x0000000008008d84        0x0
 .vfp11_veneer  0x0000000008008d84        0x0 linker stubs

.v4_bx          0x0000000008008d84        0x0
 .v4_bx         0x0000000008008d84        0x0 linker stubs

.iplt           0x0000000008008d84        0x0
 .iplt          0x0000000008008d84        0x0 d:/msys64/mingw64/bin/../lib/gcc/arm-none-eabi/12.2.0/thumb/v7-m/nofp/crtbegin.o

.rodata         0x0000000008008d84     0x1c6c
                0x0000000008008d84                . = ALIGN (0x4)
 *(.rodata)
 .rodata        0x0000000008008d84       0x12 build/UI.o
 *(.rodata*)
 *fill*         0x0000000008008d96        0x2 
 .rodata.aPLLMULFactorTable.1
                0x0000000008008d98       0x10 build/stm32f1xx_hal_rcc.o
 .rodata.aPredivFactorTable.0
                0x0000000008008da8        0x2 build/stm32f1xx_hal_rcc.o
 *fill*         0x0000000008008daa        0x2 
 .rodata.aPLLMULFactorTable.1
                0x0000000008008dac       0x10 build/stm32f1xx_hal_rcc_ex.o
 .rodata.aPredivFactorTable.0
                0x0000000008008dbc        0x2 build/stm32f1xx_hal_rcc_ex.o
 *fill*         0x0000000008008dbe        0x2 
 .rodata.AHBPrescTable
                0x0000000008008dc0       0x10 build/system_stm32f1xx.o
                0x0000000008008dc0                AHBPrescTable
 .rodata.APBPrescTable
                0x0000000008008dd0        0x8 build/system_stm32f1xx.o
                0x0000000008008dd0                APBPrescTable
 .rodata.asc2_0806
                0x0000000008008dd8      0x228 build/oled.o
 .rodata.asc2_1206
                0x0000000008009000      0x474 build/oled.o
 .rodata.asc2_1608
                0x0000000008009474      0x5f0 build/oled.o
 .rodata.asc2_2412
                0x0000000008009a64      0xd5c build/oled.o
 .rodata.Milk   0x000000000800a7c0      0x230 build/UI.o
                0x000000000800a9f0                . = ALIGN (0x4)

.rel.dyn        0x000000000800a9f0        0x0
 .rel.iplt      0x000000000800a9f0        0x0 d:/msys64/mingw64/bin/../lib/gcc/arm-none-eabi/12.2.0/thumb/v7-m/nofp/crtbegin.o

.ARM.extab
 *(.ARM.extab* .gnu.linkonce.armextab.*)

.ARM            0x000000000800a9f0        0x0
                0x000000000800a9f0                __exidx_start = .
 *(.ARM.exidx*)
                0x000000000800a9f0                __exidx_end = .

.preinit_array  0x000000000800a9f0        0x0
                0x000000000800a9f0                PROVIDE (__preinit_array_start = .)
 *(.preinit_array*)
                0x000000000800a9f0                PROVIDE (__preinit_array_end = .)

.init_array     0x000000000800a9f0        0x4
                0x000000000800a9f0                PROVIDE (__init_array_start = .)
 *(SORT_BY_NAME(.init_array.*))
 *(.init_array*)
 .init_array    0x000000000800a9f0        0x4 d:/msys64/mingw64/bin/../lib/gcc/arm-none-eabi/12.2.0/thumb/v7-m/nofp/crtbegin.o
                0x000000000800a9f4                PROVIDE (__init_array_end = .)

.fini_array     0x000000000800a9f4        0x4
                0x000000000800a9f4                PROVIDE (__fini_array_start = .)
 *(SORT_BY_NAME(.fini_array.*))
 *(.fini_array*)
 .fini_array    0x000000000800a9f4        0x4 d:/msys64/mingw64/bin/../lib/gcc/arm-none-eabi/12.2.0/thumb/v7-m/nofp/crtbegin.o
                0x000000000800a9f8                PROVIDE (__fini_array_end = .)
                0x000000000800a9f8                _sidata = LOADADDR (.data)

.data           0x0000000020000000        0xc load address 0x000000000800a9f8
                0x0000000020000000                . = ALIGN (0x4)
                0x0000000020000000                _sdata = .
 *(.data)
 *(.data*)
 .data.uwTickPrio
                0x0000000020000000        0x4 build/stm32f1xx_hal.o
                0x0000000020000000                uwTickPrio
 .data.uwTickFreq
                0x0000000020000004        0x1 build/stm32f1xx_hal.o
                0x0000000020000004                uwTickFreq
 *fill*         0x0000000020000005        0x3 
 .data.SystemCoreClock
                0x0000000020000008        0x4 build/system_stm32f1xx.o
                0x0000000020000008                SystemCoreClock
                0x000000002000000c                . = ALIGN (0x4)
                0x000000002000000c                _edata = .

.igot.plt       0x000000002000000c        0x0 load address 0x000000000800aa04
 .igot.plt      0x000000002000000c        0x0 d:/msys64/mingw64/bin/../lib/gcc/arm-none-eabi/12.2.0/thumb/v7-m/nofp/crtbegin.o
                0x000000002000000c                . = ALIGN (0x4)

.bss            0x000000002000000c      0x70c load address 0x000000000800aa04
                0x000000002000000c                _sbss = .
                0x000000002000000c                __bss_start__ = _sbss
 *(.bss)
 *(.bss*)
 .bss.completed.1
                0x000000002000000c        0x1 d:/msys64/mingw64/bin/../lib/gcc/arm-none-eabi/12.2.0/thumb/v7-m/nofp/crtbegin.o
 *fill*         0x000000002000000d        0x3 
 .bss.object.0  0x0000000020000010       0x18 d:/msys64/mingw64/bin/../lib/gcc/arm-none-eabi/12.2.0/thumb/v7-m/nofp/crtbegin.o
 .bss.i2c_state
                0x0000000020000028        0x4 build/main.o
                0x0000000020000028                i2c_state
 .bss.hadc1     0x000000002000002c       0x30 build/adc.o
                0x000000002000002c                hadc1
 .bss.hadc2     0x000000002000005c       0x30 build/adc.o
                0x000000002000005c                hadc2
 .bss.hi2c1     0x000000002000008c       0x54 build/i2c.o
                0x000000002000008c                hi2c1
 .bss.hi2c2     0x00000000200000e0       0x54 build/i2c.o
                0x00000000200000e0                hi2c2
 .bss.uwTick    0x0000000020000134        0x4 build/stm32f1xx_hal.o
                0x0000000020000134                uwTick
 .bss.OLED_GRAM
                0x0000000020000138      0x480 build/oled.o
                0x0000000020000138                OLED_GRAM
 .bss.Battery   0x00000000200005b8       0x84 build/Battery.o
                0x00000000200005b8                Battery
 .bss.ADC1_value
                0x000000002000063c       0x20 build/Battery.o
                0x000000002000063c                ADC1_value
 .bss.ADC2_value
                0x000000002000065c       0x20 build/Battery.o
                0x000000002000065c                ADC2_value
 .bss.BB_fsm    0x000000002000067c        0x9 build/FSM.o
                0x000000002000067c                BB_fsm
 *fill*         0x0000000020000685        0x3 
 .bss.htim1     0x0000000020000688       0x48 build/tim.o
                0x0000000020000688                htim1
 .bss.htim2     0x00000000200006d0       0x48 build/tim.o
                0x00000000200006d0                htim2
 *(COMMON)
                0x0000000020000718                . = ALIGN (0x4)
                0x0000000020000718                _ebss = .
                0x0000000020000718                __bss_end__ = _ebss

._user_heap_stack
                0x0000000020000718      0x600 load address 0x000000000800aa04
                0x0000000020000718                . = ALIGN (0x8)
                [!provide]                        PROVIDE (end = .)
                0x0000000020000718                PROVIDE (_end = .)
                0x0000000020000918                . = (. + _Min_Heap_Size)
 *fill*         0x0000000020000718      0x200 
                0x0000000020000d18                . = (. + _Min_Stack_Size)
 *fill*         0x0000000020000918      0x400 
                0x0000000020000d18                . = ALIGN (0x8)

/DISCARD/
 libc.a(*)
 libm.a(*)
 libgcc.a(*)
OUTPUT(build/bbboom.elf elf32-littlearm)
LOAD linker stubs
LOAD d:/msys64/mingw64/bin/../lib/gcc/arm-none-eabi/12.2.0/../../../../arm-none-eabi/lib/thumb/v7-m/nofp\libc.a
LOAD d:/msys64/mingw64/bin/../lib/gcc/arm-none-eabi/12.2.0/../../../../arm-none-eabi/lib/thumb/v7-m/nofp\libm.a
LOAD d:/msys64/mingw64/bin/../lib/gcc/arm-none-eabi/12.2.0/thumb/v7-m/nofp\libgcc.a

.ARM.attributes
                0x0000000000000000       0x29
 .ARM.attributes
                0x0000000000000000       0x1d d:/msys64/mingw64/bin/../lib/gcc/arm-none-eabi/12.2.0/thumb/v7-m/nofp/crti.o
 .ARM.attributes
                0x000000000000001d       0x2d d:/msys64/mingw64/bin/../lib/gcc/arm-none-eabi/12.2.0/thumb/v7-m/nofp/crtbegin.o
 .ARM.attributes
                0x000000000000004a       0x2d build/main.o
 .ARM.attributes
                0x0000000000000077       0x2d build/gpio.o
 .ARM.attributes
                0x00000000000000a4       0x2d build/adc.o
 .ARM.attributes
                0x00000000000000d1       0x2d build/i2c.o
 .ARM.attributes
                0x00000000000000fe       0x2d build/stm32f1xx_it.o
 .ARM.attributes
                0x000000000000012b       0x2d build/stm32f1xx_hal_msp.o
 .ARM.attributes
                0x0000000000000158       0x2d build/stm32f1xx_hal_adc.o
 .ARM.attributes
                0x0000000000000185       0x2d build/stm32f1xx_hal_adc_ex.o
 .ARM.attributes
                0x00000000000001b2       0x2d build/stm32f1xx_hal.o
 .ARM.attributes
                0x00000000000001df       0x2d build/stm32f1xx_hal_rcc.o
 .ARM.attributes
                0x000000000000020c       0x2d build/stm32f1xx_hal_rcc_ex.o
 .ARM.attributes
                0x0000000000000239       0x2d build/stm32f1xx_hal_gpio.o
 .ARM.attributes
                0x0000000000000266       0x2d build/stm32f1xx_hal_dma.o
 .ARM.attributes
                0x0000000000000293       0x2d build/stm32f1xx_hal_cortex.o
 .ARM.attributes
                0x00000000000002c0       0x2d build/stm32f1xx_hal_i2c.o
 .ARM.attributes
                0x00000000000002ed       0x2d build/stm32f1xx_hal_tim.o
 .ARM.attributes
                0x000000000000031a       0x2d build/stm32f1xx_hal_tim_ex.o
 .ARM.attributes
                0x0000000000000347       0x2d build/system_stm32f1xx.o
 .ARM.attributes
                0x0000000000000374       0x2d build/oled.o
 .ARM.attributes
                0x00000000000003a1       0x2d build/Battery.o
 .ARM.attributes
                0x00000000000003ce       0x2d build/UI.o
 .ARM.attributes
                0x00000000000003fb       0x2d build/FSM.o
 .ARM.attributes
                0x0000000000000428       0x2d build/tim.o
 .ARM.attributes
                0x0000000000000455       0x21 build/startup_stm32f103xe.o
 .ARM.attributes
                0x0000000000000476       0x2d d:/msys64/mingw64/bin/../lib/gcc/arm-none-eabi/12.2.0/../../../../arm-none-eabi/lib/thumb/v7-m/nofp\libc_nano.a(lib_a-init.o)
 .ARM.attributes
                0x00000000000004a3       0x2d d:/msys64/mingw64/bin/../lib/gcc/arm-none-eabi/12.2.0/../../../../arm-none-eabi/lib/thumb/v7-m/nofp\libc_nano.a(lib_a-memset.o)
 .ARM.attributes
                0x00000000000004d0       0x1d d:/msys64/mingw64/bin/../lib/gcc/arm-none-eabi/12.2.0/thumb/v7-m/nofp\libgcc.a(_arm_muldf3.o)
 .ARM.attributes
                0x00000000000004ed       0x1d d:/msys64/mingw64/bin/../lib/gcc/arm-none-eabi/12.2.0/thumb/v7-m/nofp\libgcc.a(_arm_addsubdf3.o)
 .ARM.attributes
                0x000000000000050a       0x1d d:/msys64/mingw64/bin/../lib/gcc/arm-none-eabi/12.2.0/thumb/v7-m/nofp\libgcc.a(_arm_cmpdf2.o)
 .ARM.attributes
                0x0000000000000527       0x1d d:/msys64/mingw64/bin/../lib/gcc/arm-none-eabi/12.2.0/thumb/v7-m/nofp\libgcc.a(_arm_truncdfsf2.o)
 .ARM.attributes
                0x0000000000000544       0x1d d:/msys64/mingw64/bin/../lib/gcc/arm-none-eabi/12.2.0/thumb/v7-m/nofp\libgcc.a(_arm_addsubsf3.o)
 .ARM.attributes
                0x0000000000000561       0x1d d:/msys64/mingw64/bin/../lib/gcc/arm-none-eabi/12.2.0/thumb/v7-m/nofp\libgcc.a(_arm_muldivsf3.o)
 .ARM.attributes
                0x000000000000057e       0x1d d:/msys64/mingw64/bin/../lib/gcc/arm-none-eabi/12.2.0/thumb/v7-m/nofp\libgcc.a(_arm_cmpsf2.o)
 .ARM.attributes
                0x000000000000059b       0x1d d:/msys64/mingw64/bin/../lib/gcc/arm-none-eabi/12.2.0/thumb/v7-m/nofp\libgcc.a(_arm_fixsfsi.o)
 .ARM.attributes
                0x00000000000005b8       0x1d d:/msys64/mingw64/bin/../lib/gcc/arm-none-eabi/12.2.0/thumb/v7-m/nofp/crtn.o

.comment        0x0000000000000000       0x12
 .comment       0x0000000000000000       0x12 build/main.o
                                         0x13 (size before relaxing)
 .comment       0x0000000000000012       0x13 build/gpio.o
 .comment       0x0000000000000012       0x13 build/adc.o
 .comment       0x0000000000000012       0x13 build/i2c.o
 .comment       0x0000000000000012       0x13 build/stm32f1xx_it.o
 .comment       0x0000000000000012       0x13 build/stm32f1xx_hal_msp.o
 .comment       0x0000000000000012       0x13 build/stm32f1xx_hal_adc.o
 .comment       0x0000000000000012       0x13 build/stm32f1xx_hal_adc_ex.o
 .comment       0x0000000000000012       0x13 build/stm32f1xx_hal.o
 .comment       0x0000000000000012       0x13 build/stm32f1xx_hal_rcc.o
 .comment       0x0000000000000012       0x13 build/stm32f1xx_hal_rcc_ex.o
 .comment       0x0000000000000012       0x13 build/stm32f1xx_hal_gpio.o
 .comment       0x0000000000000012       0x13 build/stm32f1xx_hal_dma.o
 .comment       0x0000000000000012       0x13 build/stm32f1xx_hal_cortex.o
 .comment       0x0000000000000012       0x13 build/stm32f1xx_hal_i2c.o
 .comment       0x0000000000000012       0x13 build/stm32f1xx_hal_tim.o
 .comment       0x0000000000000012       0x13 build/stm32f1xx_hal_tim_ex.o
 .comment       0x0000000000000012       0x13 build/system_stm32f1xx.o
 .comment       0x0000000000000012       0x13 build/oled.o
 .comment       0x0000000000000012       0x13 build/Battery.o
 .comment       0x0000000000000012       0x13 build/UI.o
 .comment       0x0000000000000012       0x13 build/FSM.o
 .comment       0x0000000000000012       0x13 build/tim.o

.debug_info     0x0000000000000000    0x13270
 .debug_info    0x0000000000000000      0xe15 build/main.o
 .debug_info    0x0000000000000e15      0x52f build/gpio.o
 .debug_info    0x0000000000001344      0x98d build/adc.o
 .debug_info    0x0000000000001cd1      0xc78 build/i2c.o
 .debug_info    0x0000000000002949      0xb97 build/stm32f1xx_it.o
 .debug_info    0x00000000000034e0      0x233 build/stm32f1xx_hal_msp.o
 .debug_info    0x0000000000003713      0xe1d build/stm32f1xx_hal_adc.o
 .debug_info    0x0000000000004530      0xb79 build/stm32f1xx_hal_adc_ex.o
 .debug_info    0x00000000000050a9      0x85a build/stm32f1xx_hal.o
 .debug_info    0x0000000000005903      0x920 build/stm32f1xx_hal_rcc.o
 .debug_info    0x0000000000006223      0x44b build/stm32f1xx_hal_rcc_ex.o
 .debug_info    0x000000000000666e      0x67d build/stm32f1xx_hal_gpio.o
 .debug_info    0x0000000000006ceb      0x7bb build/stm32f1xx_hal_dma.o
 .debug_info    0x00000000000074a6      0xc5b build/stm32f1xx_hal_cortex.o
 .debug_info    0x0000000000008101     0x2974 build/stm32f1xx_hal_i2c.o
 .debug_info    0x000000000000aa75     0x2ef2 build/stm32f1xx_hal_tim.o
 .debug_info    0x000000000000d967     0x175f build/stm32f1xx_hal_tim_ex.o
 .debug_info    0x000000000000f0c6      0x261 build/system_stm32f1xx.o
 .debug_info    0x000000000000f327     0x1047 build/oled.o
 .debug_info    0x000000000001036e      0x9ba build/Battery.o
 .debug_info    0x0000000000010d28      0x6d2 build/UI.o
 .debug_info    0x00000000000113fa      0xbcd build/FSM.o
 .debug_info    0x0000000000011fc7      0xe8b build/tim.o
 .debug_info    0x0000000000012e52       0x30 build/startup_stm32f103xe.o
 .debug_info    0x0000000000012e82       0x3c d:/msys64/mingw64/bin/../lib/gcc/arm-none-eabi/12.2.0/thumb/v7-m/nofp\libgcc.a(_arm_muldf3.o)
 .debug_info    0x0000000000012ebe       0xc0 d:/msys64/mingw64/bin/../lib/gcc/arm-none-eabi/12.2.0/thumb/v7-m/nofp\libgcc.a(_arm_addsubdf3.o)
 .debug_info    0x0000000000012f7e       0xc0 d:/msys64/mingw64/bin/../lib/gcc/arm-none-eabi/12.2.0/thumb/v7-m/nofp\libgcc.a(_arm_cmpdf2.o)
 .debug_info    0x000000000001303e       0x3c d:/msys64/mingw64/bin/../lib/gcc/arm-none-eabi/12.2.0/thumb/v7-m/nofp\libgcc.a(_arm_truncdfsf2.o)
 .debug_info    0x000000000001307a       0xaf d:/msys64/mingw64/bin/../lib/gcc/arm-none-eabi/12.2.0/thumb/v7-m/nofp\libgcc.a(_arm_addsubsf3.o)
 .debug_info    0x0000000000013129       0x52 d:/msys64/mingw64/bin/../lib/gcc/arm-none-eabi/12.2.0/thumb/v7-m/nofp\libgcc.a(_arm_muldivsf3.o)
 .debug_info    0x000000000001317b       0xbc d:/msys64/mingw64/bin/../lib/gcc/arm-none-eabi/12.2.0/thumb/v7-m/nofp\libgcc.a(_arm_cmpsf2.o)
 .debug_info    0x0000000000013237       0x39 d:/msys64/mingw64/bin/../lib/gcc/arm-none-eabi/12.2.0/thumb/v7-m/nofp\libgcc.a(_arm_fixsfsi.o)

.debug_abbrev   0x0000000000000000     0x2ee8
 .debug_abbrev  0x0000000000000000      0x258 build/main.o
 .debug_abbrev  0x0000000000000258      0x151 build/gpio.o
 .debug_abbrev  0x00000000000003a9      0x20b build/adc.o
 .debug_abbrev  0x00000000000005b4      0x22c build/i2c.o
 .debug_abbrev  0x00000000000007e0      0x1b2 build/stm32f1xx_it.o
 .debug_abbrev  0x0000000000000992       0xd3 build/stm32f1xx_hal_msp.o
 .debug_abbrev  0x0000000000000a65      0x20f build/stm32f1xx_hal_adc.o
 .debug_abbrev  0x0000000000000c74      0x233 build/stm32f1xx_hal_adc_ex.o
 .debug_abbrev  0x0000000000000ea7      0x1fa build/stm32f1xx_hal.o
 .debug_abbrev  0x00000000000010a1      0x2a7 build/stm32f1xx_hal_rcc.o
 .debug_abbrev  0x0000000000001348      0x181 build/stm32f1xx_hal_rcc_ex.o
 .debug_abbrev  0x00000000000014c9      0x1ba build/stm32f1xx_hal_gpio.o
 .debug_abbrev  0x0000000000001683      0x1fd build/stm32f1xx_hal_dma.o
 .debug_abbrev  0x0000000000001880      0x2ca build/stm32f1xx_hal_cortex.o
 .debug_abbrev  0x0000000000001b4a      0x287 build/stm32f1xx_hal_i2c.o
 .debug_abbrev  0x0000000000001dd1      0x263 build/stm32f1xx_hal_tim.o
 .debug_abbrev  0x0000000000002034      0x26b build/stm32f1xx_hal_tim_ex.o
 .debug_abbrev  0x000000000000229f      0x13a build/system_stm32f1xx.o
 .debug_abbrev  0x00000000000023d9      0x2a5 build/oled.o
 .debug_abbrev  0x000000000000267e      0x1e0 build/Battery.o
 .debug_abbrev  0x000000000000285e      0x153 build/UI.o
 .debug_abbrev  0x00000000000029b1      0x1e6 build/FSM.o
 .debug_abbrev  0x0000000000002b97      0x22e build/tim.o
 .debug_abbrev  0x0000000000002dc5       0x1d build/startup_stm32f103xe.o
 .debug_abbrev  0x0000000000002de2       0x1f d:/msys64/mingw64/bin/../lib/gcc/arm-none-eabi/12.2.0/thumb/v7-m/nofp\libgcc.a(_arm_muldf3.o)
 .debug_abbrev  0x0000000000002e01       0x21 d:/msys64/mingw64/bin/../lib/gcc/arm-none-eabi/12.2.0/thumb/v7-m/nofp\libgcc.a(_arm_addsubdf3.o)
 .debug_abbrev  0x0000000000002e22       0x21 d:/msys64/mingw64/bin/../lib/gcc/arm-none-eabi/12.2.0/thumb/v7-m/nofp\libgcc.a(_arm_cmpdf2.o)
 .debug_abbrev  0x0000000000002e43       0x21 d:/msys64/mingw64/bin/../lib/gcc/arm-none-eabi/12.2.0/thumb/v7-m/nofp\libgcc.a(_arm_truncdfsf2.o)
 .debug_abbrev  0x0000000000002e64       0x21 d:/msys64/mingw64/bin/../lib/gcc/arm-none-eabi/12.2.0/thumb/v7-m/nofp\libgcc.a(_arm_addsubsf3.o)
 .debug_abbrev  0x0000000000002e85       0x21 d:/msys64/mingw64/bin/../lib/gcc/arm-none-eabi/12.2.0/thumb/v7-m/nofp\libgcc.a(_arm_muldivsf3.o)
 .debug_abbrev  0x0000000000002ea6       0x21 d:/msys64/mingw64/bin/../lib/gcc/arm-none-eabi/12.2.0/thumb/v7-m/nofp\libgcc.a(_arm_cmpsf2.o)
 .debug_abbrev  0x0000000000002ec7       0x21 d:/msys64/mingw64/bin/../lib/gcc/arm-none-eabi/12.2.0/thumb/v7-m/nofp\libgcc.a(_arm_fixsfsi.o)

.debug_loc      0x0000000000000000     0x8cc6
 .debug_loc     0x0000000000000000       0xaa build/main.o
 .debug_loc     0x00000000000000aa       0x50 build/gpio.o
 .debug_loc     0x00000000000000fa      0x140 build/adc.o
 .debug_loc     0x000000000000023a      0x154 build/i2c.o
 .debug_loc     0x000000000000038e      0x2b0 build/stm32f1xx_it.o
 .debug_loc     0x000000000000063e       0x5c build/stm32f1xx_hal_msp.o
 .debug_loc     0x000000000000069a      0x8f4 build/stm32f1xx_hal_adc.o
 .debug_loc     0x0000000000000f8e      0x446 build/stm32f1xx_hal_adc_ex.o
 .debug_loc     0x00000000000013d4      0x698 build/stm32f1xx_hal.o
 .debug_loc     0x0000000000001a6c      0x444 build/stm32f1xx_hal_rcc.o
 .debug_loc     0x0000000000001eb0       0xfc build/stm32f1xx_hal_rcc_ex.o
 .debug_loc     0x0000000000001fac      0x2d4 build/stm32f1xx_hal_gpio.o
 .debug_loc     0x0000000000002280      0x470 build/stm32f1xx_hal_dma.o
 .debug_loc     0x00000000000026f0      0x8f8 build/stm32f1xx_hal_cortex.o
 .debug_loc     0x0000000000002fe8     0x1b52 build/stm32f1xx_hal_i2c.o
 .debug_loc     0x0000000000004b3a     0x27a0 build/stm32f1xx_hal_tim.o
 .debug_loc     0x00000000000072da      0xdc8 build/stm32f1xx_hal_tim_ex.o
 .debug_loc     0x00000000000080a2       0xa0 build/system_stm32f1xx.o
 .debug_loc     0x0000000000008142      0x592 build/oled.o
 .debug_loc     0x00000000000086d4      0x140 build/Battery.o
 .debug_loc     0x0000000000008814      0x184 build/UI.o
 .debug_loc     0x0000000000008998      0x19c build/FSM.o
 .debug_loc     0x0000000000008b34      0x192 build/tim.o

.debug_aranges  0x0000000000000000     0x1130
 .debug_aranges
                0x0000000000000000       0x30 build/main.o
 .debug_aranges
                0x0000000000000030       0x20 build/gpio.o
 .debug_aranges
                0x0000000000000050       0x38 build/adc.o
 .debug_aranges
                0x0000000000000088       0x40 build/i2c.o
 .debug_aranges
                0x00000000000000c8       0x88 build/stm32f1xx_it.o
 .debug_aranges
                0x0000000000000150       0x20 build/stm32f1xx_hal_msp.o
 .debug_aranges
                0x0000000000000170       0xf0 build/stm32f1xx_hal_adc.o
 .debug_aranges
                0x0000000000000260       0x80 build/stm32f1xx_hal_adc_ex.o
 .debug_aranges
                0x00000000000002e0       0xe0 build/stm32f1xx_hal.o
 .debug_aranges
                0x00000000000003c0       0x90 build/stm32f1xx_hal_rcc.o
 .debug_aranges
                0x0000000000000450       0x30 build/stm32f1xx_hal_rcc_ex.o
 .debug_aranges
                0x0000000000000480       0x58 build/stm32f1xx_hal_gpio.o
 .debug_aranges
                0x00000000000004d8       0x80 build/stm32f1xx_hal_dma.o
 .debug_aranges
                0x0000000000000558      0x100 build/stm32f1xx_hal_cortex.o
 .debug_aranges
                0x0000000000000658      0x2a8 build/stm32f1xx_hal_i2c.o
 .debug_aranges
                0x0000000000000900      0x3d0 build/stm32f1xx_hal_tim.o
 .debug_aranges
                0x0000000000000cd0      0x168 build/stm32f1xx_hal_tim_ex.o
 .debug_aranges
                0x0000000000000e38       0x28 build/system_stm32f1xx.o
 .debug_aranges
                0x0000000000000e60       0xb0 build/oled.o
 .debug_aranges
                0x0000000000000f10       0x38 build/Battery.o
 .debug_aranges
                0x0000000000000f48       0x40 build/UI.o
 .debug_aranges
                0x0000000000000f88       0x40 build/FSM.o
 .debug_aranges
                0x0000000000000fc8       0x40 build/tim.o
 .debug_aranges
                0x0000000000001008       0x28 build/startup_stm32f103xe.o
 .debug_aranges
                0x0000000000001030       0x20 d:/msys64/mingw64/bin/../lib/gcc/arm-none-eabi/12.2.0/thumb/v7-m/nofp\libgcc.a(_arm_muldf3.o)
 .debug_aranges
                0x0000000000001050       0x20 d:/msys64/mingw64/bin/../lib/gcc/arm-none-eabi/12.2.0/thumb/v7-m/nofp\libgcc.a(_arm_addsubdf3.o)
 .debug_aranges
                0x0000000000001070       0x20 d:/msys64/mingw64/bin/../lib/gcc/arm-none-eabi/12.2.0/thumb/v7-m/nofp\libgcc.a(_arm_cmpdf2.o)
 .debug_aranges
                0x0000000000001090       0x20 d:/msys64/mingw64/bin/../lib/gcc/arm-none-eabi/12.2.0/thumb/v7-m/nofp\libgcc.a(_arm_truncdfsf2.o)
 .debug_aranges
                0x00000000000010b0       0x20 d:/msys64/mingw64/bin/../lib/gcc/arm-none-eabi/12.2.0/thumb/v7-m/nofp\libgcc.a(_arm_addsubsf3.o)
 .debug_aranges
                0x00000000000010d0       0x20 d:/msys64/mingw64/bin/../lib/gcc/arm-none-eabi/12.2.0/thumb/v7-m/nofp\libgcc.a(_arm_muldivsf3.o)
 .debug_aranges
                0x00000000000010f0       0x20 d:/msys64/mingw64/bin/../lib/gcc/arm-none-eabi/12.2.0/thumb/v7-m/nofp\libgcc.a(_arm_cmpsf2.o)
 .debug_aranges
                0x0000000000001110       0x20 d:/msys64/mingw64/bin/../lib/gcc/arm-none-eabi/12.2.0/thumb/v7-m/nofp\libgcc.a(_arm_fixsfsi.o)

.debug_ranges   0x0000000000000000      0xed0
 .debug_ranges  0x0000000000000000       0x20 build/main.o
 .debug_ranges  0x0000000000000020       0x10 build/gpio.o
 .debug_ranges  0x0000000000000030       0x28 build/adc.o
 .debug_ranges  0x0000000000000058       0x30 build/i2c.o
 .debug_ranges  0x0000000000000088       0x78 build/stm32f1xx_it.o
 .debug_ranges  0x0000000000000100       0x10 build/stm32f1xx_hal_msp.o
 .debug_ranges  0x0000000000000110       0xe0 build/stm32f1xx_hal_adc.o
 .debug_ranges  0x00000000000001f0       0x70 build/stm32f1xx_hal_adc_ex.o
 .debug_ranges  0x0000000000000260       0xd0 build/stm32f1xx_hal.o
 .debug_ranges  0x0000000000000330       0x80 build/stm32f1xx_hal_rcc.o
 .debug_ranges  0x00000000000003b0       0x20 build/stm32f1xx_hal_rcc_ex.o
 .debug_ranges  0x00000000000003d0       0x48 build/stm32f1xx_hal_gpio.o
 .debug_ranges  0x0000000000000418       0x70 build/stm32f1xx_hal_dma.o
 .debug_ranges  0x0000000000000488       0xf0 build/stm32f1xx_hal_cortex.o
 .debug_ranges  0x0000000000000578      0x2b0 build/stm32f1xx_hal_i2c.o
 .debug_ranges  0x0000000000000828      0x3c0 build/stm32f1xx_hal_tim.o
 .debug_ranges  0x0000000000000be8      0x158 build/stm32f1xx_hal_tim_ex.o
 .debug_ranges  0x0000000000000d40       0x18 build/system_stm32f1xx.o
 .debug_ranges  0x0000000000000d58       0xa0 build/oled.o
 .debug_ranges  0x0000000000000df8       0x28 build/Battery.o
 .debug_ranges  0x0000000000000e20       0x30 build/UI.o
 .debug_ranges  0x0000000000000e50       0x30 build/FSM.o
 .debug_ranges  0x0000000000000e80       0x30 build/tim.o
 .debug_ranges  0x0000000000000eb0       0x20 build/startup_stm32f103xe.o

.debug_line     0x0000000000000000     0xecab
 .debug_line    0x0000000000000000      0x2e5 build/main.o
 .debug_line    0x00000000000002e5      0x172 build/gpio.o
 .debug_line    0x0000000000000457      0x380 build/adc.o
 .debug_line    0x00000000000007d7      0x2a8 build/i2c.o
 .debug_line    0x0000000000000a7f      0x2f4 build/stm32f1xx_it.o
 .debug_line    0x0000000000000d73      0x10f build/stm32f1xx_hal_msp.o
 .debug_line    0x0000000000000e82      0xb28 build/stm32f1xx_hal_adc.o
 .debug_line    0x00000000000019aa      0x867 build/stm32f1xx_hal_adc_ex.o
 .debug_line    0x0000000000002211      0x462 build/stm32f1xx_hal.o
 .debug_line    0x0000000000002673      0x885 build/stm32f1xx_hal_rcc.o
 .debug_line    0x0000000000002ef8      0x3b2 build/stm32f1xx_hal_rcc_ex.o
 .debug_line    0x00000000000032aa      0x4d4 build/stm32f1xx_hal_gpio.o
 .debug_line    0x000000000000377e      0xd5f build/stm32f1xx_hal_dma.o
 .debug_line    0x00000000000044dd      0x5e2 build/stm32f1xx_hal_cortex.o
 .debug_line    0x0000000000004abf     0x373a build/stm32f1xx_hal_i2c.o
 .debug_line    0x00000000000081f9     0x3197 build/stm32f1xx_hal_tim.o
 .debug_line    0x000000000000b390     0x1407 build/stm32f1xx_hal_tim_ex.o
 .debug_line    0x000000000000c797      0x1bb build/system_stm32f1xx.o
 .debug_line    0x000000000000c952      0x829 build/oled.o
 .debug_line    0x000000000000d17b      0x790 build/Battery.o
 .debug_line    0x000000000000d90b      0x569 build/UI.o
 .debug_line    0x000000000000de74      0x41f build/FSM.o
 .debug_line    0x000000000000e293      0x301 build/tim.o
 .debug_line    0x000000000000e594       0x75 build/startup_stm32f103xe.o
 .debug_line    0x000000000000e609       0xf5 d:/msys64/mingw64/bin/../lib/gcc/arm-none-eabi/12.2.0/thumb/v7-m/nofp\libgcc.a(_arm_muldf3.o)
 .debug_line    0x000000000000e6fe      0x16f d:/msys64/mingw64/bin/../lib/gcc/arm-none-eabi/12.2.0/thumb/v7-m/nofp\libgcc.a(_arm_addsubdf3.o)
 .debug_line    0x000000000000e86d       0xa6 d:/msys64/mingw64/bin/../lib/gcc/arm-none-eabi/12.2.0/thumb/v7-m/nofp\libgcc.a(_arm_cmpdf2.o)
 .debug_line    0x000000000000e913       0x76 d:/msys64/mingw64/bin/../lib/gcc/arm-none-eabi/12.2.0/thumb/v7-m/nofp\libgcc.a(_arm_truncdfsf2.o)
 .debug_line    0x000000000000e989      0x103 d:/msys64/mingw64/bin/../lib/gcc/arm-none-eabi/12.2.0/thumb/v7-m/nofp\libgcc.a(_arm_addsubsf3.o)
 .debug_line    0x000000000000ea8c      0x123 d:/msys64/mingw64/bin/../lib/gcc/arm-none-eabi/12.2.0/thumb/v7-m/nofp\libgcc.a(_arm_muldivsf3.o)
 .debug_line    0x000000000000ebaf       0x9a d:/msys64/mingw64/bin/../lib/gcc/arm-none-eabi/12.2.0/thumb/v7-m/nofp\libgcc.a(_arm_cmpsf2.o)
 .debug_line    0x000000000000ec49       0x62 d:/msys64/mingw64/bin/../lib/gcc/arm-none-eabi/12.2.0/thumb/v7-m/nofp\libgcc.a(_arm_fixsfsi.o)

.debug_str      0x0000000000000000     0x4b11
 .debug_str     0x0000000000000000      0x9d9 build/main.o
                                        0xa99 (size before relaxing)
 .debug_str     0x00000000000009d9      0x4d3 build/gpio.o
                                        0x644 (size before relaxing)
 .debug_str     0x0000000000000eac      0x18e build/adc.o
                                        0x612 (size before relaxing)
 .debug_str     0x000000000000103a      0x330 build/i2c.o
                                        0xb7b (size before relaxing)
 .debug_str     0x000000000000136a      0x16b build/stm32f1xx_it.o
                                        0xa30 (size before relaxing)
 .debug_str     0x00000000000014d5       0x29 build/stm32f1xx_hal_msp.o
                                        0x1ed (size before relaxing)
 .debug_str     0x00000000000014fe      0x362 build/stm32f1xx_hal_adc.o
                                        0x8a8 (size before relaxing)
 .debug_str     0x0000000000001860      0x28e build/stm32f1xx_hal_adc_ex.o
                                        0x873 (size before relaxing)
 .debug_str     0x0000000000001aee      0x2d9 build/stm32f1xx_hal.o
                                        0x8e0 (size before relaxing)
 .debug_str     0x0000000000001dc7      0x1fe build/stm32f1xx_hal_rcc.o
                                        0x5f9 (size before relaxing)
 .debug_str     0x0000000000001fc5       0x81 build/stm32f1xx_hal_rcc_ex.o
                                        0x3df (size before relaxing)
 .debug_str     0x0000000000002046       0xf0 build/stm32f1xx_hal_gpio.o
                                        0x3ce (size before relaxing)
 .debug_str     0x0000000000002136      0x218 build/stm32f1xx_hal_dma.o
                                        0x5cb (size before relaxing)
 .debug_str     0x000000000000234e      0x391 build/stm32f1xx_hal_cortex.o
                                        0x985 (size before relaxing)
 .debug_str     0x00000000000026df      0x85a build/stm32f1xx_hal_i2c.o
                                        0xf93 (size before relaxing)
 .debug_str     0x0000000000002f39      0xeff build/stm32f1xx_hal_tim.o
                                       0x1653 (size before relaxing)
 .debug_str     0x0000000000003e38      0x55b build/stm32f1xx_hal_tim_ex.o
                                        0xe5f (size before relaxing)
 .debug_str     0x0000000000004393       0x4f build/system_stm32f1xx.o
                                        0x222 (size before relaxing)
 .debug_str     0x00000000000043e2      0x18e build/oled.o
                                        0x80a (size before relaxing)
 .debug_str     0x0000000000004570       0x88 build/Battery.o
                                        0x6b0 (size before relaxing)
 .debug_str     0x00000000000045f8       0x68 build/UI.o
                                        0x3b1 (size before relaxing)
 .debug_str     0x0000000000004660       0x2b build/FSM.o
                                        0x833 (size before relaxing)
 .debug_str     0x000000000000468b       0x46 build/tim.o
                                        0xd3b (size before relaxing)
 .debug_str     0x00000000000046d1       0x30 build/startup_stm32f103xe.o
                                         0x60 (size before relaxing)
 .debug_str     0x0000000000004701       0xbf d:/msys64/mingw64/bin/../lib/gcc/arm-none-eabi/12.2.0/thumb/v7-m/nofp\libgcc.a(_arm_muldf3.o)
                                         0xcb (size before relaxing)
 .debug_str     0x00000000000047c0       0xba d:/msys64/mingw64/bin/../lib/gcc/arm-none-eabi/12.2.0/thumb/v7-m/nofp\libgcc.a(_arm_addsubdf3.o)
                                        0x16f (size before relaxing)
 .debug_str     0x000000000000487a       0xb5 d:/msys64/mingw64/bin/../lib/gcc/arm-none-eabi/12.2.0/thumb/v7-m/nofp\libgcc.a(_arm_cmpdf2.o)
                                        0x16a (size before relaxing)
 .debug_str     0x000000000000492f       0x19 d:/msys64/mingw64/bin/../lib/gcc/arm-none-eabi/12.2.0/thumb/v7-m/nofp\libgcc.a(_arm_truncdfsf2.o)
                                         0xce (size before relaxing)
 .debug_str     0x0000000000004948       0xd1 d:/msys64/mingw64/bin/../lib/gcc/arm-none-eabi/12.2.0/thumb/v7-m/nofp\libgcc.a(_arm_addsubsf3.o)
                                        0x155 (size before relaxing)
 .debug_str     0x0000000000004a19       0x2c d:/msys64/mingw64/bin/../lib/gcc/arm-none-eabi/12.2.0/thumb/v7-m/nofp\libgcc.a(_arm_muldivsf3.o)
                                         0xe1 (size before relaxing)
 .debug_str     0x0000000000004a45       0xb5 d:/msys64/mingw64/bin/../lib/gcc/arm-none-eabi/12.2.0/thumb/v7-m/nofp\libgcc.a(_arm_cmpsf2.o)
                                        0x16a (size before relaxing)
 .debug_str     0x0000000000004afa       0x17 d:/msys64/mingw64/bin/../lib/gcc/arm-none-eabi/12.2.0/thumb/v7-m/nofp\libgcc.a(_arm_fixsfsi.o)
                                         0xcc (size before relaxing)

.debug_frame    0x0000000000000000     0x4534
 .debug_frame   0x0000000000000000       0x68 build/main.o
 .debug_frame   0x0000000000000068       0x34 build/gpio.o
 .debug_frame   0x000000000000009c       0xa0 build/adc.o
 .debug_frame   0x000000000000013c       0xb8 build/i2c.o
 .debug_frame   0x00000000000001f4      0x190 build/stm32f1xx_it.o
 .debug_frame   0x0000000000000384       0x38 build/stm32f1xx_hal_msp.o
 .debug_frame   0x00000000000003bc      0x40c build/stm32f1xx_hal_adc.o
 .debug_frame   0x00000000000007c8      0x200 build/stm32f1xx_hal_adc_ex.o
 .debug_frame   0x00000000000009c8      0x334 build/stm32f1xx_hal.o
 .debug_frame   0x0000000000000cfc      0x218 build/stm32f1xx_hal_rcc.o
 .debug_frame   0x0000000000000f14       0x80 build/stm32f1xx_hal_rcc_ex.o
 .debug_frame   0x0000000000000f94      0x14c build/stm32f1xx_hal_gpio.o
 .debug_frame   0x00000000000010e0      0x20c build/stm32f1xx_hal_dma.o
 .debug_frame   0x00000000000012ec      0x428 build/stm32f1xx_hal_cortex.o
 .debug_frame   0x0000000000001714      0xc84 build/stm32f1xx_hal_i2c.o
 .debug_frame   0x0000000000002398     0x11b8 build/stm32f1xx_hal_tim.o
 .debug_frame   0x0000000000003550      0x638 build/stm32f1xx_hal_tim_ex.o
 .debug_frame   0x0000000000003b88       0x58 build/system_stm32f1xx.o
 .debug_frame   0x0000000000003be0      0x2c4 build/oled.o
 .debug_frame   0x0000000000003ea4       0xa8 build/Battery.o
 .debug_frame   0x0000000000003f4c       0xd0 build/UI.o
 .debug_frame   0x000000000000401c       0xc8 build/FSM.o
 .debug_frame   0x00000000000040e4       0xc4 build/tim.o
 .debug_frame   0x00000000000041a8       0x2c d:/msys64/mingw64/bin/../lib/gcc/arm-none-eabi/12.2.0/../../../../arm-none-eabi/lib/thumb/v7-m/nofp\libc_nano.a(lib_a-init.o)
 .debug_frame   0x00000000000041d4       0x2c d:/msys64/mingw64/bin/../lib/gcc/arm-none-eabi/12.2.0/../../../../arm-none-eabi/lib/thumb/v7-m/nofp\libc_nano.a(lib_a-memset.o)
 .debug_frame   0x0000000000004200       0x30 d:/msys64/mingw64/bin/../lib/gcc/arm-none-eabi/12.2.0/thumb/v7-m/nofp\libgcc.a(_arm_muldf3.o)
 .debug_frame   0x0000000000004230       0xac d:/msys64/mingw64/bin/../lib/gcc/arm-none-eabi/12.2.0/thumb/v7-m/nofp\libgcc.a(_arm_addsubdf3.o)
 .debug_frame   0x00000000000042dc       0xc4 d:/msys64/mingw64/bin/../lib/gcc/arm-none-eabi/12.2.0/thumb/v7-m/nofp\libgcc.a(_arm_cmpdf2.o)
 .debug_frame   0x00000000000043a0       0x24 d:/msys64/mingw64/bin/../lib/gcc/arm-none-eabi/12.2.0/thumb/v7-m/nofp\libgcc.a(_arm_truncdfsf2.o)
 .debug_frame   0x00000000000043c4       0x4c d:/msys64/mingw64/bin/../lib/gcc/arm-none-eabi/12.2.0/thumb/v7-m/nofp\libgcc.a(_arm_addsubsf3.o)
 .debug_frame   0x0000000000004410       0x38 d:/msys64/mingw64/bin/../lib/gcc/arm-none-eabi/12.2.0/thumb/v7-m/nofp\libgcc.a(_arm_muldivsf3.o)
 .debug_frame   0x0000000000004448       0xc8 d:/msys64/mingw64/bin/../lib/gcc/arm-none-eabi/12.2.0/thumb/v7-m/nofp\libgcc.a(_arm_cmpsf2.o)
 .debug_frame   0x0000000000004510       0x24 d:/msys64/mingw64/bin/../lib/gcc/arm-none-eabi/12.2.0/thumb/v7-m/nofp\libgcc.a(_arm_fixsfsi.o)

.debug_line_str
                0x0000000000000000       0xb6
 .debug_line_str
                0x0000000000000000       0xa9 d:/msys64/mingw64/bin/../lib/gcc/arm-none-eabi/12.2.0/thumb/v7-m/nofp\libgcc.a(_arm_muldf3.o)
 .debug_line_str
                0x00000000000000a9       0xa9 d:/msys64/mingw64/bin/../lib/gcc/arm-none-eabi/12.2.0/thumb/v7-m/nofp\libgcc.a(_arm_addsubdf3.o)
 .debug_line_str
                0x00000000000000a9       0xa9 d:/msys64/mingw64/bin/../lib/gcc/arm-none-eabi/12.2.0/thumb/v7-m/nofp\libgcc.a(_arm_cmpdf2.o)
 .debug_line_str
                0x00000000000000a9       0xa9 d:/msys64/mingw64/bin/../lib/gcc/arm-none-eabi/12.2.0/thumb/v7-m/nofp\libgcc.a(_arm_truncdfsf2.o)
 .debug_line_str
                0x00000000000000a9        0xd d:/msys64/mingw64/bin/../lib/gcc/arm-none-eabi/12.2.0/thumb/v7-m/nofp\libgcc.a(_arm_addsubsf3.o)
                                         0xa9 (size before relaxing)
 .debug_line_str
                0x00000000000000b6       0xa9 d:/msys64/mingw64/bin/../lib/gcc/arm-none-eabi/12.2.0/thumb/v7-m/nofp\libgcc.a(_arm_muldivsf3.o)
 .debug_line_str
                0x00000000000000b6       0xa9 d:/msys64/mingw64/bin/../lib/gcc/arm-none-eabi/12.2.0/thumb/v7-m/nofp\libgcc.a(_arm_cmpsf2.o)
 .debug_line_str
                0x00000000000000b6       0xa9 d:/msys64/mingw64/bin/../lib/gcc/arm-none-eabi/12.2.0/thumb/v7-m/nofp\libgcc.a(_arm_fixsfsi.o)

Cross Reference Table

Symbol                                            File
AD1015_Check                                      build/ADS1015.o
ADC1_2_IRQHandler                                 build/startup_stm32f103xe.o
ADC1_value                                        build/Battery.o
ADC2_value                                        build/Battery.o
ADC3_IRQHandler                                   build/startup_stm32f103xe.o
ADC_ConversionStop_Disable                        build/stm32f1xx_hal_adc.o
                                                  build/stm32f1xx_hal_adc_ex.o
ADC_DMAConvCplt                                   build/stm32f1xx_hal_adc.o
                                                  build/stm32f1xx_hal_adc_ex.o
ADC_DMAError                                      build/stm32f1xx_hal_adc.o
                                                  build/stm32f1xx_hal_adc_ex.o
ADC_DMAHalfConvCplt                               build/stm32f1xx_hal_adc.o
                                                  build/stm32f1xx_hal_adc_ex.o
ADC_Enable                                        build/stm32f1xx_hal_adc.o
                                                  build/stm32f1xx_hal_adc_ex.o
ADS1015_CONFIG                                    build/ADS1015.o
ADS1015_Config                                    build/ADS1015.o
ADS1015_Config_Register                           build/ADS1015.o
ADS1015_Read_Data                                 build/ADS1015.o
AHBPrescTable                                     build/system_stm32f1xx.o
                                                  build/stm32f1xx_hal_rcc.o
APBPrescTable                                     build/system_stm32f1xx.o
                                                  build/stm32f1xx_hal_rcc.o
BB_FSM_Refresh                                    build/FSM.o
BB_fsm                                            build/FSM.o
                                                  build/main.o
Battery                                           build/Battery.o
                                                  build/FSM.o
                                                  build/main.o
Battery_Clear                                     build/Battery.o
Battery_Init                                      build/Battery.o
                                                  build/main.o
Battery_ON                                        build/Battery.o
                                                  build/FSM.o
Battery_Refresh                                   build/Battery.o
                                                  build/FSM.o
BusFault_Handler                                  build/stm32f1xx_it.o
CAN1_RX1_IRQHandler                               build/startup_stm32f103xe.o
CAN1_SCE_IRQHandler                               build/startup_stm32f103xe.o
DMA1_Channel1_IRQHandler                          build/startup_stm32f103xe.o
DMA1_Channel2_IRQHandler                          build/startup_stm32f103xe.o
DMA1_Channel3_IRQHandler                          build/startup_stm32f103xe.o
DMA1_Channel4_IRQHandler                          build/startup_stm32f103xe.o
DMA1_Channel5_IRQHandler                          build/startup_stm32f103xe.o
DMA1_Channel6_IRQHandler                          build/startup_stm32f103xe.o
DMA1_Channel7_IRQHandler                          build/startup_stm32f103xe.o
DMA2_Channel1_IRQHandler                          build/startup_stm32f103xe.o
DMA2_Channel2_IRQHandler                          build/startup_stm32f103xe.o
DMA2_Channel3_IRQHandler                          build/startup_stm32f103xe.o
DMA2_Channel4_5_IRQHandler                        build/startup_stm32f103xe.o
DebugMon_Handler                                  build/stm32f1xx_it.o
Default_Handler                                   build/startup_stm32f103xe.o
EXTI0_IRQHandler                                  build/startup_stm32f103xe.o
EXTI15_10_IRQHandler                              build/startup_stm32f103xe.o
EXTI1_IRQHandler                                  build/startup_stm32f103xe.o
EXTI2_IRQHandler                                  build/startup_stm32f103xe.o
EXTI3_IRQHandler                                  build/startup_stm32f103xe.o
EXTI4_IRQHandler                                  build/startup_stm32f103xe.o
EXTI9_5_IRQHandler                                build/stm32f1xx_it.o
Error_Handler                                     build/main.o
                                                  build/tim.o
                                                  build/i2c.o
                                                  build/adc.o
FLASH_IRQHandler                                  build/startup_stm32f103xe.o
FLASH_PageErase                                   build/stm32f1xx_hal_flash_ex.o
                                                  build/stm32f1xx_hal_flash.o
FLASH_WaitForLastOperation                        build/stm32f1xx_hal_flash.o
                                                  build/stm32f1xx_hal_flash_ex.o
FSMC_IRQHandler                                   build/startup_stm32f103xe.o
FSM_Buzzer                                        build/FSM.o
FSM_StateRefresh                                  build/FSM.o
                                                  build/UI.o
                                                  build/main.o
HAL_ADCEx_Calibration_Start                       build/stm32f1xx_hal_adc_ex.o
                                                  build/Battery.o
HAL_ADCEx_InjectedConfigChannel                   build/stm32f1xx_hal_adc_ex.o
HAL_ADCEx_InjectedConvCpltCallback                build/stm32f1xx_hal_adc_ex.o
                                                  build/stm32f1xx_hal_adc.o
HAL_ADCEx_InjectedGetValue                        build/stm32f1xx_hal_adc_ex.o
HAL_ADCEx_InjectedPollForConversion               build/stm32f1xx_hal_adc_ex.o
HAL_ADCEx_InjectedStart                           build/stm32f1xx_hal_adc_ex.o
HAL_ADCEx_InjectedStart_IT                        build/stm32f1xx_hal_adc_ex.o
HAL_ADCEx_InjectedStop                            build/stm32f1xx_hal_adc_ex.o
HAL_ADCEx_InjectedStop_IT                         build/stm32f1xx_hal_adc_ex.o
HAL_ADCEx_MultiModeConfigChannel                  build/stm32f1xx_hal_adc_ex.o
HAL_ADCEx_MultiModeGetValue                       build/stm32f1xx_hal_adc_ex.o
HAL_ADCEx_MultiModeStart_DMA                      build/stm32f1xx_hal_adc_ex.o
HAL_ADCEx_MultiModeStop_DMA                       build/stm32f1xx_hal_adc_ex.o
HAL_ADC_AnalogWDGConfig                           build/stm32f1xx_hal_adc.o
HAL_ADC_ConfigChannel                             build/stm32f1xx_hal_adc.o
                                                  build/adc.o
HAL_ADC_ConvCpltCallback                          build/stm32f1xx_hal_adc.o
HAL_ADC_ConvHalfCpltCallback                      build/stm32f1xx_hal_adc.o
HAL_ADC_DeInit                                    build/stm32f1xx_hal_adc.o
HAL_ADC_ErrorCallback                             build/stm32f1xx_hal_adc.o
HAL_ADC_GetError                                  build/stm32f1xx_hal_adc.o
HAL_ADC_GetState                                  build/stm32f1xx_hal_adc.o
                                                  build/Battery.o
HAL_ADC_GetValue                                  build/stm32f1xx_hal_adc.o
                                                  build/Battery.o
HAL_ADC_IRQHandler                                build/stm32f1xx_hal_adc.o
HAL_ADC_Init                                      build/stm32f1xx_hal_adc.o
                                                  build/adc.o
HAL_ADC_LevelOutOfWindowCallback                  build/stm32f1xx_hal_adc.o
HAL_ADC_MspDeInit                                 build/adc.o
HAL_ADC_MspInit                                   build/adc.o
HAL_ADC_PollForConversion                         build/stm32f1xx_hal_adc.o
                                                  build/Battery.o
HAL_ADC_PollForEvent                              build/stm32f1xx_hal_adc.o
HAL_ADC_Start                                     build/stm32f1xx_hal_adc.o
                                                  build/Battery.o
HAL_ADC_Start_DMA                                 build/stm32f1xx_hal_adc.o
HAL_ADC_Start_IT                                  build/stm32f1xx_hal_adc.o
HAL_ADC_Stop                                      build/stm32f1xx_hal_adc.o
                                                  build/Battery.o
HAL_ADC_Stop_DMA                                  build/stm32f1xx_hal_adc.o
HAL_ADC_Stop_IT                                   build/stm32f1xx_hal_adc.o
HAL_DBGMCU_DisableDBGSleepMode                    build/stm32f1xx_hal.o
HAL_DBGMCU_DisableDBGStandbyMode                  build/stm32f1xx_hal.o
HAL_DBGMCU_DisableDBGStopMode                     build/stm32f1xx_hal.o
HAL_DBGMCU_EnableDBGSleepMode                     build/stm32f1xx_hal.o
HAL_DBGMCU_EnableDBGStandbyMode                   build/stm32f1xx_hal.o
HAL_DBGMCU_EnableDBGStopMode                      build/stm32f1xx_hal.o
HAL_DMA_Abort                                     build/stm32f1xx_hal_dma.o
                                                  build/stm32f1xx_hal_adc_ex.o
                                                  build/stm32f1xx_hal_adc.o
HAL_DMA_Abort_IT                                  build/stm32f1xx_hal_dma.o
                                                  build/stm32f1xx_hal_tim_ex.o
                                                  build/stm32f1xx_hal_tim.o
                                                  build/stm32f1xx_hal_i2c.o
HAL_DMA_DeInit                                    build/stm32f1xx_hal_dma.o
HAL_DMA_GetError                                  build/stm32f1xx_hal_dma.o
HAL_DMA_GetState                                  build/stm32f1xx_hal_dma.o
                                                  build/stm32f1xx_hal_i2c.o
HAL_DMA_IRQHandler                                build/stm32f1xx_hal_dma.o
HAL_DMA_Init                                      build/stm32f1xx_hal_dma.o
HAL_DMA_PollForTransfer                           build/stm32f1xx_hal_dma.o
HAL_DMA_RegisterCallback                          build/stm32f1xx_hal_dma.o
HAL_DMA_Start                                     build/stm32f1xx_hal_dma.o
HAL_DMA_Start_IT                                  build/stm32f1xx_hal_dma.o
                                                  build/stm32f1xx_hal_tim_ex.o
                                                  build/stm32f1xx_hal_tim.o
                                                  build/stm32f1xx_hal_i2c.o
                                                  build/stm32f1xx_hal_adc_ex.o
                                                  build/stm32f1xx_hal_adc.o
HAL_DMA_UnRegisterCallback                        build/stm32f1xx_hal_dma.o
HAL_DeInit                                        build/stm32f1xx_hal.o
HAL_Delay                                         build/stm32f1xx_hal.o
                                                  build/main.o
HAL_EXTI_ClearConfigLine                          build/stm32f1xx_hal_exti.o
HAL_EXTI_ClearPending                             build/stm32f1xx_hal_exti.o
HAL_EXTI_GenerateSWI                              build/stm32f1xx_hal_exti.o
HAL_EXTI_GetConfigLine                            build/stm32f1xx_hal_exti.o
HAL_EXTI_GetHandle                                build/stm32f1xx_hal_exti.o
HAL_EXTI_GetPending                               build/stm32f1xx_hal_exti.o
HAL_EXTI_IRQHandler                               build/stm32f1xx_hal_exti.o
HAL_EXTI_RegisterCallback                         build/stm32f1xx_hal_exti.o
HAL_EXTI_SetConfigLine                            build/stm32f1xx_hal_exti.o
HAL_FLASHEx_Erase                                 build/stm32f1xx_hal_flash_ex.o
HAL_FLASHEx_Erase_IT                              build/stm32f1xx_hal_flash_ex.o
HAL_FLASHEx_OBErase                               build/stm32f1xx_hal_flash_ex.o
HAL_FLASHEx_OBGetConfig                           build/stm32f1xx_hal_flash_ex.o
HAL_FLASHEx_OBGetUserData                         build/stm32f1xx_hal_flash_ex.o
HAL_FLASHEx_OBProgram                             build/stm32f1xx_hal_flash_ex.o
HAL_FLASH_EndOfOperationCallback                  build/stm32f1xx_hal_flash.o
HAL_FLASH_GetError                                build/stm32f1xx_hal_flash.o
HAL_FLASH_IRQHandler                              build/stm32f1xx_hal_flash.o
HAL_FLASH_Lock                                    build/stm32f1xx_hal_flash.o
HAL_FLASH_OB_Launch                               build/stm32f1xx_hal_flash.o
HAL_FLASH_OB_Lock                                 build/stm32f1xx_hal_flash.o
HAL_FLASH_OB_Unlock                               build/stm32f1xx_hal_flash.o
HAL_FLASH_OperationErrorCallback                  build/stm32f1xx_hal_flash.o
HAL_FLASH_Program                                 build/stm32f1xx_hal_flash.o
HAL_FLASH_Program_IT                              build/stm32f1xx_hal_flash.o
HAL_FLASH_Unlock                                  build/stm32f1xx_hal_flash.o
HAL_GPIOEx_ConfigEventout                         build/stm32f1xx_hal_gpio_ex.o
HAL_GPIOEx_DisableEventout                        build/stm32f1xx_hal_gpio_ex.o
HAL_GPIOEx_EnableEventout                         build/stm32f1xx_hal_gpio_ex.o
HAL_GPIO_DeInit                                   build/stm32f1xx_hal_gpio.o
                                                  build/i2c.o
                                                  build/adc.o
HAL_GPIO_EXTI_Callback                            build/FSM.o
                                                  build/stm32f1xx_hal_gpio.o
HAL_GPIO_EXTI_IRQHandler                          build/stm32f1xx_hal_gpio.o
                                                  build/stm32f1xx_it.o
HAL_GPIO_Init                                     build/stm32f1xx_hal_gpio.o
                                                  build/tim.o
                                                  build/stm32f1xx_hal_rcc.o
                                                  build/i2c.o
                                                  build/adc.o
                                                  build/gpio.o
HAL_GPIO_LockPin                                  build/stm32f1xx_hal_gpio.o
HAL_GPIO_ReadPin                                  build/stm32f1xx_hal_gpio.o
HAL_GPIO_TogglePin                                build/stm32f1xx_hal_gpio.o
HAL_GPIO_WritePin                                 build/stm32f1xx_hal_gpio.o
                                                  build/Battery.o
                                                  build/gpio.o
HAL_GetDEVID                                      build/stm32f1xx_hal.o
HAL_GetHalVersion                                 build/stm32f1xx_hal.o
HAL_GetREVID                                      build/stm32f1xx_hal.o
HAL_GetTick                                       build/stm32f1xx_hal.o
                                                  build/stm32f1xx_hal_i2c.o
                                                  build/stm32f1xx_hal_flash.o
                                                  build/stm32f1xx_hal_dma.o
                                                  build/stm32f1xx_hal_rcc_ex.o
                                                  build/stm32f1xx_hal_rcc.o
                                                  build/stm32f1xx_hal_adc_ex.o
                                                  build/stm32f1xx_hal_adc.o
HAL_GetTickFreq                                   build/stm32f1xx_hal.o
HAL_GetTickPrio                                   build/stm32f1xx_hal.o
HAL_GetUIDw0                                      build/stm32f1xx_hal.o
HAL_GetUIDw1                                      build/stm32f1xx_hal.o
HAL_GetUIDw2                                      build/stm32f1xx_hal.o
HAL_I2C_AbortCpltCallback                         build/stm32f1xx_hal_i2c.o
HAL_I2C_AddrCallback                              build/stm32f1xx_hal_i2c.o
HAL_I2C_DeInit                                    build/stm32f1xx_hal_i2c.o
HAL_I2C_DisableListen_IT                          build/stm32f1xx_hal_i2c.o
HAL_I2C_ER_IRQHandler                             build/stm32f1xx_hal_i2c.o
                                                  build/stm32f1xx_it.o
HAL_I2C_EV_IRQHandler                             build/stm32f1xx_hal_i2c.o
                                                  build/stm32f1xx_it.o
HAL_I2C_EnableListen_IT                           build/stm32f1xx_hal_i2c.o
HAL_I2C_ErrorCallback                             build/i2c.o
HAL_I2C_GetError                                  build/stm32f1xx_hal_i2c.o
                                                  build/ADS1015.o
HAL_I2C_GetMode                                   build/stm32f1xx_hal_i2c.o
HAL_I2C_GetState                                  build/stm32f1xx_hal_i2c.o
HAL_I2C_Init                                      build/stm32f1xx_hal_i2c.o
                                                  build/i2c.o
HAL_I2C_IsDeviceReady                             build/stm32f1xx_hal_i2c.o
HAL_I2C_ListenCpltCallback                        build/stm32f1xx_hal_i2c.o
HAL_I2C_MasterRxCpltCallback                      build/stm32f1xx_hal_i2c.o
HAL_I2C_MasterTxCpltCallback                      build/stm32f1xx_hal_i2c.o
HAL_I2C_Master_Abort_IT                           build/stm32f1xx_hal_i2c.o
HAL_I2C_Master_Receive                            build/stm32f1xx_hal_i2c.o
                                                  build/ADS1015.o
HAL_I2C_Master_Receive_DMA                        build/stm32f1xx_hal_i2c.o
HAL_I2C_Master_Receive_IT                         build/stm32f1xx_hal_i2c.o
HAL_I2C_Master_Seq_Receive_DMA                    build/stm32f1xx_hal_i2c.o
HAL_I2C_Master_Seq_Receive_IT                     build/stm32f1xx_hal_i2c.o
HAL_I2C_Master_Seq_Transmit_DMA                   build/stm32f1xx_hal_i2c.o
HAL_I2C_Master_Seq_Transmit_IT                    build/stm32f1xx_hal_i2c.o
HAL_I2C_Master_Transmit                           build/stm32f1xx_hal_i2c.o
                                                  build/ADS1015.o
HAL_I2C_Master_Transmit_DMA                       build/stm32f1xx_hal_i2c.o
HAL_I2C_Master_Transmit_IT                        build/stm32f1xx_hal_i2c.o